Archive member included to satisfy reference by file (symbol)

C:/ST/STM32CubeIDE_1.19.0/STM32CubeIDE/plugins/com.st.stm32cube.ide.mcu.externaltools.gnu-tools-for-stm32.13.3.rel1.win32_1.0.0.202411081344/tools/bin/../lib/gcc/arm-none-eabi/13.3.1/../../../../arm-none-eabi/lib/thumb/v7e-m+fp/hard\libc_nano.a(libc_a-exit.o)
                              C:/ST/STM32CubeIDE_1.19.0/STM32CubeIDE/plugins/com.st.stm32cube.ide.mcu.externaltools.gnu-tools-for-stm32.13.3.rel1.win32_1.0.0.202411081344/tools/bin/../lib/gcc/arm-none-eabi/13.3.1/../../../../arm-none-eabi/lib/thumb/v7e-m+fp/hard/crt0.o (exit)
C:/ST/STM32CubeIDE_1.19.0/STM32CubeIDE/plugins/com.st.stm32cube.ide.mcu.externaltools.gnu-tools-for-stm32.13.3.rel1.win32_1.0.0.202411081344/tools/bin/../lib/gcc/arm-none-eabi/13.3.1/../../../../arm-none-eabi/lib/thumb/v7e-m+fp/hard\libc_nano.a(libc_a-findfp.o)
                              C:/ST/STM32CubeIDE_1.19.0/STM32CubeIDE/plugins/com.st.stm32cube.ide.mcu.externaltools.gnu-tools-for-stm32.13.3.rel1.win32_1.0.0.202411081344/tools/bin/../lib/gcc/arm-none-eabi/13.3.1/../../../../arm-none-eabi/lib/thumb/v7e-m+fp/hard\libc_nano.a(libc_a-exit.o) (__stdio_exit_handler)
C:/ST/STM32CubeIDE_1.19.0/STM32CubeIDE/plugins/com.st.stm32cube.ide.mcu.externaltools.gnu-tools-for-stm32.13.3.rel1.win32_1.0.0.202411081344/tools/bin/../lib/gcc/arm-none-eabi/13.3.1/../../../../arm-none-eabi/lib/thumb/v7e-m+fp/hard\libc_nano.a(libc_a-fwalk.o)
                              C:/ST/STM32CubeIDE_1.19.0/STM32CubeIDE/plugins/com.st.stm32cube.ide.mcu.externaltools.gnu-tools-for-stm32.13.3.rel1.win32_1.0.0.202411081344/tools/bin/../lib/gcc/arm-none-eabi/13.3.1/../../../../arm-none-eabi/lib/thumb/v7e-m+fp/hard\libc_nano.a(libc_a-findfp.o) (_fwalk_sglue)
C:/ST/STM32CubeIDE_1.19.0/STM32CubeIDE/plugins/com.st.stm32cube.ide.mcu.externaltools.gnu-tools-for-stm32.13.3.rel1.win32_1.0.0.202411081344/tools/bin/../lib/gcc/arm-none-eabi/13.3.1/../../../../arm-none-eabi/lib/thumb/v7e-m+fp/hard\libc_nano.a(libc_a-sprintf.o)
                              ./Core/Src/wav_writer.o (sprintf)
C:/ST/STM32CubeIDE_1.19.0/STM32CubeIDE/plugins/com.st.stm32cube.ide.mcu.externaltools.gnu-tools-for-stm32.13.3.rel1.win32_1.0.0.202411081344/tools/bin/../lib/gcc/arm-none-eabi/13.3.1/../../../../arm-none-eabi/lib/thumb/v7e-m+fp/hard\libc_nano.a(libc_a-stdio.o)
                              C:/ST/STM32CubeIDE_1.19.0/STM32CubeIDE/plugins/com.st.stm32cube.ide.mcu.externaltools.gnu-tools-for-stm32.13.3.rel1.win32_1.0.0.202411081344/tools/bin/../lib/gcc/arm-none-eabi/13.3.1/../../../../arm-none-eabi/lib/thumb/v7e-m+fp/hard\libc_nano.a(libc_a-findfp.o) (__sread)
C:/ST/STM32CubeIDE_1.19.0/STM32CubeIDE/plugins/com.st.stm32cube.ide.mcu.externaltools.gnu-tools-for-stm32.13.3.rel1.win32_1.0.0.202411081344/tools/bin/../lib/gcc/arm-none-eabi/13.3.1/../../../../arm-none-eabi/lib/thumb/v7e-m+fp/hard\libc_nano.a(libc_a-memset.o)
                              C:/ST/STM32CubeIDE_1.19.0/STM32CubeIDE/plugins/com.st.stm32cube.ide.mcu.externaltools.gnu-tools-for-stm32.13.3.rel1.win32_1.0.0.202411081344/tools/bin/../lib/gcc/arm-none-eabi/13.3.1/../../../../arm-none-eabi/lib/thumb/v7e-m+fp/hard/crt0.o (memset)
C:/ST/STM32CubeIDE_1.19.0/STM32CubeIDE/plugins/com.st.stm32cube.ide.mcu.externaltools.gnu-tools-for-stm32.13.3.rel1.win32_1.0.0.202411081344/tools/bin/../lib/gcc/arm-none-eabi/13.3.1/../../../../arm-none-eabi/lib/thumb/v7e-m+fp/hard\libc_nano.a(libc_a-closer.o)
                              C:/ST/STM32CubeIDE_1.19.0/STM32CubeIDE/plugins/com.st.stm32cube.ide.mcu.externaltools.gnu-tools-for-stm32.13.3.rel1.win32_1.0.0.202411081344/tools/bin/../lib/gcc/arm-none-eabi/13.3.1/../../../../arm-none-eabi/lib/thumb/v7e-m+fp/hard\libc_nano.a(libc_a-stdio.o) (_close_r)
C:/ST/STM32CubeIDE_1.19.0/STM32CubeIDE/plugins/com.st.stm32cube.ide.mcu.externaltools.gnu-tools-for-stm32.13.3.rel1.win32_1.0.0.202411081344/tools/bin/../lib/gcc/arm-none-eabi/13.3.1/../../../../arm-none-eabi/lib/thumb/v7e-m+fp/hard\libc_nano.a(libc_a-reent.o)
                              C:/ST/STM32CubeIDE_1.19.0/STM32CubeIDE/plugins/com.st.stm32cube.ide.mcu.externaltools.gnu-tools-for-stm32.13.3.rel1.win32_1.0.0.202411081344/tools/bin/../lib/gcc/arm-none-eabi/13.3.1/../../../../arm-none-eabi/lib/thumb/v7e-m+fp/hard\libc_nano.a(libc_a-closer.o) (errno)
C:/ST/STM32CubeIDE_1.19.0/STM32CubeIDE/plugins/com.st.stm32cube.ide.mcu.externaltools.gnu-tools-for-stm32.13.3.rel1.win32_1.0.0.202411081344/tools/bin/../lib/gcc/arm-none-eabi/13.3.1/../../../../arm-none-eabi/lib/thumb/v7e-m+fp/hard\libc_nano.a(libc_a-impure.o)
                              C:/ST/STM32CubeIDE_1.19.0/STM32CubeIDE/plugins/com.st.stm32cube.ide.mcu.externaltools.gnu-tools-for-stm32.13.3.rel1.win32_1.0.0.202411081344/tools/bin/../lib/gcc/arm-none-eabi/13.3.1/../../../../arm-none-eabi/lib/thumb/v7e-m+fp/hard\libc_nano.a(libc_a-sprintf.o) (_impure_ptr)
[...]
Memory Configuration

Name             Origin             Length             Attributes
RAM              0x20000000         0x0000c000         xrw
RAM2             0x10000000         0x00004000         xrw
FLASH            0x08000000         0x00040000         xr
*default*        0x00000000         0xffffffff

Linker script and memory map

LOAD C:/ST/STM32CubeIDE_1.19.0/STM32CubeIDE/plugins/com.st.stm32cube.ide.mcu.externaltools.gnu-tools-for-stm32.13.3.rel1.win32_1.0.0.202411081344/tools/bin/../lib/gcc/arm-none-eabi/13.3.1/thumb/v7e-m+fp/hard/crti.o
LOAD C:/ST/STM32CubeIDE_1.19.0/STM32CubeIDE/plugins/com.st.stm32cube.ide.mcu.externaltools.gnu-tools-for-stm32.13.3.rel1.win32_1.0.0.202411081344/tools/bin/../lib/gcc/arm-none-eabi/13.3.1/thumb/v7e-m+fp/hard/crtbegin.o
LOAD C:/ST/STM32CubeIDE_1.19.0/STM32CubeIDE/plugins/com.st.stm32cube.ide.mcu.externaltools.gnu-tools-for-stm32.13.3.rel1.win32_1.0.0.202411081344/tools/bin/../lib/gcc/arm-none-eabi/13.3.1/../../../../arm-none-eabi/lib/thumb/v7e-m+fp/hard/crt0.o
LOAD ./Core/Src/flash_disk.o
LOAD ./Core/Src/main.o
LOAD ./Core/Src/stm32l4xx_hal_msp.o
LOAD ./Core/Src/stm32l4xx_it.o
LOAD ./Core/Src/storage_manager.o
LOAD ./Core/Src/syscalls.o
LOAD ./Core/Src/sysmem.o
LOAD ./Core/Src/system_stm32l4xx.o
LOAD ./Core/Src/w25q128.o
LOAD ./Core/Src/wav_writer.o
LOAD ./Core/Startup/startup_stm32l432kcux.o
LOAD ./Drivers/STM32L4xx_HAL_Driver/Src/stm32l4xx_hal.o
LOAD ./Drivers/STM32L4xx_HAL_Driver/Src/stm32l4xx_hal_adc.o
LOAD ./Drivers/STM32L4xx_HAL_Driver/Src/stm32l4xx_hal_adc_ex.o
LOAD ./Drivers/STM32L4xx_HAL_Driver/Src/stm32l4xx_hal_cortex.o
LOAD ./Drivers/STM32L4xx_HAL_Driver/Src/stm32l4xx_hal_dma.o
LOAD ./Drivers/STM32L4xx_HAL_Driver/Src/stm32l4xx_hal_dma_ex.o
LOAD ./Drivers/STM32L4xx_HAL_Driver/Src/stm32l4xx_hal_exti.o
LOAD ./Drivers/STM32L4xx_HAL_Driver/Src/stm32l4xx_hal_flash.o
LOAD ./Drivers/STM32L4xx_HAL_Driver/Src/stm32l4xx_hal_flash_ex.o
LOAD ./Drivers/STM32L4xx_HAL_Driver/Src/stm32l4xx_hal_flash_ramfunc.o
LOAD ./Drivers/STM32L4xx_HAL_Driver/Src/stm32l4xx_hal_gpio.o
LOAD ./Drivers/STM32L4xx_HAL_Driver/Src/stm32l4xx_hal_i2c.o
LOAD ./Drivers/STM32L4xx_HAL_Driver/Src/stm32l4xx_hal_i2c_ex.o
LOAD ./Drivers/STM32L4xx_HAL_Driver/Src/stm32l4xx_hal_pcd.o
LOAD ./Drivers/STM32L4xx_HAL_Driver/Src/stm32l4xx_hal_pcd_ex.o
LOAD ./Drivers/STM32L4xx_HAL_Driver/Src/stm32l4xx_hal_pwr.o
LOAD ./Drivers/STM32L4xx_HAL_Driver/Src/stm32l4xx_hal_pwr_ex.o
LOAD ./Drivers/STM32L4xx_HAL_Driver/Src/stm32l4xx_hal_rcc.o
LOAD ./Drivers/STM32L4xx_HAL_Driver/Src/stm32l4xx_hal_rcc_ex.o
LOAD ./Drivers/STM32L4xx_HAL_Driver/Src/stm32l4xx_hal_spi.o
LOAD ./Drivers/STM32L4xx_HAL_Driver/Src/stm32l4xx_hal_spi_ex.o
LOAD ./Drivers/STM32L4xx_HAL_Driver/Src/stm32l4xx_hal_tim.o
LOAD ./Drivers/STM32L4xx_HAL_Driver/Src/stm32l4xx_hal_tim_ex.o
LOAD ./Drivers/STM32L4xx_HAL_Driver/Src/stm32l4xx_ll_usb.o
LOAD ./FATFS/App/fatfs.o
LOAD ./FATFS/Target/user_diskio.o
LOAD ./Middlewares/ST/STM32_USB_Device_Library/Class/MSC/Src/usbd_msc.o
LOAD ./Middlewares/ST/STM32_USB_Device_Library/Class/MSC/Src/usbd_msc_bot.o
LOAD ./Middlewares/ST/STM32_USB_Device_Library/Class/MSC/Src/usbd_msc_data.o
LOAD ./Middlewares/ST/STM32_USB_Device_Library/Class/MSC/Src/usbd_msc_scsi.o
LOAD ./Middlewares/ST/STM32_USB_Device_Library/Core/Src/usbd_core.o
LOAD ./Middlewares/ST/STM32_USB_Device_Library/Core/Src/usbd_ctlreq.o
LOAD ./Middlewares/ST/STM32_USB_Device_Library/Core/Src/usbd_ioreq.o
LOAD ./Middlewares/Third_Party/FatFs/src/diskio.o
LOAD ./Middlewares/Third_Party/FatFs/src/ff.o
LOAD ./Middlewares/Third_Party/FatFs/src/ff_gen_drv.o
LOAD ./Middlewares/Third_Party/FatFs/src/option/syscall.o
LOAD ./USB_DEVICE/App/usb_device.o
LOAD ./USB_DEVICE/App/usbd_desc.o
LOAD ./USB_DEVICE/App/usbd_storage_if.o
LOAD ./USB_DEVICE/Target/usbd_conf.o
START GROUP
LOAD C:/ST/STM32CubeIDE_1.19.0/STM32CubeIDE/plugins/com.st.stm32cube.ide.mcu.externaltools.gnu-tools-for-stm32.13.3.rel1.win32_1.0.0.202411081344/tools/bin/../lib/gcc/arm-none-eabi/13.3.1/../../../../arm-none-eabi/lib/thumb/v7e-m+fp/hard\libc_nano.a
LOAD C:/ST/STM32CubeIDE_1.19.0/STM32CubeIDE/plugins/com.st.stm32cube.ide.mcu.externaltools.gnu-tools-for-stm32.13.3.rel1.win32_1.0.0.202411081344/tools/bin/../lib/gcc/arm-none-eabi/13.3.1/../../../../arm-none-eabi/lib/thumb/v7e-m+fp/hard\libm.a
END GROUP
START GROUP
LOAD C:/ST/STM32CubeIDE_1.19.0/STM32CubeIDE/plugins/com.st.stm32cube.ide.mcu.externaltools.gnu-tools-for-stm32.13.3.rel1.win32_1.0.0.202411081344/tools/bin/../lib/gcc/arm-none-eabi/13.3.1/thumb/v7e-m+fp/hard\libgcc.a
LOAD C:/ST/STM32CubeIDE_1.19.0/STM32CubeIDE/plugins/com.st.stm32cube.ide.mcu.externaltools.gnu-tools-for-stm32.13.3.rel1.win32_1.0.0.202411081344/tools/bin/../lib/gcc/arm-none-eabi/13.3.1/../../../../arm-none-eabi/lib/thumb/v7e-m+fp/hard\libc_nano.a
END GROUP
START GROUP
LOAD C:/ST/STM32CubeIDE_1.19.0/STM32CubeIDE/plugins/com.st.stm32cube.ide.mcu.externaltools.gnu-tools-for-stm32.13.3.rel1.win32_1.0.0.202411081344/tools/bin/../lib/gcc/arm-none-eabi/13.3.1/thumb/v7e-m+fp/hard\libgcc.a
LOAD C:/ST/STM32CubeIDE_1.19.0/STM32CubeIDE/plugins/com.st.stm32cube.ide.mcu.externaltools.gnu-tools-for-stm32.13.3.rel1.win32_1.0.0.202411081344/tools/bin/../lib/gcc/arm-none-eabi/13.3.1/../../../../arm-none-eabi/lib/thumb/v7e-m+fp/hard\libc_nano.a
LOAD C:/ST/STM32CubeIDE_1.19.0/STM32CubeIDE/plugins/com.st.stm32cube.ide.mcu.externaltools.gnu-tools-for-stm32.13.3.rel1.win32_1.0.0.202411081344/tools/bin/../lib/gcc/arm-none-eabi/13.3.1/../../../../arm-none-eabi/lib/thumb/v7e-m+fp/hard\libnosys.a
END GROUP
START GROUP
LOAD C:/ST/STM32CubeIDE_1.19.0/STM32CubeIDE/plugins/com.st.stm32cube.ide.mcu.externaltools.gnu-tools-for-stm32.13.3.rel1.win32_1.0.0.202411081344/tools/bin/../lib/gcc/arm-none-eabi/13.3.1/thumb/v7e-m+fp/hard\libgcc.a
LOAD C:/ST/STM32CubeIDE_1.19.0/STM32CubeIDE/plugins/com.st.stm32cube.ide.mcu.externaltools.gnu-tools-for-stm32.13.3.rel1.win32_1.0.0.202411081344/tools/bin/../lib/gcc/arm-none-eabi/13.3.1/../../../../arm-none-eabi/lib/thumb/v7e-m+fp/hard\libc_nano.a
LOAD C:/ST/STM32CubeIDE_1.19.0/STM32CubeIDE/plugins/com.st.stm32cube.ide.mcu.externaltools.gnu-tools-for-stm32.13.3.rel1.win32_1.0.0.202411081344/tools/bin/../lib/gcc/arm-none-eabi/13.3.1/../../../../arm-none-eabi/lib/thumb/v7e-m+fp/hard\libnosys.a
END GROUP
LOAD C:/ST/STM32CubeIDE_1.19.0/STM32CubeIDE/plugins/com.st.stm32cube.ide.mcu.externaltools.gnu-tools-for-stm32.13.3.rel1.win32_1.0.0.202411081344/tools/bin/../lib/gcc/arm-none-eabi/13.3.1/thumb/v7e-m+fp/hard/crtend.o
LOAD C:/ST/STM32CubeIDE_1.19.0/STM32CubeIDE/plugins/com.st.stm32cube.ide.mcu.externaltools.gnu-tools-for-stm32.13.3.rel1.win32_1.0.0.202411081344/tools/bin/../lib/gcc/arm-none-eabi/13.3.1/thumb/v7e-m+fp/hard/crtn.o
                0x2000c000                        _estack = (ORIGIN (RAM) + LENGTH (RAM))
                0x00000200                        _Min_Heap_Size = 0x200
                0x00000400                        _Min_Stack_Size = 0x400

.isr_vector     0x08000000      0x18c
                0x08000000                        . = ALIGN (0x4)
 *(.isr_vector)
 .isr_vector    0x08000000      0x18c ./Core/Startup/startup_stm32l432kcux.o
                0x08000000                g_pfnVectors
                0x0800018c                        . = ALIGN (0x4)

.text           0x08000190    0x10334
                0x08000190                        . = ALIGN (0x4)
 *(.text)
 .text          0x08000190       0x40 C:/ST/STM32CubeIDE_1.19.0/STM32CubeIDE/plugins/com.st.stm32cube.ide.mcu.externaltools.gnu-tools-for-stm32.13.3.rel1.win32_1.0.0.202411081344/tools/bin/../lib/gcc/arm-none-eabi/13.3.1/thumb/v7e-m+fp/hard/crtbegin.o
 .text          0x080001d0       0xa0 C:/ST/STM32CubeIDE_1.19.0/STM32CubeIDE/plugins/com.st.stm32cube.ide.mcu.externaltools.gnu-tools-for-stm32.13.3.rel1.win32_1.0.0.202411081344/tools/bin/../lib/gcc/arm-none-eabi/13.3.1/../../../../arm-none-eabi/lib/thumb/v7e-m+fp/hard\libc_nano.a(libc_a-memchr.o)
                0x080001d0                memchr
 *(.text*)
 .text.FlashDisk_Init
                0x08000270        0xe ./Core/Src/flash_disk.o
                0x08000270                FlashDisk_Init
 .text.FlashDisk_Read
                0x0800027e       0x3c ./Core/Src/flash_disk.o
                0x0800027e                FlashDisk_Read
 .text.FlashDisk_Write
                0x080002ba       0x4e ./Core/Src/flash_disk.o
                0x080002ba                FlashDisk_Write
 .text.FlashDisk_GetBlockCount
                0x08000308       0x12 ./Core/Src/flash_disk.o
                0x08000308                FlashDisk_GetBlockCount
 .text.FlashDisk_GetBlockSize
                0x0800031a       0x12 ./Core/Src/flash_disk.o
                0x0800031a                FlashDisk_GetBlockSize
 .text.FlashDisk_UpdateEraseSector
                0x0800032c       0x78 ./Core/Src/flash_disk.o
 .text.main     0x080003a4       0x48 ./Core/Src/main.o
                0x080003a4                main
 .text.SystemClock_Config
                0x080003ec       0xa8 ./Core/Src/main.o
                0x080003ec                SystemClock_Config
 .text.MX_ADC1_Init
                0x08000494       0xcc ./Core/Src/main.o
 .text.MX_SPI1_Init
                0x08000560       0x7c ./Core/Src/main.o
 .text.MX_TIM6_Init
                0x080005dc       0x6c ./Core/Src/main.o
 .text.MX_DMA_Init
                0x08000648       0x3c ./Core/Src/main.o
 .text.MX_GPIO_Init
                0x08000684       0x78 ./Core/Src/main.o
 .text.HAL_ADC_ConvHalfCpltCallback
                0x080006fc       0x2c ./Core/Src/main.o
                0x080006fc                HAL_ADC_ConvHalfCpltCallback
 .text.HAL_ADC_ConvCpltCallback
                0x08000728       0x2c ./Core/Src/main.o
                0x08000728                HAL_ADC_ConvCpltCallback
 .text.Error_Handler
                0x08000754        0xc ./Core/Src/main.o
                0x08000754                Error_Handler
 .text.HAL_MspInit
                0x08000760       0x48 ./Core/Src/stm32l4xx_hal_msp.o
                0x08000760                HAL_MspInit
 .text.HAL_ADC_MspInit
                0x080007a8      0x128 ./Core/Src/stm32l4xx_hal_msp.o
                0x080007a8                HAL_ADC_MspInit
 .text.HAL_SPI_MspInit
                0x080008d0       0x84 ./Core/Src/stm32l4xx_hal_msp.o
                0x080008d0                HAL_SPI_MspInit
 .text.HAL_TIM_Base_MspInit
                0x08000954       0x40 ./Core/Src/stm32l4xx_hal_msp.o
                0x08000954                HAL_TIM_Base_MspInit
 .text.NMI_Handler
                0x08000994        0x8 ./Core/Src/stm32l4xx_it.o
                0x08000994                NMI_Handler
 .text.HardFault_Handler
                0x0800099c        0x8 ./Core/Src/stm32l4xx_it.o
                0x0800099c                HardFault_Handler
 .text.MemManage_Handler
                0x080009a4        0x8 ./Core/Src/stm32l4xx_it.o
                0x080009a4                MemManage_Handler
 .text.BusFault_Handler
                0x080009ac        0x8 ./Core/Src/stm32l4xx_it.o
                0x080009ac                BusFault_Handler
 .text.UsageFault_Handler
                0x080009b4        0x8 ./Core/Src/stm32l4xx_it.o
                0x080009b4                UsageFault_Handler
 .text.SVC_Handler
                0x080009bc        0xe ./Core/Src/stm32l4xx_it.o
                0x080009bc                SVC_Handler
 .text.DebugMon_Handler
                0x080009ca        0xe ./Core/Src/stm32l4xx_it.o
                0x080009ca                DebugMon_Handler
 .text.PendSV_Handler
                0x080009d8        0xe ./Core/Src/stm32l4xx_it.o
                0x080009d8                PendSV_Handler
 .text.SysTick_Handler
                0x080009e6        0xc ./Core/Src/stm32l4xx_it.o
                0x080009e6                SysTick_Handler
 *fill*         0x080009f2        0x2 
 .text.DMA1_Channel1_IRQHandler
                0x080009f4       0x14 ./Core/Src/stm32l4xx_it.o
                0x080009f4                DMA1_Channel1_IRQHandler
 .text.USB_IRQHandler
                0x08000a08       0x14 ./Core/Src/stm32l4xx_it.o
                0x08000a08                USB_IRQHandler
 .text.ButtonPressed
                0x08000a1c       0x1e ./Core/Src/storage_manager.o
 *fill*         0x08000a3a        0x2 
 .text.StorageManager_Init
                0x08000a3c       0x18 ./Core/Src/storage_manager.o
                0x08000a3c                StorageManager_Init
 .text.StorageManager_Task
                0x08000a54       0xac ./Core/Src/storage_manager.o
                0x08000a54                StorageManager_Task
 .text.StorageManager_StartRecording
                0x08000b00       0x64 ./Core/Src/storage_manager.o
                0x08000b00                StorageManager_StartRecording
 .text.StorageManager_StopRecording
                0x08000b64       0x2c ./Core/Src/storage_manager.o
                0x08000b64                StorageManager_StopRecording
 .text._sbrk    0x08000b90       0x6c ./Core/Src/sysmem.o
                0x08000b90                _sbrk
 .text.SystemInit
                0x08000bfc       0x24 ./Core/Src/system_stm32l4xx.o
                0x08000bfc                SystemInit
 .text.CS_Low   0x08000c20       0x14 ./Core/Src/w25q128.o
 .text.CS_High  0x08000c34       0x14 ./Core/Src/w25q128.o
 .text.W25Q128_Init
                0x08000c48       0x46 ./Core/Src/w25q128.o
                0x08000c48                W25Q128_Init
 *fill*         0x08000c8e        0x2 
 .text.W25Q128_ReadJEDEC
                0x08000c90       0x5c ./Core/Src/w25q128.o
                0x08000c90                W25Q128_ReadJEDEC
 .text.W25Q128_ReadStatus1
                0x08000cec       0x38 ./Core/Src/w25q128.o
                0x08000cec                W25Q128_ReadStatus1
 .text.W25Q128_WriteEnable
                0x08000d24       0x2c ./Core/Src/w25q128.o
                0x08000d24                W25Q128_WriteEnable
 .text.W25Q128_WaitBusy
                0x08000d50       0x38 ./Core/Src/w25q128.o
                0x08000d50                W25Q128_WaitBusy
 .text.W25Q128_EraseSector4K
                0x08000d88       0x54 ./Core/Src/w25q128.o
                0x08000d88                W25Q128_EraseSector4K
 .text.W25Q128_PageProgram
                0x08000ddc      0x128 ./Core/Src/w25q128.o
                0x08000ddc                W25Q128_PageProgram
 .text.W25Q128_ReadData
                0x08000f04       0x68 ./Core/Src/w25q128.o
                0x08000f04                W25Q128_ReadData
 .text.W25Q128_Write
                0x08000f6c       0x72 ./Core/Src/w25q128.o
                0x08000f6c                W25Q128_Write
 *fill*         0x08000fde        0x2 
 .text.WAV_Create
                0x08000fe0       0xa8 ./Core/Src/wav_writer.o
                0x08000fe0                WAV_Create
 .text.WAV_WriteSamples
                0x08001088       0x78 ./Core/Src/wav_writer.o
                0x08001088                WAV_WriteSamples
 .text.WAV_Close
                0x08001100       0x94 ./Core/Src/wav_writer.o
                0x08001100                WAV_Close
 .text.WAV_CreateNew
                0x08001194       0x58 ./Core/Src/wav_writer.o
                0x08001194                WAV_CreateNew
 .text.Reset_Handler
                0x080011ec       0x50 ./Core/Startup/startup_stm32l432kcux.o
                0x080011ec                Reset_Handler
 .text.Default_Handler
                0x0800123c        0x2 ./Core/Startup/startup_stm32l432kcux.o
                0x0800123c                RTC_Alarm_IRQHandler
                0x0800123c                EXTI2_IRQHandler
                0x0800123c                TIM1_CC_IRQHandler
                0x0800123c                TSC_IRQHandler
                0x0800123c                TAMP_STAMP_IRQHandler
                0x0800123c                EXTI3_IRQHandler
                0x0800123c                LPTIM2_IRQHandler
                0x0800123c                I2C3_ER_IRQHandler
                0x0800123c                EXTI0_IRQHandler
                0x0800123c                CAN1_RX0_IRQHandler
                0x0800123c                FPU_IRQHandler
                0x0800123c                TIM1_UP_TIM16_IRQHandler
                0x0800123c                SPI1_IRQHandler
                0x0800123c                TIM6_DAC_IRQHandler
                0x0800123c                DMA2_Channel2_IRQHandler
                0x0800123c                DMA1_Channel4_IRQHandler
                0x0800123c                ADC1_IRQHandler
                0x0800123c                DMA1_Channel7_IRQHandler
                0x0800123c                CAN1_RX1_IRQHandler
                0x0800123c                DMA2_Channel1_IRQHandler
                0x0800123c                QUADSPI_IRQHandler
                0x0800123c                I2C1_EV_IRQHandler
                0x0800123c                DMA1_Channel6_IRQHandler
                0x0800123c                DMA2_Channel4_IRQHandler
                0x0800123c                RCC_IRQHandler
                0x0800123c                TIM1_TRG_COM_IRQHandler
                0x0800123c                Default_Handler
                0x0800123c                DMA2_Channel7_IRQHandler
                0x0800123c                EXTI15_10_IRQHandler
                0x0800123c                TIM7_IRQHandler
                0x0800123c                I2C3_EV_IRQHandler
                0x0800123c                EXTI9_5_IRQHandler
                0x0800123c                RTC_WKUP_IRQHandler
                0x0800123c                PVD_PVM_IRQHandler
                0x0800123c                CAN1_TX_IRQHandler
                0x0800123c                DMA2_Channel5_IRQHandler
                0x0800123c                CRS_IRQHandler
                0x0800123c                DMA1_Channel5_IRQHandler
                0x0800123c                EXTI4_IRQHandler
                0x0800123c                RNG_IRQHandler
                0x0800123c                DMA1_Channel3_IRQHandler
                0x0800123c                COMP_IRQHandler
                0x0800123c                WWDG_IRQHandler
                0x0800123c                LPUART1_IRQHandler
                0x0800123c                DMA2_Channel6_IRQHandler
                0x0800123c                TIM2_IRQHandler
                0x0800123c                EXTI1_IRQHandler
                0x0800123c                USART2_IRQHandler
                0x0800123c                DMA1_Channel2_IRQHandler
                0x0800123c                CAN1_SCE_IRQHandler
                0x0800123c                FLASH_IRQHandler
                0x0800123c                USART1_IRQHandler
                0x0800123c                SPI3_IRQHandler
                0x0800123c                I2C1_ER_IRQHandler
                0x0800123c                SWPMI1_IRQHandler
                0x0800123c                LPTIM1_IRQHandler
                0x0800123c                SAI1_IRQHandler
                0x0800123c                DMA2_Channel3_IRQHandler
                0x0800123c                TIM1_BRK_TIM15_IRQHandler
 .text.HAL_Init
                0x0800123e       0x30 ./Drivers/STM32L4xx_HAL_Driver/Src/stm32l4xx_hal.o
                0x0800123e                HAL_Init
 *fill*         0x0800126e        0x2 
 .text.HAL_InitTick
                0x08001270       0x78 ./Drivers/STM32L4xx_HAL_Driver/Src/stm32l4xx_hal.o
                0x08001270                HAL_InitTick
 .text.HAL_IncTick
                0x080012e8       0x28 ./Drivers/STM32L4xx_HAL_Driver/Src/stm32l4xx_hal.o
                0x080012e8                HAL_IncTick
 .text.HAL_GetTick
                0x08001310       0x18 ./Drivers/STM32L4xx_HAL_Driver/Src/stm32l4xx_hal.o
                0x08001310                HAL_GetTick
 .text.LL_ADC_SetCommonClock
                0x08001328       0x26 ./Drivers/STM32L4xx_HAL_Driver/Src/stm32l4xx_hal_adc.o
 .text.LL_ADC_SetCommonPathInternalCh
                0x0800134e       0x26 ./Drivers/STM32L4xx_HAL_Driver/Src/stm32l4xx_hal_adc.o
 .text.LL_ADC_GetCommonPathInternalCh
                0x08001374       0x1c ./Drivers/STM32L4xx_HAL_Driver/Src/stm32l4xx_hal_adc.o
 .text.LL_ADC_SetOffset
                0x08001390       0x48 ./Drivers/STM32L4xx_HAL_Driver/Src/stm32l4xx_hal_adc.o
 .text.LL_ADC_GetOffsetChannel
                0x080013d8       0x2c ./Drivers/STM32L4xx_HAL_Driver/Src/stm32l4xx_hal_adc.o
 .text.LL_ADC_SetOffsetState
                0x08001404       0x36 ./Drivers/STM32L4xx_HAL_Driver/Src/stm32l4xx_hal_adc.o
 .text.LL_ADC_REG_IsTriggerSourceSWStart
                0x0800143a       0x26 ./Drivers/STM32L4xx_HAL_Driver/Src/stm32l4xx_hal_adc.o
 .text.LL_ADC_REG_SetSequencerRanks
                0x08001460       0x58 ./Drivers/STM32L4xx_HAL_Driver/Src/stm32l4xx_hal_adc.o
 .text.LL_ADC_SetChannelSamplingTime
                0x080014b8       0x56 ./Drivers/STM32L4xx_HAL_Driver/Src/stm32l4xx_hal_adc.o
 *fill*         0x0800150e        0x2 
 .text.LL_ADC_SetChannelSingleDiff
                0x08001510       0x48 ./Drivers/STM32L4xx_HAL_Driver/Src/stm32l4xx_hal_adc.o
 .text.LL_ADC_DisableDeepPowerDown
                0x08001558       0x24 ./Drivers/STM32L4xx_HAL_Driver/Src/stm32l4xx_hal_adc.o
 .text.LL_ADC_IsDeepPowerDownEnabled
                0x0800157c       0x28 ./Drivers/STM32L4xx_HAL_Driver/Src/stm32l4xx_hal_adc.o
 .text.LL_ADC_EnableInternalRegulator
                0x080015a4       0x28 ./Drivers/STM32L4xx_HAL_Driver/Src/stm32l4xx_hal_adc.o
 .text.LL_ADC_IsInternalRegulatorEnabled
                0x080015cc       0x28 ./Drivers/STM32L4xx_HAL_Driver/Src/stm32l4xx_hal_adc.o
 .text.LL_ADC_Enable
                0x080015f4       0x28 ./Drivers/STM32L4xx_HAL_Driver/Src/stm32l4xx_hal_adc.o
 .text.LL_ADC_Disable
                0x0800161c       0x28 ./Drivers/STM32L4xx_HAL_Driver/Src/stm32l4xx_hal_adc.o
 .text.LL_ADC_IsEnabled
                0x08001644       0x26 ./Drivers/STM32L4xx_HAL_Driver/Src/stm32l4xx_hal_adc.o
 .text.LL_ADC_IsDisableOngoing
                0x0800166a       0x26 ./Drivers/STM32L4xx_HAL_Driver/Src/stm32l4xx_hal_adc.o
 .text.LL_ADC_REG_StartConversion
                0x08001690       0x28 ./Drivers/STM32L4xx_HAL_Driver/Src/stm32l4xx_hal_adc.o
 .text.LL_ADC_REG_StopConversion
                0x080016b8       0x28 ./Drivers/STM32L4xx_HAL_Driver/Src/stm32l4xx_hal_adc.o
 .text.LL_ADC_REG_IsConversionOngoing
                0x080016e0       0x26 ./Drivers/STM32L4xx_HAL_Driver/Src/stm32l4xx_hal_adc.o
 .text.LL_ADC_INJ_StopConversion
                0x08001706       0x28 ./Drivers/STM32L4xx_HAL_Driver/Src/stm32l4xx_hal_adc.o
 .text.LL_ADC_INJ_IsConversionOngoing
                0x0800172e       0x26 ./Drivers/STM32L4xx_HAL_Driver/Src/stm32l4xx_hal_adc.o
 .text.HAL_ADC_Init
                0x08001754      0x284 ./Drivers/STM32L4xx_HAL_Driver/Src/stm32l4xx_hal_adc.o
                0x08001754                HAL_ADC_Init
 .text.HAL_ADC_Start_DMA
                0x080019d8      0x108 ./Drivers/STM32L4xx_HAL_Driver/Src/stm32l4xx_hal_adc.o
                0x080019d8                HAL_ADC_Start_DMA
 .text.HAL_ADC_Stop_DMA
                0x08001ae0       0xc2 ./Drivers/STM32L4xx_HAL_Driver/Src/stm32l4xx_hal_adc.o
                0x08001ae0                HAL_ADC_Stop_DMA
 .text.HAL_ADC_ErrorCallback
                0x08001ba2       0x14 ./Drivers/STM32L4xx_HAL_Driver/Src/stm32l4xx_hal_adc.o
                0x08001ba2                HAL_ADC_ErrorCallback
 *fill*         0x08001bb6        0x2 
 .text.HAL_ADC_ConfigChannel
                0x08001bb8      0x7c4 ./Drivers/STM32L4xx_HAL_Driver/Src/stm32l4xx_hal_adc.o
                0x08001bb8                HAL_ADC_ConfigChannel
 .text.ADC_ConversionStop
                0x0800237c      0x178 ./Drivers/STM32L4xx_HAL_Driver/Src/stm32l4xx_hal_adc.o
                0x0800237c                ADC_ConversionStop
 .text.ADC_Enable
                0x080024f4      0x10c ./Drivers/STM32L4xx_HAL_Driver/Src/stm32l4xx_hal_adc.o
                0x080024f4                ADC_Enable
 .text.ADC_Disable
                0x08002600       0xbe ./Drivers/STM32L4xx_HAL_Driver/Src/stm32l4xx_hal_adc.o
                0x08002600                ADC_Disable
 .text.ADC_DMAConvCplt
                0x080026be       0xd8 ./Drivers/STM32L4xx_HAL_Driver/Src/stm32l4xx_hal_adc.o
                0x080026be                ADC_DMAConvCplt
 .text.ADC_DMAHalfConvCplt
                0x08002796       0x1c ./Drivers/STM32L4xx_HAL_Driver/Src/stm32l4xx_hal_adc.o
                0x08002796                ADC_DMAHalfConvCplt
 .text.ADC_DMAError
                0x080027b2       0x34 ./Drivers/STM32L4xx_HAL_Driver/Src/stm32l4xx_hal_adc.o
                0x080027b2                ADC_DMAError
 *fill*         0x080027e6        0x2 
 .text.__NVIC_SetPriorityGrouping
                0x080027e8       0x48 ./Drivers/STM32L4xx_HAL_Driver/Src/stm32l4xx_hal_cortex.o
 .text.__NVIC_GetPriorityGrouping
                0x08002830       0x1c ./Drivers/STM32L4xx_HAL_Driver/Src/stm32l4xx_hal_cortex.o
 .text.__NVIC_EnableIRQ
                0x0800284c       0x3c ./Drivers/STM32L4xx_HAL_Driver/Src/stm32l4xx_hal_cortex.o
 .text.__NVIC_SetPriority
                0x08002888       0x54 ./Drivers/STM32L4xx_HAL_Driver/Src/stm32l4xx_hal_cortex.o
 .text.NVIC_EncodePriority
                0x080028dc       0x66 ./Drivers/STM32L4xx_HAL_Driver/Src/stm32l4xx_hal_cortex.o
 *fill*         0x08002942        0x2 
 .text.SysTick_Config
                0x08002944       0x44 ./Drivers/STM32L4xx_HAL_Driver/Src/stm32l4xx_hal_cortex.o
 .text.HAL_NVIC_SetPriorityGrouping
                0x08002988       0x16 ./Drivers/STM32L4xx_HAL_Driver/Src/stm32l4xx_hal_cortex.o
                0x08002988                HAL_NVIC_SetPriorityGrouping
 .text.HAL_NVIC_SetPriority
                0x0800299e       0x38 ./Drivers/STM32L4xx_HAL_Driver/Src/stm32l4xx_hal_cortex.o
                0x0800299e                HAL_NVIC_SetPriority
 .text.HAL_NVIC_EnableIRQ
                0x080029d6       0x1c ./Drivers/STM32L4xx_HAL_Driver/Src/stm32l4xx_hal_cortex.o
                0x080029d6                HAL_NVIC_EnableIRQ
 .text.HAL_SYSTICK_Config
                0x080029f2       0x18 ./Drivers/STM32L4xx_HAL_Driver/Src/stm32l4xx_hal_cortex.o
                0x080029f2                HAL_SYSTICK_Config
 *fill*         0x08002a0a        0x2 
 .text.HAL_DMA_Init
                0x08002a0c      0x170 ./Drivers/STM32L4xx_HAL_Driver/Src/stm32l4xx_hal_dma.o
                0x08002a0c                HAL_DMA_Init
 .text.HAL_DMA_Start_IT
                0x08002b7c       0xc6 ./Drivers/STM32L4xx_HAL_Driver/Src/stm32l4xx_hal_dma.o
                0x08002b7c                HAL_DMA_Start_IT
 .text.HAL_DMA_Abort
                0x08002c42       0x82 ./Drivers/STM32L4xx_HAL_Driver/Src/stm32l4xx_hal_dma.o
                0x08002c42                HAL_DMA_Abort
 .text.HAL_DMA_IRQHandler
                0x08002cc4      0x18c ./Drivers/STM32L4xx_HAL_Driver/Src/stm32l4xx_hal_dma.o
                0x08002cc4                HAL_DMA_IRQHandler
 .text.DMA_SetConfig
                0x08002e50       0x60 ./Drivers/STM32L4xx_HAL_Driver/Src/stm32l4xx_hal_dma.o
 .text.HAL_GPIO_Init
                0x08002eb0      0x2d4 ./Drivers/STM32L4xx_HAL_Driver/Src/stm32l4xx_hal_gpio.o
                0x08002eb0                HAL_GPIO_Init
 .text.HAL_GPIO_ReadPin
                0x08003184       0x30 ./Drivers/STM32L4xx_HAL_Driver/Src/stm32l4xx_hal_gpio.o
                0x08003184                HAL_GPIO_ReadPin
 .text.HAL_GPIO_WritePin
                0x080031b4       0x30 ./Drivers/STM32L4xx_HAL_Driver/Src/stm32l4xx_hal_gpio.o
                0x080031b4                HAL_GPIO_WritePin
 .text.HAL_PCD_Init
                0x080031e4      0x1fa ./Drivers/STM32L4xx_HAL_Driver/Src/stm32l4xx_hal_pcd.o
                0x080031e4                HAL_PCD_Init
 .text.HAL_PCD_Start
                0x080033de       0x44 ./Drivers/STM32L4xx_HAL_Driver/Src/stm32l4xx_hal_pcd.o
                0x080033de                HAL_PCD_Start
 .text.HAL_PCD_IRQHandler
                0x08003422      0x24e ./Drivers/STM32L4xx_HAL_Driver/Src/stm32l4xx_hal_pcd.o
                0x08003422                HAL_PCD_IRQHandler
 .text.HAL_PCD_SetAddress
                0x08003670       0x48 ./Drivers/STM32L4xx_HAL_Driver/Src/stm32l4xx_hal_pcd.o
                0x08003670                HAL_PCD_SetAddress
 .text.HAL_PCD_EP_Open
                0x080036b8       0xbe ./Drivers/STM32L4xx_HAL_Driver/Src/stm32l4xx_hal_pcd.o
                0x080036b8                HAL_PCD_EP_Open
 .text.HAL_PCD_EP_Close
                0x08003776       0x90 ./Drivers/STM32L4xx_HAL_Driver/Src/stm32l4xx_hal_pcd.o
                0x08003776                HAL_PCD_EP_Close
 .text.HAL_PCD_EP_Receive
                0x08003806       0x62 ./Drivers/STM32L4xx_HAL_Driver/Src/stm32l4xx_hal_pcd.o
                0x08003806                HAL_PCD_EP_Receive
 .text.HAL_PCD_EP_GetRxCount
                0x08003868       0x30 ./Drivers/STM32L4xx_HAL_Driver/Src/stm32l4xx_hal_pcd.o
                0x08003868                HAL_PCD_EP_GetRxCount
 .text.HAL_PCD_EP_Transmit
                0x08003898       0x6e ./Drivers/STM32L4xx_HAL_Driver/Src/stm32l4xx_hal_pcd.o
                0x08003898                HAL_PCD_EP_Transmit
 .text.HAL_PCD_EP_SetStall
                0x08003906       0xc0 ./Drivers/STM32L4xx_HAL_Driver/Src/stm32l4xx_hal_pcd.o
                0x08003906                HAL_PCD_EP_SetStall
 .text.HAL_PCD_EP_ClrStall
                0x080039c6       0xa8 ./Drivers/STM32L4xx_HAL_Driver/Src/stm32l4xx_hal_pcd.o
                0x080039c6                HAL_PCD_EP_ClrStall
 .text.HAL_PCD_EP_Flush
                0x08003a6e       0x5a ./Drivers/STM32L4xx_HAL_Driver/Src/stm32l4xx_hal_pcd.o
                0x08003a6e                HAL_PCD_EP_Flush
 .text.PCD_EP_ISR_Handler
                0x08003ac8      0x710 ./Drivers/STM32L4xx_HAL_Driver/Src/stm32l4xx_hal_pcd.o
 .text.HAL_PCD_EP_DB_Receive
                0x080041d8      0x212 ./Drivers/STM32L4xx_HAL_Driver/Src/stm32l4xx_hal_pcd.o
 .text.HAL_PCD_EP_DB_Transmit
                0x080043ea      0x878 ./Drivers/STM32L4xx_HAL_Driver/Src/stm32l4xx_hal_pcd.o
 .text.HAL_PCDEx_PMAConfig
                0x08004c62       0x86 ./Drivers/STM32L4xx_HAL_Driver/Src/stm32l4xx_hal_pcd_ex.o
                0x08004c62                HAL_PCDEx_PMAConfig
 .text.HAL_PCDEx_ActivateLPM
                0x08004ce8       0x54 ./Drivers/STM32L4xx_HAL_Driver/Src/stm32l4xx_hal_pcd_ex.o
                0x08004ce8                HAL_PCDEx_ActivateLPM
 .text.HAL_PWREx_GetVoltageRange
                0x08004d3c       0x1c ./Drivers/STM32L4xx_HAL_Driver/Src/stm32l4xx_hal_pwr_ex.o
                0x08004d3c                HAL_PWREx_GetVoltageRange
 .text.HAL_PWREx_ControlVoltageScaling
                0x08004d58       0xac ./Drivers/STM32L4xx_HAL_Driver/Src/stm32l4xx_hal_pwr_ex.o
                0x08004d58                HAL_PWREx_ControlVoltageScaling
 .text.HAL_PWREx_EnableVddUSB
                0x08004e04       0x20 ./Drivers/STM32L4xx_HAL_Driver/Src/stm32l4xx_hal_pwr_ex.o
                0x08004e04                HAL_PWREx_EnableVddUSB
 .text.HAL_RCC_OscConfig
                0x08004e24      0x828 ./Drivers/STM32L4xx_HAL_Driver/Src/stm32l4xx_hal_rcc.o
                0x08004e24                HAL_RCC_OscConfig
 .text.HAL_RCC_ClockConfig
                0x0800564c      0x200 ./Drivers/STM32L4xx_HAL_Driver/Src/stm32l4xx_hal_rcc.o
                0x0800564c                HAL_RCC_ClockConfig
 .text.HAL_RCC_GetSysClockFreq
                0x0800584c      0x118 ./Drivers/STM32L4xx_HAL_Driver/Src/stm32l4xx_hal_rcc.o
                0x0800584c                HAL_RCC_GetSysClockFreq
 .text.RCC_SetFlashLatencyFromMSIRange
                0x08005964       0xc0 ./Drivers/STM32L4xx_HAL_Driver/Src/stm32l4xx_hal_rcc.o
 .text.HAL_RCCEx_PeriphCLKConfig
                0x08005a24      0x3ec ./Drivers/STM32L4xx_HAL_Driver/Src/stm32l4xx_hal_rcc_ex.o
                0x08005a24                HAL_RCCEx_PeriphCLKConfig
 .text.RCCEx_PLLSAI1_Config
                0x08005e10      0x1e4 ./Drivers/STM32L4xx_HAL_Driver/Src/stm32l4xx_hal_rcc_ex.o
 .text.HAL_SPI_Init
                0x08005ff4      0x146 ./Drivers/STM32L4xx_HAL_Driver/Src/stm32l4xx_hal_spi.o
                0x08005ff4                HAL_SPI_Init
 .text.HAL_SPI_Transmit
                0x0800613a      0x2ec ./Drivers/STM32L4xx_HAL_Driver/Src/stm32l4xx_hal_spi.o
                0x0800613a                HAL_SPI_Transmit
 .text.HAL_SPI_Receive
                0x08006426      0x270 ./Drivers/STM32L4xx_HAL_Driver/Src/stm32l4xx_hal_spi.o
                0x08006426                HAL_SPI_Receive
 .text.HAL_SPI_TransmitReceive
                0x08006696      0x43e ./Drivers/STM32L4xx_HAL_Driver/Src/stm32l4xx_hal_spi.o
                0x08006696                HAL_SPI_TransmitReceive
 .text.SPI_WaitFlagStateUntilTimeout
                0x08006ad4      0x110 ./Drivers/STM32L4xx_HAL_Driver/Src/stm32l4xx_hal_spi.o
 .text.SPI_WaitFifoStateUntilTimeout
                0x08006be4      0x12c ./Drivers/STM32L4xx_HAL_Driver/Src/stm32l4xx_hal_spi.o
 .text.SPI_EndRxTransaction
                0x08006d10       0xb0 ./Drivers/STM32L4xx_HAL_Driver/Src/stm32l4xx_hal_spi.o
 .text.SPI_EndRxTxTransaction
                0x08006dc0       0x8c ./Drivers/STM32L4xx_HAL_Driver/Src/stm32l4xx_hal_spi.o
 .text.HAL_TIM_Base_Init
                0x08006e4c       0xae ./Drivers/STM32L4xx_HAL_Driver/Src/stm32l4xx_hal_tim.o
                0x08006e4c                HAL_TIM_Base_Init
 *fill*         0x08006efa        0x2 
 .text.HAL_TIM_Base_Start
                0x08006efc       0x98 ./Drivers/STM32L4xx_HAL_Driver/Src/stm32l4xx_hal_tim.o
                0x08006efc                HAL_TIM_Base_Start
 .text.HAL_TIM_Base_Stop
                0x08006f94       0x50 ./Drivers/STM32L4xx_HAL_Driver/Src/stm32l4xx_hal_tim.o
                0x08006f94                HAL_TIM_Base_Stop
 .text.TIM_Base_SetConfig
                0x08006fe4       0xd4 ./Drivers/STM32L4xx_HAL_Driver/Src/stm32l4xx_hal_tim.o
                0x08006fe4                TIM_Base_SetConfig
 .text.HAL_TIMEx_MasterConfigSynchronization
                0x080070b8       0xcc ./Drivers/STM32L4xx_HAL_Driver/Src/stm32l4xx_hal_tim_ex.o
                0x080070b8                HAL_TIMEx_MasterConfigSynchronization
 .text.USB_CoreInit
                0x08007184       0x1c ./Drivers/STM32L4xx_HAL_Driver/Src/stm32l4xx_ll_usb.o
                0x08007184                USB_CoreInit
 .text.USB_EnableGlobalInt
                0x080071a0       0x2e ./Drivers/STM32L4xx_HAL_Driver/Src/stm32l4xx_ll_usb.o
                0x080071a0                USB_EnableGlobalInt
 .text.USB_DisableGlobalInt
                0x080071ce       0x36 ./Drivers/STM32L4xx_HAL_Driver/Src/stm32l4xx_ll_usb.o
                0x080071ce                USB_DisableGlobalInt
 .text.USB_SetCurrentMode
                0x08007204       0x1a ./Drivers/STM32L4xx_HAL_Driver/Src/stm32l4xx_ll_usb.o
                0x08007204                USB_SetCurrentMode
 .text.USB_DevInit
                0x0800721e       0x3c ./Drivers/STM32L4xx_HAL_Driver/Src/stm32l4xx_ll_usb.o
                0x0800721e                USB_DevInit
 .text.USB_FlushTxFifo
                0x0800725a       0x18 ./Drivers/STM32L4xx_HAL_Driver/Src/stm32l4xx_ll_usb.o
                0x0800725a                USB_FlushTxFifo
 .text.USB_FlushRxFifo
                0x08007272       0x16 ./Drivers/STM32L4xx_HAL_Driver/Src/stm32l4xx_ll_usb.o
                0x08007272                USB_FlushRxFifo
 .text.USB_ActivateEndpoint
                0x08007288      0x9d0 ./Drivers/STM32L4xx_HAL_Driver/Src/stm32l4xx_ll_usb.o
                0x08007288                USB_ActivateEndpoint
 .text.USB_DeactivateEndpoint
                0x08007c58      0x3da ./Drivers/STM32L4xx_HAL_Driver/Src/stm32l4xx_ll_usb.o
                0x08007c58                USB_DeactivateEndpoint
 .text.USB_EPStartXfer
                0x08008032      0xb5e ./Drivers/STM32L4xx_HAL_Driver/Src/stm32l4xx_ll_usb.o
                0x08008032                USB_EPStartXfer
 .text.USB_EPSetStall
                0x08008b90       0xa2 ./Drivers/STM32L4xx_HAL_Driver/Src/stm32l4xx_ll_usb.o
                0x08008b90                USB_EPSetStall
 .text.USB_EPClearStall
                0x08008c32      0x152 ./Drivers/STM32L4xx_HAL_Driver/Src/stm32l4xx_ll_usb.o
                0x08008c32                USB_EPClearStall
 .text.USB_SetDevAddress
                0x08008d84       0x28 ./Drivers/STM32L4xx_HAL_Driver/Src/stm32l4xx_ll_usb.o
                0x08008d84                USB_SetDevAddress
 .text.USB_DevConnect
                0x08008dac       0x2e ./Drivers/STM32L4xx_HAL_Driver/Src/stm32l4xx_ll_usb.o
                0x08008dac                USB_DevConnect
 .text.USB_DevDisconnect
                0x08008dda       0x2a ./Drivers/STM32L4xx_HAL_Driver/Src/stm32l4xx_ll_usb.o
                0x08008dda                USB_DevDisconnect
 .text.USB_ReadInterrupts
                0x08008e04       0x20 ./Drivers/STM32L4xx_HAL_Driver/Src/stm32l4xx_ll_usb.o
                0x08008e04                USB_ReadInterrupts
 .text.USB_EP0_OutStart
                0x08008e24       0x18 ./Drivers/STM32L4xx_HAL_Driver/Src/stm32l4xx_ll_usb.o
                0x08008e24                USB_EP0_OutStart
 .text.USB_WritePMA
                0x08008e3c       0x86 ./Drivers/STM32L4xx_HAL_Driver/Src/stm32l4xx_ll_usb.o
                0x08008e3c                USB_WritePMA
 .text.USB_ReadPMA
                0x08008ec2       0x98 ./Drivers/STM32L4xx_HAL_Driver/Src/stm32l4xx_ll_usb.o
                0x08008ec2                USB_ReadPMA
 *fill*         0x08008f5a        0x2 
 .text.MX_FATFS_Init
                0x08008f5c       0x24 ./FATFS/App/fatfs.o
                0x08008f5c                MX_FATFS_Init
 .text.get_fattime
                0x08008f80       0x10 ./FATFS/App/fatfs.o
                0x08008f80                get_fattime
 .text.USER_initialize
                0x08008f90       0x34 ./FATFS/Target/user_diskio.o
                0x08008f90                USER_initialize
 .text.USER_status
                0x08008fc4       0x20 ./FATFS/Target/user_diskio.o
                0x08008fc4                USER_status
 .text.USER_read
                0x08008fe4       0x52 ./FATFS/Target/user_diskio.o
                0x08008fe4                USER_read
 .text.USER_write
                0x08009036       0x52 ./FATFS/Target/user_diskio.o
                0x08009036                USER_write
 .text.USER_ioctl
                0x08009088       0x58 ./FATFS/Target/user_diskio.o
                0x08009088                USER_ioctl
 .text.USBD_MSC_Init
                0x080090e0      0x120 ./Middlewares/ST/STM32_USB_Device_Library/Class/MSC/Src/usbd_msc.o
                0x080090e0                USBD_MSC_Init
 .text.USBD_MSC_DeInit
                0x08009200       0xb0 ./Middlewares/ST/STM32_USB_Device_Library/Class/MSC/Src/usbd_msc.o
                0x08009200                USBD_MSC_DeInit
 .text.USBD_MSC_Setup
                0x080092b0      0x200 ./Middlewares/ST/STM32_USB_Device_Library/Class/MSC/Src/usbd_msc.o
                0x080092b0                USBD_MSC_Setup
 .text.USBD_MSC_DataIn
                0x080094b0       0x20 ./Middlewares/ST/STM32_USB_Device_Library/Class/MSC/Src/usbd_msc.o
                0x080094b0                USBD_MSC_DataIn
 .text.USBD_MSC_DataOut
                0x080094d0       0x20 ./Middlewares/ST/STM32_USB_Device_Library/Class/MSC/Src/usbd_msc.o
                0x080094d0                USBD_MSC_DataOut
 .text.USBD_MSC_GetHSCfgDesc
                0x080094f0       0x58 ./Middlewares/ST/STM32_USB_Device_Library/Class/MSC/Src/usbd_msc.o
                0x080094f0                USBD_MSC_GetHSCfgDesc
 .text.USBD_MSC_GetFSCfgDesc
                0x08009548       0x58 ./Middlewares/ST/STM32_USB_Device_Library/Class/MSC/Src/usbd_msc.o
                0x08009548                USBD_MSC_GetFSCfgDesc
 .text.USBD_MSC_GetOtherSpeedCfgDesc
                0x080095a0       0x58 ./Middlewares/ST/STM32_USB_Device_Library/Class/MSC/Src/usbd_msc.o
                0x080095a0                USBD_MSC_GetOtherSpeedCfgDesc
 .text.USBD_MSC_GetDeviceQualifierDescriptor
                0x080095f8       0x20 ./Middlewares/ST/STM32_USB_Device_Library/Class/MSC/Src/usbd_msc.o
                0x080095f8                USBD_MSC_GetDeviceQualifierDescriptor
 .text.USBD_MSC_RegisterStorage
                0x08009618       0x34 ./Middlewares/ST/STM32_USB_Device_Library/Class/MSC/Src/usbd_msc.o
                0x08009618                USBD_MSC_RegisterStorage
 .text.MSC_BOT_Init
                0x0800964c       0x94 ./Middlewares/ST/STM32_USB_Device_Library/Class/MSC/Src/usbd_msc_bot.o
                0x0800964c                MSC_BOT_Init
 .text.MSC_BOT_Reset
                0x080096e0       0x68 ./Middlewares/ST/STM32_USB_Device_Library/Class/MSC/Src/usbd_msc_bot.o
                0x080096e0                MSC_BOT_Reset
 .text.MSC_BOT_DeInit
                0x08009748       0x30 ./Middlewares/ST/STM32_USB_Device_Library/Class/MSC/Src/usbd_msc_bot.o
                0x08009748                MSC_BOT_DeInit
 .text.MSC_BOT_DataIn
                0x08009778       0x74 ./Middlewares/ST/STM32_USB_Device_Library/Class/MSC/Src/usbd_msc_bot.o
                0x08009778                MSC_BOT_DataIn
 .text.MSC_BOT_DataOut
                0x080097ec       0x68 ./Middlewares/ST/STM32_USB_Device_Library/Class/MSC/Src/usbd_msc_bot.o
                0x080097ec                MSC_BOT_DataOut
 .text.MSC_BOT_CBW_Decode
                0x08009854      0x12c ./Middlewares/ST/STM32_USB_Device_Library/Class/MSC/Src/usbd_msc_bot.o
 .text.MSC_BOT_SendData
                0x08009980       0x6c ./Middlewares/ST/STM32_USB_Device_Library/Class/MSC/Src/usbd_msc_bot.o
 .text.MSC_BOT_SendCSW
                0x080099ec       0x74 ./Middlewares/ST/STM32_USB_Device_Library/Class/MSC/Src/usbd_msc_bot.o
                0x080099ec                MSC_BOT_SendCSW
 .text.MSC_BOT_Abort
                0x08009a60       0x84 ./Middlewares/ST/STM32_USB_Device_Library/Class/MSC/Src/usbd_msc_bot.o
 .text.MSC_BOT_CplClrFeature
                0x08009ae4       0x74 ./Middlewares/ST/STM32_USB_Device_Library/Class/MSC/Src/usbd_msc_bot.o
                0x08009ae4                MSC_BOT_CplClrFeature
 .text.SCSI_ProcessCmd
                0x08009b58      0x354 ./Middlewares/ST/STM32_USB_Device_Library/Class/MSC/Src/usbd_msc_scsi.o
                0x08009b58                SCSI_ProcessCmd
 .text.SCSI_TestUnitReady
                0x08009eac       0xb2 ./Middlewares/ST/STM32_USB_Device_Library/Class/MSC/Src/usbd_msc_scsi.o
 *fill*         0x08009f5e        0x2 
 .text.SCSI_Inquiry
                0x08009f60       0xf8 ./Middlewares/ST/STM32_USB_Device_Library/Class/MSC/Src/usbd_msc_scsi.o
 .text.SCSI_ReadCapacity10
                0x0800a058       0xf4 ./Middlewares/ST/STM32_USB_Device_Library/Class/MSC/Src/usbd_msc_scsi.o
 .text.SCSI_ReadCapacity16
                0x0800a14c      0x160 ./Middlewares/ST/STM32_USB_Device_Library/Class/MSC/Src/usbd_msc_scsi.o
 .text.SCSI_ReadFormatCapacity
                0x0800a2ac       0xf6 ./Middlewares/ST/STM32_USB_Device_Library/Class/MSC/Src/usbd_msc_scsi.o
 *fill*         0x0800a3a2        0x2 
 .text.SCSI_ModeSense6
                0x0800a3a4       0xa0 ./Middlewares/ST/STM32_USB_Device_Library/Class/MSC/Src/usbd_msc_scsi.o
 .text.SCSI_ModeSense10
                0x0800a444       0x9c ./Middlewares/ST/STM32_USB_Device_Library/Class/MSC/Src/usbd_msc_scsi.o
 .text.SCSI_RequestSense
                0x0800a4e0      0x106 ./Middlewares/ST/STM32_USB_Device_Library/Class/MSC/Src/usbd_msc_scsi.o
 .text.SCSI_SenseCode
                0x0800a5e6       0x96 ./Middlewares/ST/STM32_USB_Device_Library/Class/MSC/Src/usbd_msc_scsi.o
                0x0800a5e6                SCSI_SenseCode
 .text.SCSI_StartStopUnit
                0x0800a67c       0xaa ./Middlewares/ST/STM32_USB_Device_Library/Class/MSC/Src/usbd_msc_scsi.o
 .text.SCSI_AllowPreventRemovable
                0x0800a726       0x5a ./Middlewares/ST/STM32_USB_Device_Library/Class/MSC/Src/usbd_msc_scsi.o
 .text.SCSI_Read10
                0x0800a780      0x154 ./Middlewares/ST/STM32_USB_Device_Library/Class/MSC/Src/usbd_msc_scsi.o
 .text.SCSI_Read12
                0x0800a8d4      0x16a ./Middlewares/ST/STM32_USB_Device_Library/Class/MSC/Src/usbd_msc_scsi.o
 *fill*         0x0800aa3e        0x2 
 .text.SCSI_Write10
                0x0800aa40      0x1b0 ./Middlewares/ST/STM32_USB_Device_Library/Class/MSC/Src/usbd_msc_scsi.o
 .text.SCSI_Write12
                0x0800abf0      0x1d0 ./Middlewares/ST/STM32_USB_Device_Library/Class/MSC/Src/usbd_msc_scsi.o
 .text.SCSI_Verify10
                0x0800adc0       0x84 ./Middlewares/ST/STM32_USB_Device_Library/Class/MSC/Src/usbd_msc_scsi.o
 .text.SCSI_ReportLuns
                0x0800ae44       0xa8 ./Middlewares/ST/STM32_USB_Device_Library/Class/MSC/Src/usbd_msc_scsi.o
 .text.SCSI_ReceiveDiagnosticResults
                0x0800aeec       0x68 ./Middlewares/ST/STM32_USB_Device_Library/Class/MSC/Src/usbd_msc_scsi.o
 .text.SCSI_CheckAddressRange
                0x0800af54       0x64 ./Middlewares/ST/STM32_USB_Device_Library/Class/MSC/Src/usbd_msc_scsi.o
 .text.SCSI_ProcessRead
                0x0800afb8      0x104 ./Middlewares/ST/STM32_USB_Device_Library/Class/MSC/Src/usbd_msc_scsi.o
 .text.SCSI_ProcessWrite
                0x0800b0bc      0x120 ./Middlewares/ST/STM32_USB_Device_Library/Class/MSC/Src/usbd_msc_scsi.o
 .text.SCSI_UpdateBotData
                0x0800b1dc       0x52 ./Middlewares/ST/STM32_USB_Device_Library/Class/MSC/Src/usbd_msc_scsi.o
 .text.USBD_Init
                0x0800b22e       0x60 ./Middlewares/ST/STM32_USB_Device_Library/Core/Src/usbd_core.o
                0x0800b22e                USBD_Init
 .text.USBD_RegisterClass
                0x0800b28e       0x6c ./Middlewares/ST/STM32_USB_Device_Library/Core/Src/usbd_core.o
                0x0800b28e                USBD_RegisterClass
 .text.USBD_Start
                0x0800b2fa       0x18 ./Middlewares/ST/STM32_USB_Device_Library/Core/Src/usbd_core.o
                0x0800b2fa                USBD_Start
 .text.USBD_RunTestMode
                0x0800b312       0x16 ./Middlewares/ST/STM32_USB_Device_Library/Core/Src/usbd_core.o
                0x0800b312                USBD_RunTestMode
 .text.USBD_SetClassConfig
                0x0800b328       0x38 ./Middlewares/ST/STM32_USB_Device_Library/Core/Src/usbd_core.o
                0x0800b328                USBD_SetClassConfig
 .text.USBD_ClrClassConfig
                0x0800b360       0x34 ./Middlewares/ST/STM32_USB_Device_Library/Core/Src/usbd_core.o
                0x0800b360                USBD_ClrClassConfig
 .text.USBD_LL_SetupStage
                0x0800b394       0xaa ./Middlewares/ST/STM32_USB_Device_Library/Core/Src/usbd_core.o
                0x0800b394                USBD_LL_SetupStage
 .text.USBD_LL_DataOutStage
                0x0800b43e      0x178 ./Middlewares/ST/STM32_USB_Device_Library/Core/Src/usbd_core.o
                0x0800b43e                USBD_LL_DataOutStage
 .text.USBD_LL_DataInStage
                0x0800b5b6      0x176 ./Middlewares/ST/STM32_USB_Device_Library/Core/Src/usbd_core.o
                0x0800b5b6                USBD_LL_DataInStage
 .text.USBD_LL_Reset
                0x0800b72c       0xa6 ./Middlewares/ST/STM32_USB_Device_Library/Core/Src/usbd_core.o
                0x0800b72c                USBD_LL_Reset
 .text.USBD_LL_SetSpeed
                0x0800b7d2       0x20 ./Middlewares/ST/STM32_USB_Device_Library/Core/Src/usbd_core.o
                0x0800b7d2                USBD_LL_SetSpeed
 .text.USBD_LL_Suspend
                0x0800b7f2       0x38 ./Middlewares/ST/STM32_USB_Device_Library/Core/Src/usbd_core.o
                0x0800b7f2                USBD_LL_Suspend
 .text.USBD_LL_Resume
                0x0800b82a       0x30 ./Middlewares/ST/STM32_USB_Device_Library/Core/Src/usbd_core.o
                0x0800b82a                USBD_LL_Resume
 .text.USBD_LL_SOF
                0x0800b85a       0x40 ./Middlewares/ST/STM32_USB_Device_Library/Core/Src/usbd_core.o
                0x0800b85a                USBD_LL_SOF
 .text.USBD_CoreFindIF
                0x0800b89a       0x1a ./Middlewares/ST/STM32_USB_Device_Library/Core/Src/usbd_core.o
                0x0800b89a                USBD_CoreFindIF
 .text.USBD_CoreFindEP
                0x0800b8b4       0x1a ./Middlewares/ST/STM32_USB_Device_Library/Core/Src/usbd_core.o
                0x0800b8b4                USBD_CoreFindEP
 .text.USBD_GetEpDesc
                0x0800b8ce       0x70 ./Middlewares/ST/STM32_USB_Device_Library/Core/Src/usbd_core.o
                0x0800b8ce                USBD_GetEpDesc
 .text.USBD_GetNextDesc
                0x0800b93e       0x38 ./Middlewares/ST/STM32_USB_Device_Library/Core/Src/usbd_core.o
                0x0800b93e                USBD_GetNextDesc
 .text.SWAPBYTE
                0x0800b976       0x3e ./Middlewares/ST/STM32_USB_Device_Library/Core/Src/usbd_ctlreq.o
 .text.USBD_StdDevReq
                0x0800b9b4       0xe4 ./Middlewares/ST/STM32_USB_Device_Library/Core/Src/usbd_ctlreq.o
                0x0800b9b4                USBD_StdDevReq
 .text.USBD_StdItfReq
                0x0800ba98       0xd8 ./Middlewares/ST/STM32_USB_Device_Library/Core/Src/usbd_ctlreq.o
                0x0800ba98                USBD_StdItfReq
 .text.USBD_StdEPReq
                0x0800bb70      0x33e ./Middlewares/ST/STM32_USB_Device_Library/Core/Src/usbd_ctlreq.o
                0x0800bb70                USBD_StdEPReq
 *fill*         0x0800beae        0x2 
 .text.USBD_GetDescriptor
                0x0800beb0      0x328 ./Middlewares/ST/STM32_USB_Device_Library/Core/Src/usbd_ctlreq.o
 .text.USBD_SetAddress
                0x0800c1d8       0x88 ./Middlewares/ST/STM32_USB_Device_Library/Core/Src/usbd_ctlreq.o
 .text.USBD_SetConfig
                0x0800c260      0x154 ./Middlewares/ST/STM32_USB_Device_Library/Core/Src/usbd_ctlreq.o
 .text.USBD_GetConfig
                0x0800c3b4       0x6c ./Middlewares/ST/STM32_USB_Device_Library/Core/Src/usbd_ctlreq.o
 .text.USBD_GetStatus
                0x0800c420       0x68 ./Middlewares/ST/STM32_USB_Device_Library/Core/Src/usbd_ctlreq.o
 .text.USBD_SetFeature
                0x0800c488       0x52 ./Middlewares/ST/STM32_USB_Device_Library/Core/Src/usbd_ctlreq.o
 .text.USBD_ClrFeature
                0x0800c4da       0x44 ./Middlewares/ST/STM32_USB_Device_Library/Core/Src/usbd_ctlreq.o
 .text.USBD_ParseSetupRequest
                0x0800c51e       0x74 ./Middlewares/ST/STM32_USB_Device_Library/Core/Src/usbd_ctlreq.o
                0x0800c51e                USBD_ParseSetupRequest
 .text.USBD_CtlError
                0x0800c592       0x22 ./Middlewares/ST/STM32_USB_Device_Library/Core/Src/usbd_ctlreq.o
                0x0800c592                USBD_CtlError
 .text.USBD_GetString
                0x0800c5b4       0xa4 ./Middlewares/ST/STM32_USB_Device_Library/Core/Src/usbd_ctlreq.o
                0x0800c5b4                USBD_GetString
 .text.USBD_GetLen
                0x0800c658       0x34 ./Middlewares/ST/STM32_USB_Device_Library/Core/Src/usbd_ctlreq.o
 .text.USBD_CtlSendData
                0x0800c68c       0x3c ./Middlewares/ST/STM32_USB_Device_Library/Core/Src/usbd_ioreq.o
                0x0800c68c                USBD_CtlSendData
 .text.USBD_CtlContinueSendData
                0x0800c6c8       0x22 ./Middlewares/ST/STM32_USB_Device_Library/Core/Src/usbd_ioreq.o
                0x0800c6c8                USBD_CtlContinueSendData
 .text.USBD_CtlContinueRx
                0x0800c6ea       0x22 ./Middlewares/ST/STM32_USB_Device_Library/Core/Src/usbd_ioreq.o
                0x0800c6ea                USBD_CtlContinueRx
 .text.USBD_CtlSendStatus
                0x0800c70c       0x26 ./Middlewares/ST/STM32_USB_Device_Library/Core/Src/usbd_ioreq.o
                0x0800c70c                USBD_CtlSendStatus
 .text.USBD_CtlReceiveStatus
                0x0800c732       0x26 ./Middlewares/ST/STM32_USB_Device_Library/Core/Src/usbd_ioreq.o
                0x0800c732                USBD_CtlReceiveStatus
 .text.disk_status
                0x0800c758       0x34 ./Middlewares/Third_Party/FatFs/src/diskio.o
                0x0800c758                disk_status
 .text.disk_initialize
                0x0800c78c       0x4c ./Middlewares/Third_Party/FatFs/src/diskio.o
                0x0800c78c                disk_initialize
 .text.disk_read
                0x0800c7d8       0x40 ./Middlewares/Third_Party/FatFs/src/diskio.o
                0x0800c7d8                disk_read
 .text.disk_write
                0x0800c818       0x40 ./Middlewares/Third_Party/FatFs/src/diskio.o
                0x0800c818                disk_write
 .text.disk_ioctl
                0x0800c858       0x3c ./Middlewares/Third_Party/FatFs/src/diskio.o
                0x0800c858                disk_ioctl
 .text.ld_word  0x0800c894       0x32 ./Middlewares/Third_Party/FatFs/src/ff.o
 .text.ld_dword
                0x0800c8c6       0x46 ./Middlewares/Third_Party/FatFs/src/ff.o
 .text.st_word  0x0800c90c       0x36 ./Middlewares/Third_Party/FatFs/src/ff.o
 .text.st_dword
                0x0800c942       0x58 ./Middlewares/Third_Party/FatFs/src/ff.o
 .text.mem_cpy  0x0800c99a       0x42 ./Middlewares/Third_Party/FatFs/src/ff.o
 .text.mem_set  0x0800c9dc       0x36 ./Middlewares/Third_Party/FatFs/src/ff.o
 .text.mem_cmp  0x0800ca12       0x4e ./Middlewares/Third_Party/FatFs/src/ff.o
 .text.chk_chr  0x0800ca60       0x36 ./Middlewares/Third_Party/FatFs/src/ff.o
 *fill*         0x0800ca96        0x2 
 .text.chk_lock
                0x0800ca98       0xb8 ./Middlewares/Third_Party/FatFs/src/ff.o
 .text.enq_lock
                0x0800cb50       0x44 ./Middlewares/Third_Party/FatFs/src/ff.o
 .text.inc_lock
                0x0800cb94      0x11c ./Middlewares/Third_Party/FatFs/src/ff.o
 .text.dec_lock
                0x0800ccb0       0x78 ./Middlewares/Third_Party/FatFs/src/ff.o
 .text.clear_lock
                0x0800cd28       0x48 ./Middlewares/Third_Party/FatFs/src/ff.o
 .text.sync_window
                0x0800cd70       0x88 ./Middlewares/Third_Party/FatFs/src/ff.o
 .text.move_window
                0x0800cdf8       0x5a ./Middlewares/Third_Party/FatFs/src/ff.o
 *fill*         0x0800ce52        0x2 
 .text.sync_fs  0x0800ce54       0xdc ./Middlewares/Third_Party/FatFs/src/ff.o
 .text.clust2sect
                0x0800cf30       0x3e ./Middlewares/Third_Party/FatFs/src/ff.o
 .text.get_fat  0x0800cf6e      0x14e ./Middlewares/Third_Party/FatFs/src/ff.o
 .text.put_fat  0x0800d0bc      0x1d4 ./Middlewares/Third_Party/FatFs/src/ff.o
 .text.remove_chain
                0x0800d290       0xca ./Middlewares/Third_Party/FatFs/src/ff.o
 .text.create_chain
                0x0800d35a      0x130 ./Middlewares/Third_Party/FatFs/src/ff.o
 .text.clmt_clust
                0x0800d48a       0x68 ./Middlewares/Third_Party/FatFs/src/ff.o
 .text.dir_sdi  0x0800d4f2       0xf6 ./Middlewares/Third_Party/FatFs/src/ff.o
 .text.dir_next
                0x0800d5e8      0x18a ./Middlewares/Third_Party/FatFs/src/ff.o
 .text.dir_alloc
                0x0800d772       0x8e ./Middlewares/Third_Party/FatFs/src/ff.o
 .text.ld_clust
                0x0800d800       0x3e ./Middlewares/Third_Party/FatFs/src/ff.o
 .text.st_clust
                0x0800d83e       0x40 ./Middlewares/Third_Party/FatFs/src/ff.o
 .text.dir_find
                0x0800d87e       0xaa ./Middlewares/Third_Party/FatFs/src/ff.o
 .text.dir_register
                0x0800d928       0x64 ./Middlewares/Third_Party/FatFs/src/ff.o
 .text.get_fileinfo
                0x0800d98c       0xc0 ./Middlewares/Third_Party/FatFs/src/ff.o
 .text.create_name
                0x0800da4c      0x128 ./Middlewares/Third_Party/FatFs/src/ff.o
 .text.follow_path
                0x0800db74       0xe2 ./Middlewares/Third_Party/FatFs/src/ff.o
 .text.get_ldnumber
                0x0800dc56       0x88 ./Middlewares/Third_Party/FatFs/src/ff.o
 *fill*         0x0800dcde        0x2 
 .text.check_fs
                0x0800dce0       0xac ./Middlewares/Third_Party/FatFs/src/ff.o
 .text.find_volume
                0x0800dd8c      0x498 ./Middlewares/Third_Party/FatFs/src/ff.o
 .text.validate
                0x0800e224       0x6a ./Middlewares/Third_Party/FatFs/src/ff.o
 *fill*         0x0800e28e        0x2 
 .text.f_mount  0x0800e290       0x8c ./Middlewares/Third_Party/FatFs/src/ff.o
                0x0800e290                f_mount
 .text.f_open   0x0800e31c      0x374 ./Middlewares/Third_Party/FatFs/src/ff.o
                0x0800e31c                f_open
 .text.f_write  0x0800e690      0x2ea ./Middlewares/Third_Party/FatFs/src/ff.o
                0x0800e690                f_write
 .text.f_sync   0x0800e97a       0xfc ./Middlewares/Third_Party/FatFs/src/ff.o
                0x0800e97a                f_sync
 .text.f_close  0x0800ea76       0x54 ./Middlewares/Third_Party/FatFs/src/ff.o
                0x0800ea76                f_close
 .text.f_lseek  0x0800eaca      0x412 ./Middlewares/Third_Party/FatFs/src/ff.o
                0x0800eaca                f_lseek
 .text.f_stat   0x0800eedc       0x72 ./Middlewares/Third_Party/FatFs/src/ff.o
                0x0800eedc                f_stat
 *fill*         0x0800ef4e        0x2 
 .text.FATFS_LinkDriverEx
                0x0800ef50       0x98 ./Middlewares/Third_Party/FatFs/src/ff_gen_drv.o
                0x0800ef50                FATFS_LinkDriverEx
 .text.FATFS_LinkDriver
                0x0800efe8       0x1e ./Middlewares/Third_Party/FatFs/src/ff_gen_drv.o
                0x0800efe8                FATFS_LinkDriver
 *fill*         0x0800f006        0x2 
 .text.MX_USB_DEVICE_Init
                0x0800f008       0x60 ./USB_DEVICE/App/usb_device.o
                0x0800f008                MX_USB_DEVICE_Init
 .text.USBD_FS_DeviceDescriptor
                0x0800f068       0x24 ./USB_DEVICE/App/usbd_desc.o
                0x0800f068                USBD_FS_DeviceDescriptor
 .text.USBD_FS_LangIDStrDescriptor
                0x0800f08c       0x24 ./USB_DEVICE/App/usbd_desc.o
                0x0800f08c                USBD_FS_LangIDStrDescriptor
 .text.USBD_FS_ProductStrDescriptor
                0x0800f0b0       0x3c ./USB_DEVICE/App/usbd_desc.o
                0x0800f0b0                USBD_FS_ProductStrDescriptor
 .text.USBD_FS_ManufacturerStrDescriptor
                0x0800f0ec       0x28 ./USB_DEVICE/App/usbd_desc.o
                0x0800f0ec                USBD_FS_ManufacturerStrDescriptor
 .text.USBD_FS_SerialStrDescriptor
                0x0800f114       0x24 ./USB_DEVICE/App/usbd_desc.o
                0x0800f114                USBD_FS_SerialStrDescriptor
 .text.USBD_FS_ConfigStrDescriptor
                0x0800f138       0x3c ./USB_DEVICE/App/usbd_desc.o
                0x0800f138                USBD_FS_ConfigStrDescriptor
 .text.USBD_FS_InterfaceStrDescriptor
                0x0800f174       0x3c ./USB_DEVICE/App/usbd_desc.o
                0x0800f174                USBD_FS_InterfaceStrDescriptor
 .text.USBD_FS_USR_BOSDescriptor
                0x0800f1b0       0x24 ./USB_DEVICE/App/usbd_desc.o
                0x0800f1b0                USBD_FS_USR_BOSDescriptor
 .text.Get_SerialNum
                0x0800f1d4       0x58 ./USB_DEVICE/App/usbd_desc.o
 .text.IntToUnicode
                0x0800f22c       0x7e ./USB_DEVICE/App/usbd_desc.o
 .text.STORAGE_Init_FS
                0x0800f2aa       0x24 ./USB_DEVICE/App/usbd_storage_if.o
 .text.STORAGE_GetCapacity_FS
                0x0800f2ce       0x2e ./USB_DEVICE/App/usbd_storage_if.o
 .text.STORAGE_IsReady_FS
                0x0800f2fc       0x18 ./USB_DEVICE/App/usbd_storage_if.o
 .text.STORAGE_IsWriteProtected_FS
                0x0800f314       0x18 ./USB_DEVICE/App/usbd_storage_if.o
 .text.STORAGE_Read_FS
                0x0800f32c       0x58 ./USB_DEVICE/App/usbd_storage_if.o
 .text.STORAGE_Write_FS
                0x0800f384       0x58 ./USB_DEVICE/App/usbd_storage_if.o
 .text.STORAGE_GetMaxLun_FS
                0x0800f3dc       0x10 ./USB_DEVICE/App/usbd_storage_if.o
 .text.HAL_PCD_MspInit
                0x0800f3ec       0x78 ./USB_DEVICE/Target/usbd_conf.o
                0x0800f3ec                HAL_PCD_MspInit
 .text.HAL_PCD_SetupStageCallback
                0x0800f464       0x24 ./USB_DEVICE/Target/usbd_conf.o
                0x0800f464                HAL_PCD_SetupStageCallback
 .text.HAL_PCD_DataOutStageCallback
                0x0800f488       0x36 ./USB_DEVICE/Target/usbd_conf.o
                0x0800f488                HAL_PCD_DataOutStageCallback
 .text.HAL_PCD_DataInStageCallback
                0x0800f4be       0x34 ./USB_DEVICE/Target/usbd_conf.o
                0x0800f4be                HAL_PCD_DataInStageCallback
 .text.HAL_PCD_SOFCallback
                0x0800f4f2       0x1c ./USB_DEVICE/Target/usbd_conf.o
                0x0800f4f2                HAL_PCD_SOFCallback
 .text.HAL_PCD_ResetCallback
                0x0800f50e       0x3c ./USB_DEVICE/Target/usbd_conf.o
                0x0800f50e                HAL_PCD_ResetCallback
 *fill*         0x0800f54a        0x2 
 .text.HAL_PCD_SuspendCallback
                0x0800f54c       0x34 ./USB_DEVICE/Target/usbd_conf.o
                0x0800f54c                HAL_PCD_SuspendCallback
 .text.HAL_PCD_ResumeCallback
                0x0800f580       0x38 ./USB_DEVICE/Target/usbd_conf.o
                0x0800f580                HAL_PCD_ResumeCallback
 .text.USBD_LL_Init
                0x0800f5b8       0xb0 ./USB_DEVICE/Target/usbd_conf.o
                0x0800f5b8                USBD_LL_Init
 .text.USBD_LL_Start
                0x0800f668       0x64 ./USB_DEVICE/Target/usbd_conf.o
                0x0800f668                USBD_LL_Start
 .text.USBD_LL_OpenEP
                0x0800f6cc       0x7c ./USB_DEVICE/Target/usbd_conf.o
                0x0800f6cc                USBD_LL_OpenEP
 .text.USBD_LL_CloseEP
                0x0800f748       0x6c ./USB_DEVICE/Target/usbd_conf.o
                0x0800f748                USBD_LL_CloseEP
 .text.USBD_LL_FlushEP
                0x0800f7b4       0x6c ./USB_DEVICE/Target/usbd_conf.o
                0x0800f7b4                USBD_LL_FlushEP
 .text.USBD_LL_StallEP
                0x0800f820       0x6c ./USB_DEVICE/Target/usbd_conf.o
                0x0800f820                USBD_LL_StallEP
 .text.USBD_LL_ClearStallEP
                0x0800f88c       0x6c ./USB_DEVICE/Target/usbd_conf.o
                0x0800f88c                USBD_LL_ClearStallEP
 .text.USBD_LL_IsStallEP
                0x0800f8f8       0x58 ./USB_DEVICE/Target/usbd_conf.o
                0x0800f8f8                USBD_LL_IsStallEP
 .text.USBD_LL_SetUSBAddress
                0x0800f950       0x6c ./USB_DEVICE/Target/usbd_conf.o
                0x0800f950                USBD_LL_SetUSBAddress
 .text.USBD_LL_Transmit
                0x0800f9bc       0x70 ./USB_DEVICE/Target/usbd_conf.o
                0x0800f9bc                USBD_LL_Transmit
 .text.USBD_LL_PrepareReceive
                0x0800fa2c       0x70 ./USB_DEVICE/Target/usbd_conf.o
                0x0800fa2c                USBD_LL_PrepareReceive
 .text.USBD_LL_GetRxDataSize
                0x0800fa9c       0x26 ./USB_DEVICE/Target/usbd_conf.o
                0x0800fa9c                USBD_LL_GetRxDataSize
 *fill*         0x0800fac2        0x2 
 .text.HAL_PCDEx_LPM_Callback
                0x0800fac4       0x6c ./USB_DEVICE/Target/usbd_conf.o
                0x0800fac4                HAL_PCDEx_LPM_Callback
 .text.USBD_static_malloc
                0x0800fb30       0x1c ./USB_DEVICE/Target/usbd_conf.o
                0x0800fb30                USBD_static_malloc
 .text.USBD_static_free
                0x0800fb4c       0x14 ./USB_DEVICE/Target/usbd_conf.o
                0x0800fb4c                USBD_static_free
 .text.SystemClockConfig_Resume
                0x0800fb60        0xc ./USB_DEVICE/Target/usbd_conf.o
 .text.sprintf  0x0800fb6c       0x44 C:/ST/STM32CubeIDE_1.19.0/STM32CubeIDE/plugins/com.st.stm32cube.ide.mcu.externaltools.gnu-tools-for-stm32.13.3.rel1.win32_1.0.0.202411081344/tools/bin/../lib/gcc/arm-none-eabi/13.3.1/../../../../arm-none-eabi/lib/thumb/v7e-m+fp/hard\libc_nano.a(libc_a-sprintf.o)
                0x0800fb6c                siprintf
                0x0800fb6c                sprintf
 .text.memset   0x0800fbb0       0x10 C:/ST/STM32CubeIDE_1.19.0/STM32CubeIDE/plugins/com.st.stm32cube.ide.mcu.externaltools.gnu-tools-for-stm32.13.3.rel1.win32_1.0.0.202411081344/tools/bin/../lib/gcc/arm-none-eabi/13.3.1/../../../../arm-none-eabi/lib/thumb/v7e-m+fp/hard\libc_nano.a(libc_a-memset.o)
                0x0800fbb0                memset
 .text.__errno  0x0800fbc0        0xc C:/ST/STM32CubeIDE_1.19.0/STM32CubeIDE/plugins/com.st.stm32cube.ide.mcu.externaltools.gnu-tools-for-stm32.13.3.rel1.win32_1.0.0.202411081344/tools/bin/../lib/gcc/arm-none-eabi/13.3.1/../../../../arm-none-eabi/lib/thumb/v7e-m+fp/hard\libc_nano.a(libc_a-errno.o)
                0x0800fbc0                __errno
 .text.__libc_init_array
                0x0800fbcc       0x48 C:/ST/STM32CubeIDE_1.19.0/STM32CubeIDE/plugins/com.st.stm32cube.ide.mcu.externaltools.gnu-tools-for-stm32.13.3.rel1.win32_1.0.0.202411081344/tools/bin/../lib/gcc/arm-none-eabi/13.3.1/../../../../arm-none-eabi/lib/thumb/v7e-m+fp/hard\libc_nano.a(libc_a-init.o)
                0x0800fbcc                __libc_init_array
 .text.__retarget_lock_acquire_recursive
                0x0800fc14        0x2 C:/ST/STM32CubeIDE_1.19.0/STM32CubeIDE/plugins/com.st.stm32cube.ide.mcu.externaltools.gnu-tools-for-stm32.13.3.rel1.win32_1.0.0.202411081344/tools/bin/../lib/gcc/arm-none-eabi/13.3.1/../../../../arm-none-eabi/lib/thumb/v7e-m+fp/hard\libc_nano.a(libc_a-lock.o)
                0x0800fc14                __retarget_lock_acquire_recursive
 .text.__retarget_lock_release_recursive
                0x0800fc16        0x2 C:/ST/STM32CubeIDE_1.19.0/STM32CubeIDE/plugins/com.st.stm32cube.ide.mcu.externaltools.gnu-tools-for-stm32.13.3.rel1.win32_1.0.0.202411081344/tools/bin/../lib/gcc/arm-none-eabi/13.3.1/../../../../arm-none-eabi/lib/thumb/v7e-m+fp/hard\libc_nano.a(libc_a-lock.o)
                0x0800fc16                __retarget_lock_release_recursive
 .text._free_r  0x0800fc18       0x94 C:/ST/STM32CubeIDE_1.19.0/STM32CubeIDE/plugins/com.st.stm32cube.ide.mcu.externaltools.gnu-tools-for-stm32.13.3.rel1.win32_1.0.0.202411081344/tools/bin/../lib/gcc/arm-none-eabi/13.3.1/../../../../arm-none-eabi/lib/thumb/v7e-m+fp/hard\libc_nano.a(libc_a-freer.o)
                0x0800fc18                _free_r
 .text.sbrk_aligned
                0x0800fcac       0x44 C:/ST/STM32CubeIDE_1.19.0/STM32CubeIDE/plugins/com.st.stm32cube.ide.mcu.externaltools.gnu-tools-for-stm32.13.3.rel1.win32_1.0.0.202411081344/tools/bin/../lib/gcc/arm-none-eabi/13.3.1/../../../../arm-none-eabi/lib/thumb/v7e-m+fp/hard\libc_nano.a(libc_a-mallocr.o)
 .text._malloc_r
                0x0800fcf0      0x100 C:/ST/STM32CubeIDE_1.19.0/STM32CubeIDE/plugins/com.st.stm32cube.ide.mcu.externaltools.gnu-tools-for-stm32.13.3.rel1.win32_1.0.0.202411081344/tools/bin/../lib/gcc/arm-none-eabi/13.3.1/../../../../arm-none-eabi/lib/thumb/v7e-m+fp/hard\libc_nano.a(libc_a-mallocr.o)
                0x0800fcf0                _malloc_r
 .text.__malloc_lock
                0x0800fdf0        0xc C:/ST/STM32CubeIDE_1.19.0/STM32CubeIDE/plugins/com.st.stm32cube.ide.mcu.externaltools.gnu-tools-for-stm32.13.3.rel1.win32_1.0.0.202411081344/tools/bin/../lib/gcc/arm-none-eabi/13.3.1/../../../../arm-none-eabi/lib/thumb/v7e-m+fp/hard\libc_nano.a(libc_a-mlock.o)
                0x0800fdf0                __malloc_lock
 .text.__malloc_unlock
                0x0800fdfc        0xc C:/ST/STM32CubeIDE_1.19.0/STM32CubeIDE/plugins/com.st.stm32cube.ide.mcu.externaltools.gnu-tools-for-stm32.13.3.rel1.win32_1.0.0.202411081344/tools/bin/../lib/gcc/arm-none-eabi/13.3.1/../../../../arm-none-eabi/lib/thumb/v7e-m+fp/hard\libc_nano.a(libc_a-mlock.o)
                0x0800fdfc                __malloc_unlock
 .text.__ssputs_r
                0x0800fe08       0xb6 C:/ST/STM32CubeIDE_1.19.0/STM32CubeIDE/plugins/com.st.stm32cube.ide.mcu.externaltools.gnu-tools-for-stm32.13.3.rel1.win32_1.0.0.202411081344/tools/bin/../lib/gcc/arm-none-eabi/13.3.1/../../../../arm-none-eabi/lib/thumb/v7e-m+fp/hard\libc_nano.a(libc_a-nano-svfprintf.o)
                0x0800fe08                __ssputs_r
 *fill*         0x0800febe        0x2 
 .text._svfprintf_r
                0x0800fec0      0x1f8 C:/ST/STM32CubeIDE_1.19.0/STM32CubeIDE/plugins/com.st.stm32cube.ide.mcu.externaltools.gnu-tools-for-stm32.13.3.rel1.win32_1.0.0.202411081344/tools/bin/../lib/gcc/arm-none-eabi/13.3.1/../../../../arm-none-eabi/lib/thumb/v7e-m+fp/hard\libc_nano.a(libc_a-nano-svfprintf.o)
                0x0800fec0                _svfiprintf_r
                0x0800fec0                _svfprintf_r
 .text._printf_common
                0x080100b8       0xda C:/ST/STM32CubeIDE_1.19.0/STM32CubeIDE/plugins/com.st.stm32cube.ide.mcu.externaltools.gnu-tools-for-stm32.13.3.rel1.win32_1.0.0.202411081344/tools/bin/../lib/gcc/arm-none-eabi/13.3.1/../../../../arm-none-eabi/lib/thumb/v7e-m+fp/hard\libc_nano.a(libc_a-nano-vfprintf_i.o)
                0x080100b8                _printf_common
 *fill*         0x08010192        0x2 
 .text._printf_i
                0x08010194      0x23c C:/ST/STM32CubeIDE_1.19.0/STM32CubeIDE/plugins/com.st.stm32cube.ide.mcu.externaltools.gnu-tools-for-stm32.13.3.rel1.win32_1.0.0.202411081344/tools/bin/../lib/gcc/arm-none-eabi/13.3.1/../../../../arm-none-eabi/lib/thumb/v7e-m+fp/hard\libc_nano.a(libc_a-nano-vfprintf_i.o)
                0x08010194                _printf_i
 .text.memmove  0x080103d0       0x34 C:/ST/STM32CubeIDE_1.19.0/STM32CubeIDE/plugins/com.st.stm32cube.ide.mcu.externaltools.gnu-tools-for-stm32.13.3.rel1.win32_1.0.0.202411081344/tools/bin/../lib/gcc/arm-none-eabi/13.3.1/../../../../arm-none-eabi/lib/thumb/v7e-m+fp/hard\libc_nano.a(libc_a-memmove.o)
                0x080103d0                memmove
 .text._sbrk_r  0x08010404       0x20 C:/ST/STM32CubeIDE_1.19.0/STM32CubeIDE/plugins/com.st.stm32cube.ide.mcu.externaltools.gnu-tools-for-stm32.13.3.rel1.win32_1.0.0.202411081344/tools/bin/../lib/gcc/arm-none-eabi/13.3.1/../../../../arm-none-eabi/lib/thumb/v7e-m+fp/hard\libc_nano.a(libc_a-sbrkr.o)
                0x08010404                _sbrk_r
 .text.memcpy   0x08010424       0x1c C:/ST/STM32CubeIDE_1.19.0/STM32CubeIDE/plugins/com.st.stm32cube.ide.mcu.externaltools.gnu-tools-for-stm32.13.3.rel1.win32_1.0.0.202411081344/tools/bin/../lib/gcc/arm-none-eabi/13.3.1/../../../../arm-none-eabi/lib/thumb/v7e-m+fp/hard\libc_nano.a(libc_a-memcpy-stub.o)
                0x08010424                memcpy
 .text._realloc_r
                0x08010440       0x5c C:/ST/STM32CubeIDE_1.19.0/STM32CubeIDE/plugins/com.st.stm32cube.ide.mcu.externaltools.gnu-tools-for-stm32.13.3.rel1.win32_1.0.0.202411081344/tools/bin/../lib/gcc/arm-none-eabi/13.3.1/../../../../arm-none-eabi/lib/thumb/v7e-m+fp/hard\libc_nano.a(libc_a-reallocr.o)
                0x08010440                _realloc_r
 .text._malloc_usable_size_r
                0x0801049c       0x10 C:/ST/STM32CubeIDE_1.19.0/STM32CubeIDE/plugins/com.st.stm32cube.ide.mcu.externaltools.gnu-tools-for-stm32.13.3.rel1.win32_1.0.0.202411081344/tools/bin/../lib/gcc/arm-none-eabi/13.3.1/../../../../arm-none-eabi/lib/thumb/v7e-m+fp/hard\libc_nano.a(libc_a-msizer.o)
                0x0801049c                _malloc_usable_size_r
 *(.glue_7)
 .glue_7        0x080104ac        0x0 linker stubs
 *(.glue_7t)
 .glue_7t       0x080104ac        0x0 linker stubs
 *(.eh_frame)
 .eh_frame      0x080104ac        0x0 C:/ST/STM32CubeIDE_1.19.0/STM32CubeIDE/plugins/com.st.stm32cube.ide.mcu.externaltools.gnu-tools-for-stm32.13.3.rel1.win32_1.0.0.202411081344/tools/bin/../lib/gcc/arm-none-eabi/13.3.1/thumb/v7e-m+fp/hard/crtbegin.o
 *(.init)
 .init          0x080104ac        0x4 C:/ST/STM32CubeIDE_1.19.0/STM32CubeIDE/plugins/com.st.stm32cube.ide.mcu.externaltools.gnu-tools-for-stm32.13.3.rel1.win32_1.0.0.202411081344/tools/bin/../lib/gcc/arm-none-eabi/13.3.1/thumb/v7e-m+fp/hard/crti.o
                0x080104ac                _init
 .init          0x080104b0        0x8 C:/ST/STM32CubeIDE_1.19.0/STM32CubeIDE/plugins/com.st.stm32cube.ide.mcu.externaltools.gnu-tools-for-stm32.13.3.rel1.win32_1.0.0.202411081344/tools/bin/../lib/gcc/arm-none-eabi/13.3.1/thumb/v7e-m+fp/hard/crtn.o
 *(.fini)
 .fini          0x080104b8        0x4 C:/ST/STM32CubeIDE_1.19.0/STM32CubeIDE/plugins/com.st.stm32cube.ide.mcu.externaltools.gnu-tools-for-stm32.13.3.rel1.win32_1.0.0.202411081344/tools/bin/../lib/gcc/arm-none-eabi/13.3.1/thumb/v7e-m+fp/hard/crti.o
                0x080104b8                _fini
 .fini          0x080104bc        0x8 C:/ST/STM32CubeIDE_1.19.0/STM32CubeIDE/plugins/com.st.stm32cube.ide.mcu.externaltools.gnu-tools-for-stm32.13.3.rel1.win32_1.0.0.202411081344/tools/bin/../lib/gcc/arm-none-eabi/13.3.1/thumb/v7e-m+fp/hard/crtn.o
                0x080104c4                        . = ALIGN (0x4)
                0x080104c4                        _etext = .

.vfp11_veneer   0x080104c4        0x0
 .vfp11_veneer  0x080104c4        0x0 linker stubs

.v4_bx          0x080104c4        0x0
 .v4_bx         0x080104c4        0x0 linker stubs

.iplt           0x080104c4        0x0
 .iplt          0x080104c4        0x0 C:/ST/STM32CubeIDE_1.19.0/STM32CubeIDE/plugins/com.st.stm32cube.ide.mcu.externaltools.gnu-tools-for-stm32.13.3.rel1.win32_1.0.0.202411081344/tools/bin/../lib/gcc/arm-none-eabi/13.3.1/thumb/v7e-m+fp/hard/crtbegin.o

.rodata         0x080104c4      0x1a4
                0x080104c4                        . = ALIGN (0x4)
 *(.rodata)
 .rodata        0x080104c4        0x1 ./Core/Src/main.o
 *fill*         0x080104c5        0x3 
 .rodata        0x080104c8        0xc ./Core/Src/wav_writer.o
 .rodata        0x080104d4       0x44 ./Middlewares/Third_Party/FatFs/src/ff.o
 .rodata        0x08010518       0x36 ./USB_DEVICE/App/usbd_desc.o
 *(.rodata*)
 *fill*         0x0801054e        0x2 
 .rodata.AHBPrescTable
                0x08010550       0x10 ./Core/Src/system_stm32l4xx.o
                0x08010550                AHBPrescTable
 .rodata.MSIRangeTable
                0x08010560       0x30 ./Core/Src/system_stm32l4xx.o
                0x08010560                MSIRangeTable
 .rodata.ExCvt  0x08010590       0x80 ./Middlewares/Third_Party/FatFs/src/ff.o
 .rodata.STORAGE_Inquirydata_FS
                0x08010610       0x24 ./USB_DEVICE/App/usbd_storage_if.o
                0x08010610                STORAGE_Inquirydata_FS
 .rodata._svfprintf_r.str1.1
                0x08010634       0x33 C:/ST/STM32CubeIDE_1.19.0/STM32CubeIDE/plugins/com.st.stm32cube.ide.mcu.externaltools.gnu-tools-for-stm32.13.3.rel1.win32_1.0.0.202411081344/tools/bin/../lib/gcc/arm-none-eabi/13.3.1/../../../../arm-none-eabi/lib/thumb/v7e-m+fp/hard\libc_nano.a(libc_a-nano-svfprintf.o)
                                 0x11 (size before relaxing)
 .rodata._printf_i.str1.1
                0x08010667       0x22 C:/ST/STM32CubeIDE_1.19.0/STM32CubeIDE/plugins/com.st.stm32cube.ide.mcu.externaltools.gnu-tools-for-stm32.13.3.rel1.win32_1.0.0.202411081344/tools/bin/../lib/gcc/arm-none-eabi/13.3.1/../../../../arm-none-eabi/lib/thumb/v7e-m+fp/hard\libc_nano.a(libc_a-nano-vfprintf_i.o)
                0x0801068c                        . = ALIGN (0x4)
 *fill*         0x08010667        0x1 

.ARM.extab      0x08010668        0x0
                0x08010668                        . = ALIGN (0x4)
 *(.ARM.extab* .gnu.linkonce.armextab.*)
                0x08010668                        . = ALIGN (0x4)

.ARM            0x08010668        0x8
                0x08010668                        . = ALIGN (0x4)
                0x08010668                        __exidx_start = .
 *(.ARM.exidx*)
 .ARM.exidx     0x08010668        0x8 C:/ST/STM32CubeIDE_1.19.0/STM32CubeIDE/plugins/com.st.stm32cube.ide.mcu.externaltools.gnu-tools-for-stm32.13.3.rel1.win32_1.0.0.202411081344/tools/bin/../lib/gcc/arm-none-eabi/13.3.1/../../../../arm-none-eabi/lib/thumb/v7e-m+fp/hard\libc_nano.a(libc_a-memchr.o)
                0x08010670                        __exidx_end = .
                0x08010670                        . = ALIGN (0x4)

.preinit_array  0x08010670        0x0
                0x08010670                        . = ALIGN (0x4)
                0x08010670                        PROVIDE (__preinit_array_start = .)
 *(.preinit_array*)
                0x08010670                        PROVIDE (__preinit_array_end = .)
                0x08010670                        . = ALIGN (0x4)

.init_array     0x08010670        0x4
                0x08010670                        . = ALIGN (0x4)
                0x08010670                        PROVIDE (__init_array_start = .)
 *(SORT_BY_NAME(.init_array.*))
 *(.init_array*)
 .init_array    0x08010670        0x4 C:/ST/STM32CubeIDE_1.19.0/STM32CubeIDE/plugins/com.st.stm32cube.ide.mcu.externaltools.gnu-tools-for-stm32.13.3.rel1.win32_1.0.0.202411081344/tools/bin/../lib/gcc/arm-none-eabi/13.3.1/thumb/v7e-m+fp/hard/crtbegin.o
                0x08010674                        PROVIDE (__init_array_end = .)
                0x08010674                        . = ALIGN (0x4)

.fini_array     0x08010674        0x4
                0x08010674                        . = ALIGN (0x4)
                [!provide]                        PROVIDE (__fini_array_start = .)
 *(SORT_BY_NAME(.fini_array.*))
 *(.fini_array*)
 .fini_array    0x08010674        0x4 C:/ST/STM32CubeIDE_1.19.0/STM32CubeIDE/plugins/com.st.stm32cube.ide.mcu.externaltools.gnu-tools-for-stm32.13.3.rel1.win32_1.0.0.202411081344/tools/bin/../lib/gcc/arm-none-eabi/13.3.1/thumb/v7e-m+fp/hard/crtbegin.o
                [!provide]                        PROVIDE (__fini_array_end = .)
                0x08010678                        . = ALIGN (0x4)
                0x08010678                        _sidata = LOADADDR (.data)

.rel.dyn        0x08010678        0x0
 .rel.iplt      0x08010678        0x0 C:/ST/STM32CubeIDE_1.19.0/STM32CubeIDE/plugins/com.st.stm32cube.ide.mcu.externaltools.gnu-tools-for-stm32.13.3.rel1.win32_1.0.0.202411081344/tools/bin/../lib/gcc/arm-none-eabi/13.3.1/thumb/v7e-m+fp/hard/crtbegin.o

.data           0x20000000      0x170 load address 0x08010678
                0x20000000                        . = ALIGN (0x4)
                0x20000000                        _sdata = .
 *(.data)
 *(.data*)
 .data.SystemCoreClock
                0x20000000        0x4 ./Core/Src/system_stm32l4xx.o
                0x20000000                SystemCoreClock
 .data.uwTickPrio
                0x20000004        0x4 ./Drivers/STM32L4xx_HAL_Driver/Src/stm32l4xx_hal.o
                0x20000004                uwTickPrio
 .data.uwTickFreq
                0x20000008        0x1 ./Drivers/STM32L4xx_HAL_Driver/Src/stm32l4xx_hal.o
                0x20000008                uwTickFreq
 .data.Stat     0x20000009        0x1 ./FATFS/Target/user_diskio.o
 *fill*         0x2000000a        0x2 
 .data.USER_Driver
                0x2000000c       0x14 ./FATFS/Target/user_diskio.o
                0x2000000c                USER_Driver
 .data.USBD_MSC
                0x20000020       0x38 ./Middlewares/ST/STM32_USB_Device_Library/Class/MSC/Src/usbd_msc.o
                0x20000020                USBD_MSC
 .data.USBD_MSC_CfgDesc
                0x20000058       0x20 ./Middlewares/ST/STM32_USB_Device_Library/Class/MSC/Src/usbd_msc.o
 .data.USBD_MSC_DeviceQualifierDesc
                0x20000078        0xa ./Middlewares/ST/STM32_USB_Device_Library/Class/MSC/Src/usbd_msc.o
 .data.MSCInEpAdd
                0x20000082        0x1 ./Middlewares/ST/STM32_USB_Device_Library/Class/MSC/Src/usbd_msc.o
                0x20000082                MSCInEpAdd
 .data.MSCOutEpAdd
                0x20000083        0x1 ./Middlewares/ST/STM32_USB_Device_Library/Class/MSC/Src/usbd_msc.o
                0x20000083                MSCOutEpAdd
 .data.MSC_Page00_Inquiry_Data
                0x20000084        0x6 ./Middlewares/ST/STM32_USB_Device_Library/Class/MSC/Src/usbd_msc_data.o
                0x20000084                MSC_Page00_Inquiry_Data
 *fill*         0x2000008a        0x2 
 .data.MSC_Page80_Inquiry_Data
                0x2000008c        0x8 ./Middlewares/ST/STM32_USB_Device_Library/Class/MSC/Src/usbd_msc_data.o
                0x2000008c                MSC_Page80_Inquiry_Data
 .data.MSC_Mode_Sense6_data
                0x20000094        0x4 ./Middlewares/ST/STM32_USB_Device_Library/Class/MSC/Src/usbd_msc_data.o
                0x20000094                MSC_Mode_Sense6_data
 .data.MSC_Mode_Sense10_data
                0x20000098        0x8 ./Middlewares/ST/STM32_USB_Device_Library/Class/MSC/Src/usbd_msc_data.o
                0x20000098                MSC_Mode_Sense10_data
 .data.FS_Desc  0x200000a0       0x20 ./USB_DEVICE/App/usbd_desc.o
                0x200000a0                FS_Desc
 .data.USBD_FS_DeviceDesc
                0x200000c0       0x12 ./USB_DEVICE/App/usbd_desc.o
                0x200000c0                USBD_FS_DeviceDesc
 *fill*         0x200000d2        0x2 
 .data.USBD_FS_BOSDesc
                0x200000d4        0xc ./USB_DEVICE/App/usbd_desc.o
                0x200000d4                USBD_FS_BOSDesc
 .data.USBD_LangIDDesc
                0x200000e0        0x4 ./USB_DEVICE/App/usbd_desc.o
                0x200000e0                USBD_LangIDDesc
 .data.USBD_StringSerial
                0x200000e4       0x1a ./USB_DEVICE/App/usbd_desc.o
                0x200000e4                USBD_StringSerial
 *fill*         0x200000fe        0x2 
 .data.USBD_Storage_Interface_fops_FS
                0x20000100       0x20 ./USB_DEVICE/App/usbd_storage_if.o
                0x20000100                USBD_Storage_Interface_fops_FS
 .data._impure_ptr
                0x20000120        0x4 C:/ST/STM32CubeIDE_1.19.0/STM32CubeIDE/plugins/com.st.stm32cube.ide.mcu.externaltools.gnu-tools-for-stm32.13.3.rel1.win32_1.0.0.202411081344/tools/bin/../lib/gcc/arm-none-eabi/13.3.1/../../../../arm-none-eabi/lib/thumb/v7e-m+fp/hard\libc_nano.a(libc_a-impure.o)
                0x20000120                _impure_ptr
 .data._impure_data
                0x20000124       0x4c C:/ST/STM32CubeIDE_1.19.0/STM32CubeIDE/plugins/com.st.stm32cube.ide.mcu.externaltools.gnu-tools-for-stm32.13.3.rel1.win32_1.0.0.202411081344/tools/bin/../lib/gcc/arm-none-eabi/13.3.1/../../../../arm-none-eabi/lib/thumb/v7e-m+fp/hard\libc_nano.a(libc_a-impure.o)
                0x20000124                _impure_data
 *(.RamFunc)
 *(.RamFunc*)
                0x20000170                        . = ALIGN (0x4)
                0x20000170                        _edata = .

.igot.plt       0x20000170        0x0 load address 0x080107e8
 .igot.plt      0x20000170        0x0 C:/ST/STM32CubeIDE_1.19.0/STM32CubeIDE/plugins/com.st.stm32cube.ide.mcu.externaltools.gnu-tools-for-stm32.13.3.rel1.win32_1.0.0.202411081344/tools/bin/../lib/gcc/arm-none-eabi/13.3.1/thumb/v7e-m+fp/hard/crtbegin.o
                0x20000170                        . = ALIGN (0x4)

.bss            0x20000170     0x2ba8 load address 0x080107e8
                0x20000170                        _sbss = .
                0x20000170                        __bss_start__ = _sbss
 *(.bss)
 .bss           0x20000170       0x1c C:/ST/STM32CubeIDE_1.19.0/STM32CubeIDE/plugins/com.st.stm32cube.ide.mcu.externaltools.gnu-tools-for-stm32.13.3.rel1.win32_1.0.0.202411081344/tools/bin/../lib/gcc/arm-none-eabi/13.3.1/thumb/v7e-m+fp/hard/crtbegin.o
 *(.bss*)
 .bss.erase_buffer
                0x2000018c     0x1000 ./Core/Src/flash_disk.o
 .bss.hadc1     0x2000118c       0x64 ./Core/Src/main.o
                0x2000118c                hadc1
 .bss.hdma_adc1
                0x200011f0       0x48 ./Core/Src/main.o
                0x200011f0                hdma_adc1
 .bss.hspi1     0x20001238       0x64 ./Core/Src/main.o
                0x20001238                hspi1
 .bss.htim6     0x2000129c       0x4c ./Core/Src/main.o
                0x2000129c                htim6
 .bss.audio_buffer
                0x200012e8      0x800 ./Core/Src/main.o
                0x200012e8                audio_buffer
 .bss.adc_half_ready
                0x20001ae8        0x1 ./Core/Src/main.o
                0x20001ae8                adc_half_ready
 .bss.adc_full_ready
                0x20001ae9        0x1 ./Core/Src/main.o
                0x20001ae9                adc_full_ready
 .bss.current_state
                0x20001aea        0x1 ./Core/Src/storage_manager.o
 *fill*         0x20001aeb        0x1 
 .bss.samples_written
                0x20001aec        0x4 ./Core/Src/storage_manager.o
 .bss.__sbrk_heap_end
                0x20001af0        0x4 ./Core/Src/sysmem.o
 .bss.wav_file  0x20001af4      0x230 ./Core/Src/wav_writer.o
 .bss.wav_data_size
                0x20001d24        0x4 ./Core/Src/wav_writer.o
 .bss.converted.0
                0x20001d28      0x400 ./Core/Src/wav_writer.o
 .bss.uwTick    0x20002128        0x4 ./Drivers/STM32L4xx_HAL_Driver/Src/stm32l4xx_hal.o
                0x20002128                uwTick
 .bss.retUSER   0x2000212c        0x1 ./FATFS/App/fatfs.o
                0x2000212c                retUSER
 *fill*         0x2000212d        0x3 
 .bss.USERPath  0x20002130        0x4 ./FATFS/App/fatfs.o
                0x20002130                USERPath
 .bss.MSC_Diagnostic_Data
                0x20002134        0x8 ./Middlewares/ST/STM32_USB_Device_Library/Class/MSC/Src/usbd_msc_data.o
                0x20002134                MSC_Diagnostic_Data
 .bss.lun_report.0
                0x2000213c       0x18 ./Middlewares/ST/STM32_USB_Device_Library/Class/MSC/Src/usbd_msc_scsi.o
 .bss.cfgidx.0  0x20002154        0x1 ./Middlewares/ST/STM32_USB_Device_Library/Core/Src/usbd_ctlreq.o
 *fill*         0x20002155        0x3 
 .bss.FatFs     0x20002158        0x4 ./Middlewares/Third_Party/FatFs/src/ff.o
 .bss.Fsid      0x2000215c        0x2 ./Middlewares/Third_Party/FatFs/src/ff.o
 *fill*         0x2000215e        0x2 
 .bss.Files     0x20002160       0x20 ./Middlewares/Third_Party/FatFs/src/ff.o
 .bss.disk      0x20002180        0xc ./Middlewares/Third_Party/FatFs/src/ff_gen_drv.o
                0x20002180                disk
 .bss.hUsbDeviceFS
                0x2000218c      0x2dc ./USB_DEVICE/App/usb_device.o
                0x2000218c                hUsbDeviceFS
 .bss.USBD_StrDesc
                0x20002468      0x200 ./USB_DEVICE/App/usbd_desc.o
                0x20002468                USBD_StrDesc
 .bss.hpcd_USB_FS
                0x20002668      0x2e0 ./USB_DEVICE/Target/usbd_conf.o
                0x20002668                hpcd_USB_FS
 .bss.mem.0     0x20002948      0x288 ./USB_DEVICE/Target/usbd_conf.o
 .bss.__sf      0x20002bd0      0x138 C:/ST/STM32CubeIDE_1.19.0/STM32CubeIDE/plugins/com.st.stm32cube.ide.mcu.externaltools.gnu-tools-for-stm32.13.3.rel1.win32_1.0.0.202411081344/tools/bin/../lib/gcc/arm-none-eabi/13.3.1/../../../../arm-none-eabi/lib/thumb/v7e-m+fp/hard\libc_nano.a(libc_a-findfp.o)
                0x20002bd0                __sf
 .bss.errno     0x20002d08        0x4 C:/ST/STM32CubeIDE_1.19.0/STM32CubeIDE/plugins/com.st.stm32cube.ide.mcu.externaltools.gnu-tools-for-stm32.13.3.rel1.win32_1.0.0.202411081344/tools/bin/../lib/gcc/arm-none-eabi/13.3.1/../../../../arm-none-eabi/lib/thumb/v7e-m+fp/hard\libc_nano.a(libc_a-reent.o)
                0x20002d08                errno
 .bss.__lock___malloc_recursive_mutex
                0x20002d0c        0x1 C:/ST/STM32CubeIDE_1.19.0/STM32CubeIDE/plugins/com.st.stm32cube.ide.mcu.externaltools.gnu-tools-for-stm32.13.3.rel1.win32_1.0.0.202411081344/tools/bin/../lib/gcc/arm-none-eabi/13.3.1/../../../../arm-none-eabi/lib/thumb/v7e-m+fp/hard\libc_nano.a(libc_a-lock.o)
                0x20002d0c                __lock___malloc_recursive_mutex
 *fill*         0x20002d0d        0x3 
 .bss.__malloc_sbrk_start
                0x20002d10        0x4 C:/ST/STM32CubeIDE_1.19.0/STM32CubeIDE/plugins/com.st.stm32cube.ide.mcu.externaltools.gnu-tools-for-stm32.13.3.rel1.win32_1.0.0.202411081344/tools/bin/../lib/gcc/arm-none-eabi/13.3.1/../../../../arm-none-eabi/lib/thumb/v7e-m+fp/hard\libc_nano.a(libc_a-mallocr.o)
                0x20002d10                __malloc_sbrk_start
 .bss.__malloc_free_list
                0x20002d14        0x4 C:/ST/STM32CubeIDE_1.19.0/STM32CubeIDE/plugins/com.st.stm32cube.ide.mcu.externaltools.gnu-tools-for-stm32.13.3.rel1.win32_1.0.0.202411081344/tools/bin/../lib/gcc/arm-none-eabi/13.3.1/../../../../arm-none-eabi/lib/thumb/v7e-m+fp/hard\libc_nano.a(libc_a-mallocr.o)
                0x20002d14                __malloc_free_list
 *(COMMON)
                0x20002d18                        . = ALIGN (0x4)
                0x20002d18                        _ebss = .
                0x20002d18                        __bss_end__ = _ebss

._user_heap_stack
                0x20002d18      0x600 load address 0x080107e8
                0x20002d18                        . = ALIGN (0x8)
                [!provide]                        PROVIDE (end = .)
                0x20002d18                        PROVIDE (_end = .)
                0x20002f18                        . = (. + _Min_Heap_Size)
 *fill*         0x20002d18      0x200 
                0x20003318                        . = (. + _Min_Stack_Size)
 *fill*         0x20002f18      0x400 
                0x20003318                        . = ALIGN (0x8)

/DISCARD/
 libc.a(*)
 libm.a(*)
 libgcc.a(*)

.ARM.attributes
                0x00000000       0x30
 *(.ARM.attributes)
 .ARM.attributes
                0x00000000       0x22 C:/ST/STM32CubeIDE_1.19.0/STM32CubeIDE/plugins/com.st.stm32cube.ide.mcu.externaltools.gnu-tools-for-stm32.13.3.rel1.win32_1.0.0.202411081344/tools/bin/../lib/gcc/arm-none-eabi/13.3.1/thumb/v7e-m+fp/hard/crti.o
 .ARM.attributes
                0x00000022       0x34 C:/ST/STM32CubeIDE_1.19.0/STM32CubeIDE/plugins/com.st.stm32cube.ide.mcu.externaltools.gnu-tools-for-stm32.13.3.rel1.win32_1.0.0.202411081344/tools/bin/../lib/gcc/arm-none-eabi/13.3.1/thumb/v7e-m+fp/hard/crtbegin.o
 .ARM.attributes
                0x00000056       0x34 ./Core/Src/flash_disk.o
 .ARM.attributes
                0x0000008a       0x34 ./Core/Src/main.o
 .ARM.attributes
                0x000000be       0x34 ./Core/Src/stm32l4xx_hal_msp.o
 .ARM.attributes
                0x000000f2       0x34 ./Core/Src/stm32l4xx_it.o
 .ARM.attributes
                0x00000126       0x34 ./Core/Src/storage_manager.o
 .ARM.attributes
                0x0000015a       0x34 ./Core/Src/sysmem.o
 .ARM.attributes
                0x0000018e       0x34 ./Core/Src/system_stm32l4xx.o
 .ARM.attributes
                0x000001c2       0x34 ./Core/Src/w25q128.o
 .ARM.attributes
                0x000001f6       0x34 ./Core/Src/wav_writer.o
 .ARM.attributes
                0x0000022a       0x21 ./Core/Startup/startup_stm32l432kcux.o
 .ARM.attributes
                0x0000024b       0x34 ./Drivers/STM32L4xx_HAL_Driver/Src/stm32l4xx_hal.o
 .ARM.attributes
                0x0000027f       0x34 ./Drivers/STM32L4xx_HAL_Driver/Src/stm32l4xx_hal_adc.o
 .ARM.attributes
                0x000002b3       0x34 ./Drivers/STM32L4xx_HAL_Driver/Src/stm32l4xx_hal_cortex.o
 .ARM.attributes
                0x000002e7       0x34 ./Drivers/STM32L4xx_HAL_Driver/Src/stm32l4xx_hal_dma.o
 .ARM.attributes
                0x0000031b       0x34 ./Drivers/STM32L4xx_HAL_Driver/Src/stm32l4xx_hal_gpio.o
 .ARM.attributes
                0x0000034f       0x34 ./Drivers/STM32L4xx_HAL_Driver/Src/stm32l4xx_hal_pcd.o
 .ARM.attributes
                0x00000383       0x34 ./Drivers/STM32L4xx_HAL_Driver/Src/stm32l4xx_hal_pcd_ex.o
 .ARM.attributes
                0x000003b7       0x34 ./Drivers/STM32L4xx_HAL_Driver/Src/stm32l4xx_hal_pwr_ex.o
 .ARM.attributes
                0x000003eb       0x34 ./Drivers/STM32L4xx_HAL_Driver/Src/stm32l4xx_hal_rcc.o
 .ARM.attributes
                0x0000041f       0x34 ./Drivers/STM32L4xx_HAL_Driver/Src/stm32l4xx_hal_rcc_ex.o
 .ARM.attributes
                0x00000453       0x34 ./Drivers/STM32L4xx_HAL_Driver/Src/stm32l4xx_hal_spi.o
 .ARM.attributes
                0x00000487       0x34 ./Drivers/STM32L4xx_HAL_Driver/Src/stm32l4xx_hal_tim.o
 .ARM.attributes
                0x000004bb       0x34 ./Drivers/STM32L4xx_HAL_Driver/Src/stm32l4xx_hal_tim_ex.o
 .ARM.attributes
                0x000004ef       0x34 ./Drivers/STM32L4xx_HAL_Driver/Src/stm32l4xx_ll_usb.o
 .ARM.attributes
                0x00000523       0x34 ./FATFS/App/fatfs.o
 .ARM.attributes
                0x00000557       0x34 ./FATFS/Target/user_diskio.o
 .ARM.attributes
                0x0000058b       0x34 ./Middlewares/ST/STM32_USB_Device_Library/Class/MSC/Src/usbd_msc.o
 .ARM.attributes
                0x000005bf       0x34 ./Middlewares/ST/STM32_USB_Device_Library/Class/MSC/Src/usbd_msc_bot.o
 .ARM.attributes
                0x000005f3       0x34 ./Middlewares/ST/STM32_USB_Device_Library/Class/MSC/Src/usbd_msc_data.o
 .ARM.attributes
                0x00000627       0x34 ./Middlewares/ST/STM32_USB_Device_Library/Class/MSC/Src/usbd_msc_scsi.o
 .ARM.attributes
                0x0000065b       0x34 ./Middlewares/ST/STM32_USB_Device_Library/Core/Src/usbd_core.o
 .ARM.attributes
                0x0000068f       0x34 ./Middlewares/ST/STM32_USB_Device_Library/Core/Src/usbd_ctlreq.o
 .ARM.attributes
                0x000006c3       0x34 ./Middlewares/ST/STM32_USB_Device_Library/Core/Src/usbd_ioreq.o
 .ARM.attributes
                0x000006f7       0x34 ./Middlewares/Third_Party/FatFs/src/diskio.o
 .ARM.attributes
                0x0000072b       0x34 ./Middlewares/Third_Party/FatFs/src/ff.o
 .ARM.attributes
                0x0000075f       0x34 ./Middlewares/Third_Party/FatFs/src/ff_gen_drv.o
 .ARM.attributes
                0x00000793       0x34 ./USB_DEVICE/App/usb_device.o
 .ARM.attributes
                0x000007c7       0x34 ./USB_DEVICE/App/usbd_desc.o
 .ARM.attributes
                0x000007fb       0x34 ./USB_DEVICE/App/usbd_storage_if.o
 .ARM.attributes
                0x0000082f       0x34 ./USB_DEVICE/Target/usbd_conf.o
 .ARM.attributes
                0x00000863       0x34 C:/ST/STM32CubeIDE_1.19.0/STM32CubeIDE/plugins/com.st.stm32cube.ide.mcu.externaltools.gnu-tools-for-stm32.13.3.rel1.win32_1.0.0.202411081344/tools/bin/../lib/gcc/arm-none-eabi/13.3.1/../../../../arm-none-eabi/lib/thumb/v7e-m+fp/hard\libc_nano.a(libc_a-findfp.o)
 .ARM.attributes
                0x00000897       0x34 C:/ST/STM32CubeIDE_1.19.0/STM32CubeIDE/plugins/com.st.stm32cube.ide.mcu.externaltools.gnu-tools-for-stm32.13.3.rel1.win32_1.0.0.202411081344/tools/bin/../lib/gcc/arm-none-eabi/13.3.1/../../../../arm-none-eabi/lib/thumb/v7e-m+fp/hard\libc_nano.a(libc_a-sprintf.o)
 .ARM.attributes