Archive member included to satisfy reference by file (symbol)

C:/ST/STM32CubeIDE_1.19.0/STM32CubeIDE/plugins/com.st.stm32cube.ide.mcu.externaltools.gnu-tools-for-stm32.13.3.rel1.win32_1.0.0.202411081344/tools/bin/../lib/gcc/arm-none-eabi/13.3.1/../../../../arm-none-eabi/lib/thumb/v7e-m+fp/hard\libc_nano.a(libc_a-exit.o)
                              C:/ST/STM32CubeIDE_1.19.0/STM32CubeIDE/plugins/com.st.stm32cube.ide.mcu.externaltools.gnu-tools-for-stm32.13.3.rel1.win32_1.0.0.202411081344/tools/bin/../lib/gcc/arm-none-eabi/13.3.1/../../../../arm-none-eabi/lib/thumb/v7e-m+fp/hard/crt0.o (exit)
C:/ST/STM32CubeIDE_1.19.0/STM32CubeIDE/plugins/com.st.stm32cube.ide.mcu.externaltools.gnu-tools-for-stm32.13.3.rel1.win32_1.0.0.202411081344/tools/bin/../lib/gcc/arm-none-eabi/13.3.1/../../../../arm-none-eabi/lib/thumb/v7e-m+fp/hard\libc_nano.a(libc_a-findfp.o)
                              C:/ST/STM32CubeIDE_1.19.0/STM32CubeIDE/plugins/com.st.stm32cube.ide.mcu.externaltools.gnu-tools-for-stm32.13.3.rel1.win32_1.0.0.202411081344/tools/bin/../lib/gcc/arm-none-eabi/13.3.1/../../../../arm-none-eabi/lib/thumb/v7e-m+fp/hard\libc_nano.a(libc_a-exit.o) (__stdio_exit_handler)
C:/ST/STM32CubeIDE_1.19.0/STM32CubeIDE/plugins/com.st.stm32cube.ide.mcu.externaltools.gnu-tools-for-stm32.13.3.rel1.win32_1.0.0.202411081344/tools/bin/../lib/gcc/arm-none-eabi/13.3.1/../../../../arm-none-eabi/lib/thumb/v7e-m+fp/hard\libc_nano.a(libc_a-fwalk.o)
                              C:/ST/STM32CubeIDE_1.19.0/STM32CubeIDE/plugins/com.st.stm32cube.ide.mcu.externaltools.gnu-tools-for-stm32.13.3.rel1.win32_1.0.0.202411081344/tools/bin/../lib/gcc/arm-none-eabi/13.3.1/../../../../arm-none-eabi/lib/thumb/v7e-m+fp/hard\libc_nano.a(libc_a-findfp.o) (_fwalk_sglue)
C:/ST/STM32CubeIDE_1.19.0/STM32CubeIDE/plugins/com.st.stm32cube.ide.mcu.externaltools.gnu-tools-for-stm32.13.3.rel1.win32_1.0.0.202411081344/tools/bin/../lib/gcc/arm-none-eabi/13.3.1/../../../../arm-none-eabi/lib/thumb/v7e-m+fp/hard\libc_nano.a(libc_a-stdio.o)
                              C:/ST/STM32CubeIDE_1.19.0/STM32CubeIDE/plugins/com.st.stm32cube.ide.mcu.externaltools.gnu-tools-for-stm32.13.3.rel1.win32_1.0.0.202411081344/tools/bin/../lib/gcc/arm-none-eabi/13.3.1/../../../../arm-none-eabi/lib/thumb/v7e-m+fp/hard\libc_nano.a(libc_a-findfp.o) (__sread)
C:/ST/STM32CubeIDE_1.19.0/STM32CubeIDE/plugins/com.st.stm32cube.ide.mcu.externaltools.gnu-tools-for-stm32.13.3.rel1.win32_1.0.0.202411081344/tools/bin/../lib/gcc/arm-none-eabi/13.3.1/../../../../arm-none-eabi/lib/thumb/v7e-m+fp/hard\libc_nano.a(libc_a-memset.o)
                              C:/ST/STM32CubeIDE_1.19.0/STM32CubeIDE/plugins/com.st.stm32cube.ide.mcu.externaltools.gnu-tools-for-stm32.13.3.rel1.win32_1.0.0.202411081344/tools/bin/../lib/gcc/arm-none-eabi/13.3.1/../../../../arm-none-eabi/lib/thumb/v7e-m+fp/hard/crt0.o (memset)
C:/ST/STM32CubeIDE_1.19.0/STM32CubeIDE/plugins/com.st.stm32cube.ide.mcu.externaltools.gnu-tools-for-stm32.13.3.rel1.win32_1.0.0.202411081344/tools/bin/../lib/gcc/arm-none-eabi/13.3.1/../../../../arm-none-eabi/lib/thumb/v7e-m+fp/hard\libc_nano.a(libc_a-closer.o)
                              C:/ST/STM32CubeIDE_1.19.0/STM32CubeIDE/plugins/com.st.stm32cube.ide.mcu.externaltools.gnu-tools-for-stm32.13.3.rel1.win32_1.0.0.202411081344/tools/bin/../lib/gcc/arm-none-eabi/13.3.1/../../../../arm-none-eabi/lib/thumb/v7e-m+fp/hard\libc_nano.a(libc_a-stdio.o) (_close_r)
C:/ST/STM32CubeIDE_1.19.0/STM32CubeIDE/plugins/com.st.stm32cube.ide.mcu.externaltools.gnu-tools-for-stm32.13.3.rel1.win32_1.0.0.202411081344/tools/bin/../lib/gcc/arm-none-eabi/13.3.1/../../../../arm-none-eabi/lib/thumb/v7e-m+fp/hard\libc_nano.a(libc_a-reent.o)
                              C:/ST/STM32CubeIDE_1.19.0/STM32CubeIDE/plugins/com.st.stm32cube.ide.mcu.externaltools.gnu-tools-for-stm32.13.3.rel1.win32_1.0.0.202411081344/tools/bin/../lib/gcc/arm-none-eabi/13.3.1/../../../../arm-none-eabi/lib/thumb/v7e-m+fp/hard\libc_nano.a(libc_a-closer.o) (errno)
C:/ST/STM32CubeIDE_1.19.0/STM32CubeIDE/plugins/com.st.stm32cube.ide.mcu.externaltools.gnu-tools-for-stm32.13.3.rel1.win32_1.0.0.202411081344/tools/bin/../lib/gcc/arm-none-eabi/13.3.1/../../../../arm-none-eabi/lib/thumb/v7e-m+fp/hard\libc_nano.a(libc_a-impure.o)
                              C:/ST/STM32CubeIDE_1.19.0/STM32CubeIDE/plugins/com.st.stm32cube.ide.mcu.externaltools.gnu-tools-for-stm32.13.3.rel1.win32_1.0.0.202411081344/tools/bin/../lib/gcc/arm-none-eabi/13.3.1/../../../../arm-none-eabi/lib/thumb/v7e-m+fp/hard\libc_nano.a(libc_a-reent.o) (_impure_ptr)
C:/ST/STM32CubeIDE_1.19.0/STM32CubeIDE/plugins/com.st.stm32cube.ide.mcu.externaltools.gnu-tools-for-stm32.13.3.rel1.win32_1.0.0.202411081344/tools/bin/../lib/gcc/arm-none-eabi/13.3.1/../../../../arm-none-eabi/lib/thumb/v7e-m+fp/hard\libc_nano.a(libc_a-lseekr.o)
[...]
Memory Configuration

Name             Origin             Length             Attributes
RAM              0x20000000         0x0000c000         xrw
RAM2             0x10000000         0x00004000         xrw
FLASH            0x08000000         0x00040000         xr
*default*        0x00000000         0xffffffff

Linker script and memory map

LOAD C:/ST/STM32CubeIDE_1.19.0/STM32CubeIDE/plugins/com.st.stm32cube.ide.mcu.externaltools.gnu-tools-for-stm32.13.3.rel1.win32_1.0.0.202411081344/tools/bin/../lib/gcc/arm-none-eabi/13.3.1/thumb/v7e-m+fp/hard/crti.o
LOAD C:/ST/STM32CubeIDE_1.19.0/STM32CubeIDE/plugins/com.st.stm32cube.ide.mcu.externaltools.gnu-tools-for-stm32.13.3.rel1.win32_1.0.0.202411081344/tools/bin/../lib/gcc/arm-none-eabi/13.3.1/thumb/v7e-m+fp/hard/crtbegin.o
LOAD C:/ST/STM32CubeIDE_1.19.0/STM32CubeIDE/plugins/com.st.stm32cube.ide.mcu.externaltools.gnu-tools-for-stm32.13.3.rel1.win32_1.0.0.202411081344/tools/bin/../lib/gcc/arm-none-eabi/13.3.1/../../../../arm-none-eabi/lib/thumb/v7e-m+fp/hard/crt0.o
LOAD ./Core/Src/main.o
LOAD ./Core/Src/stm32l4xx_hal_msp.o
LOAD ./Core/Src/stm32l4xx_it.o
LOAD ./Core/Src/syscalls.o
LOAD ./Core/Src/sysmem.o
LOAD ./Core/Src/system_stm32l4xx.o
LOAD ./Core/Src/w25q128.o
LOAD ./Core/Startup/startup_stm32l432kcux.o
LOAD ./Drivers/STM32L4xx_HAL_Driver/Src/stm32l4xx_hal.o
LOAD ./Drivers/STM32L4xx_HAL_Driver/Src/stm32l4xx_hal_cortex.o
LOAD ./Drivers/STM32L4xx_HAL_Driver/Src/stm32l4xx_hal_dma.o
LOAD ./Drivers/STM32L4xx_HAL_Driver/Src/stm32l4xx_hal_dma_ex.o
LOAD ./Drivers/STM32L4xx_HAL_Driver/Src/stm32l4xx_hal_exti.o
LOAD ./Drivers/STM32L4xx_HAL_Driver/Src/stm32l4xx_hal_flash.o
LOAD ./Drivers/STM32L4xx_HAL_Driver/Src/stm32l4xx_hal_flash_ex.o
LOAD ./Drivers/STM32L4xx_HAL_Driver/Src/stm32l4xx_hal_flash_ramfunc.o
LOAD ./Drivers/STM32L4xx_HAL_Driver/Src/stm32l4xx_hal_gpio.o
LOAD ./Drivers/STM32L4xx_HAL_Driver/Src/stm32l4xx_hal_i2c.o
LOAD ./Drivers/STM32L4xx_HAL_Driver/Src/stm32l4xx_hal_i2c_ex.o
LOAD ./Drivers/STM32L4xx_HAL_Driver/Src/stm32l4xx_hal_pcd.o
LOAD ./Drivers/STM32L4xx_HAL_Driver/Src/stm32l4xx_hal_pcd_ex.o
LOAD ./Drivers/STM32L4xx_HAL_Driver/Src/stm32l4xx_hal_pwr.o
LOAD ./Drivers/STM32L4xx_HAL_Driver/Src/stm32l4xx_hal_pwr_ex.o
LOAD ./Drivers/STM32L4xx_HAL_Driver/Src/stm32l4xx_hal_rcc.o
LOAD ./Drivers/STM32L4xx_HAL_Driver/Src/stm32l4xx_hal_rcc_ex.o
LOAD ./Drivers/STM32L4xx_HAL_Driver/Src/stm32l4xx_hal_spi.o
LOAD ./Drivers/STM32L4xx_HAL_Driver/Src/stm32l4xx_hal_spi_ex.o
LOAD ./Drivers/STM32L4xx_HAL_Driver/Src/stm32l4xx_ll_usb.o
LOAD ./Middlewares/ST/STM32_USB_Device_Library/Class/MSC/Src/usbd_msc.o
LOAD ./Middlewares/ST/STM32_USB_Device_Library/Class/MSC/Src/usbd_msc_bot.o
LOAD ./Middlewares/ST/STM32_USB_Device_Library/Class/MSC/Src/usbd_msc_data.o
LOAD ./Middlewares/ST/STM32_USB_Device_Library/Class/MSC/Src/usbd_msc_scsi.o
LOAD ./Middlewares/ST/STM32_USB_Device_Library/Core/Src/usbd_core.o
LOAD ./Middlewares/ST/STM32_USB_Device_Library/Core/Src/usbd_ctlreq.o
LOAD ./Middlewares/ST/STM32_USB_Device_Library/Core/Src/usbd_ioreq.o
LOAD ./USB_DEVICE/App/usb_device.o
LOAD ./USB_DEVICE/App/usbd_desc.o
LOAD ./USB_DEVICE/App/usbd_storage_if.o
LOAD ./USB_DEVICE/Target/usbd_conf.o
START GROUP
LOAD C:/ST/STM32CubeIDE_1.19.0/STM32CubeIDE/plugins/com.st.stm32cube.ide.mcu.externaltools.gnu-tools-for-stm32.13.3.rel1.win32_1.0.0.202411081344/tools/bin/../lib/gcc/arm-none-eabi/13.3.1/../../../../arm-none-eabi/lib/thumb/v7e-m+fp/hard\libc_nano.a
LOAD C:/ST/STM32CubeIDE_1.19.0/STM32CubeIDE/plugins/com.st.stm32cube.ide.mcu.externaltools.gnu-tools-for-stm32.13.3.rel1.win32_1.0.0.202411081344/tools/bin/../lib/gcc/arm-none-eabi/13.3.1/../../../../arm-none-eabi/lib/thumb/v7e-m+fp/hard\libm.a
END GROUP
START GROUP
LOAD C:/ST/STM32CubeIDE_1.19.0/STM32CubeIDE/plugins/com.st.stm32cube.ide.mcu.externaltools.gnu-tools-for-stm32.13.3.rel1.win32_1.0.0.202411081344/tools/bin/../lib/gcc/arm-none-eabi/13.3.1/thumb/v7e-m+fp/hard\libgcc.a
LOAD C:/ST/STM32CubeIDE_1.19.0/STM32CubeIDE/plugins/com.st.stm32cube.ide.mcu.externaltools.gnu-tools-for-stm32.13.3.rel1.win32_1.0.0.202411081344/tools/bin/../lib/gcc/arm-none-eabi/13.3.1/../../../../arm-none-eabi/lib/thumb/v7e-m+fp/hard\libc_nano.a
END GROUP
START GROUP
LOAD C:/ST/STM32CubeIDE_1.19.0/STM32CubeIDE/plugins/com.st.stm32cube.ide.mcu.externaltools.gnu-tools-for-stm32.13.3.rel1.win32_1.0.0.202411081344/tools/bin/../lib/gcc/arm-none-eabi/13.3.1/thumb/v7e-m+fp/hard\libgcc.a
LOAD C:/ST/STM32CubeIDE_1.19.0/STM32CubeIDE/plugins/com.st.stm32cube.ide.mcu.externaltools.gnu-tools-for-stm32.13.3.rel1.win32_1.0.0.202411081344/tools/bin/../lib/gcc/arm-none-eabi/13.3.1/../../../../arm-none-eabi/lib/thumb/v7e-m+fp/hard\libc_nano.a
LOAD C:/ST/STM32CubeIDE_1.19.0/STM32CubeIDE/plugins/com.st.stm32cube.ide.mcu.externaltools.gnu-tools-for-stm32.13.3.rel1.win32_1.0.0.202411081344/tools/bin/../lib/gcc/arm-none-eabi/13.3.1/../../../../arm-none-eabi/lib/thumb/v7e-m+fp/hard\libnosys.a
END GROUP
START GROUP
LOAD C:/ST/STM32CubeIDE_1.19.0/STM32CubeIDE/plugins/com.st.stm32cube.ide.mcu.externaltools.gnu-tools-for-stm32.13.3.rel1.win32_1.0.0.202411081344/tools/bin/../lib/gcc/arm-none-eabi/13.3.1/thumb/v7e-m+fp/hard\libgcc.a
LOAD C:/ST/STM32CubeIDE_1.19.0/STM32CubeIDE/plugins/com.st.stm32cube.ide.mcu.externaltools.gnu-tools-for-stm32.13.3.rel1.win32_1.0.0.202411081344/tools/bin/../lib/gcc/arm-none-eabi/13.3.1/../../../../arm-none-eabi/lib/thumb/v7e-m+fp/hard\libc_nano.a
LOAD C:/ST/STM32CubeIDE_1.19.0/STM32CubeIDE/plugins/com.st.stm32cube.ide.mcu.externaltools.gnu-tools-for-stm32.13.3.rel1.win32_1.0.0.202411081344/tools/bin/../lib/gcc/arm-none-eabi/13.3.1/../../../../arm-none-eabi/lib/thumb/v7e-m+fp/hard\libnosys.a
END GROUP
LOAD C:/ST/STM32CubeIDE_1.19.0/STM32CubeIDE/plugins/com.st.stm32cube.ide.mcu.externaltools.gnu-tools-for-stm32.13.3.rel1.win32_1.0.0.202411081344/tools/bin/../lib/gcc/arm-none-eabi/13.3.1/thumb/v7e-m+fp/hard/crtend.o
LOAD C:/ST/STM32CubeIDE_1.19.0/STM32CubeIDE/plugins/com.st.stm32cube.ide.mcu.externaltools.gnu-tools-for-stm32.13.3.rel1.win32_1.0.0.202411081344/tools/bin/../lib/gcc/arm-none-eabi/13.3.1/thumb/v7e-m+fp/hard/crtn.o
                0x2000c000                        _estack = (ORIGIN (RAM) + LENGTH (RAM))
                0x00000200                        _Min_Heap_Size = 0x200
                0x00000400                        _Min_Stack_Size = 0x400

.isr_vector     0x08000000      0x18c
                0x08000000                        . = ALIGN (0x4)
 *(.isr_vector)
 .isr_vector    0x08000000      0x18c ./Core/Startup/startup_stm32l432kcux.o
                0x08000000                g_pfnVectors
                0x0800018c                        . = ALIGN (0x4)

.text           0x0800018c     0xa080
                0x0800018c                        . = ALIGN (0x4)
 *(.text)
 .text          0x0800018c       0x40 C:/ST/STM32CubeIDE_1.19.0/STM32CubeIDE/plugins/com.st.stm32cube.ide.mcu.externaltools.gnu-tools-for-stm32.13.3.rel1.win32_1.0.0.202411081344/tools/bin/../lib/gcc/arm-none-eabi/13.3.1/thumb/v7e-m+fp/hard/crtbegin.o
 *(.text*)
 .text.main     0x080001cc       0x2c ./Core/Src/main.o
                0x080001cc                main
 .text.SystemClock_Config
                0x080001f8       0xa8 ./Core/Src/main.o
                0x080001f8                SystemClock_Config
 .text.MX_SPI1_Init
                0x080002a0       0x7c ./Core/Src/main.o
 .text.MX_GPIO_Init
                0x0800031c       0x60 ./Core/Src/main.o
 .text.Error_Handler
                0x0800037c        0xc ./Core/Src/main.o
                0x0800037c                Error_Handler
 .text.HAL_MspInit
                0x08000388       0x48 ./Core/Src/stm32l4xx_hal_msp.o
                0x08000388                HAL_MspInit
 .text.HAL_SPI_MspInit
                0x080003d0       0x84 ./Core/Src/stm32l4xx_hal_msp.o
                0x080003d0                HAL_SPI_MspInit
 .text.NMI_Handler
                0x08000454        0x8 ./Core/Src/stm32l4xx_it.o
                0x08000454                NMI_Handler
 .text.HardFault_Handler
                0x0800045c        0x8 ./Core/Src/stm32l4xx_it.o
                0x0800045c                HardFault_Handler
 .text.MemManage_Handler
                0x08000464        0x8 ./Core/Src/stm32l4xx_it.o
                0x08000464                MemManage_Handler
 .text.BusFault_Handler
                0x0800046c        0x8 ./Core/Src/stm32l4xx_it.o
                0x0800046c                BusFault_Handler
 .text.UsageFault_Handler
                0x08000474        0x8 ./Core/Src/stm32l4xx_it.o
                0x08000474                UsageFault_Handler
 .text.SVC_Handler
                0x0800047c        0xe ./Core/Src/stm32l4xx_it.o
                0x0800047c                SVC_Handler
 .text.DebugMon_Handler
                0x0800048a        0xe ./Core/Src/stm32l4xx_it.o
                0x0800048a                DebugMon_Handler
 .text.PendSV_Handler
                0x08000498        0xe ./Core/Src/stm32l4xx_it.o
                0x08000498                PendSV_Handler
 .text.SysTick_Handler
                0x080004a6        0xc ./Core/Src/stm32l4xx_it.o
                0x080004a6                SysTick_Handler
 *fill*         0x080004b2        0x2 
 .text.USB_IRQHandler
                0x080004b4       0x14 ./Core/Src/stm32l4xx_it.o
                0x080004b4                USB_IRQHandler
 .text.SystemInit
                0x080004c8       0x24 ./Core/Src/system_stm32l4xx.o
                0x080004c8                SystemInit
 .text.CS_Low   0x080004ec       0x14 ./Core/Src/w25q128.o
 .text.CS_High  0x08000500       0x14 ./Core/Src/w25q128.o
 .text.W25Q128_ReadStatus1
                0x08000514       0x38 ./Core/Src/w25q128.o
                0x08000514                W25Q128_ReadStatus1
 .text.Reset_Handler
                0x0800054c       0x50 ./Core/Startup/startup_stm32l432kcux.o
                0x0800054c                Reset_Handler
 .text.Default_Handler
                0x0800059c        0x2 ./Core/Startup/startup_stm32l432kcux.o
                0x0800059c                RTC_Alarm_IRQHandler
                0x0800059c                EXTI2_IRQHandler
                0x0800059c                TIM1_CC_IRQHandler
                0x0800059c                TSC_IRQHandler
                0x0800059c                TAMP_STAMP_IRQHandler
                0x0800059c                EXTI3_IRQHandler
                0x0800059c                LPTIM2_IRQHandler
                0x0800059c                I2C3_ER_IRQHandler
                0x0800059c                EXTI0_IRQHandler
                0x0800059c                CAN1_RX0_IRQHandler
                0x0800059c                FPU_IRQHandler
                0x0800059c                TIM1_UP_TIM16_IRQHandler
                0x0800059c                SPI1_IRQHandler
                0x0800059c                TIM6_DAC_IRQHandler
                0x0800059c                DMA2_Channel2_IRQHandler
                0x0800059c                DMA1_Channel4_IRQHandler
                0x0800059c                ADC1_IRQHandler
                0x0800059c                DMA1_Channel7_IRQHandler
                0x0800059c                CAN1_RX1_IRQHandler
                0x0800059c                DMA2_Channel1_IRQHandler
                0x0800059c                QUADSPI_IRQHandler
                0x0800059c                I2C1_EV_IRQHandler
                0x0800059c                DMA1_Channel6_IRQHandler
                0x0800059c                DMA2_Channel4_IRQHandler
                0x0800059c                RCC_IRQHandler
                0x0800059c                TIM1_TRG_COM_IRQHandler
                0x0800059c                DMA1_Channel1_IRQHandler
                0x0800059c                Default_Handler
                0x0800059c                DMA2_Channel7_IRQHandler
                0x0800059c                EXTI15_10_IRQHandler
                0x0800059c                TIM7_IRQHandler
                0x0800059c                I2C3_EV_IRQHandler
                0x0800059c                EXTI9_5_IRQHandler
                0x0800059c                RTC_WKUP_IRQHandler
                0x0800059c                PVD_PVM_IRQHandler
                0x0800059c                CAN1_TX_IRQHandler
                0x0800059c                DMA2_Channel5_IRQHandler
                0x0800059c                CRS_IRQHandler
                0x0800059c                DMA1_Channel5_IRQHandler
                0x0800059c                EXTI4_IRQHandler
                0x0800059c                RNG_IRQHandler
                0x0800059c                DMA1_Channel3_IRQHandler
                0x0800059c                COMP_IRQHandler
                0x0800059c                WWDG_IRQHandler
                0x0800059c                LPUART1_IRQHandler
                0x0800059c                DMA2_Channel6_IRQHandler
                0x0800059c                TIM2_IRQHandler
                0x0800059c                EXTI1_IRQHandler
                0x0800059c                USART2_IRQHandler
                0x0800059c                DMA1_Channel2_IRQHandler
                0x0800059c                CAN1_SCE_IRQHandler
                0x0800059c                FLASH_IRQHandler
                0x0800059c                USART1_IRQHandler
                0x0800059c                SPI3_IRQHandler
                0x0800059c                I2C1_ER_IRQHandler
                0x0800059c                SWPMI1_IRQHandler
                0x0800059c                LPTIM1_IRQHandler
                0x0800059c                SAI1_IRQHandler
                0x0800059c                DMA2_Channel3_IRQHandler
                0x0800059c                TIM1_BRK_TIM15_IRQHandler
 .text.HAL_Init
                0x0800059e       0x30 ./Drivers/STM32L4xx_HAL_Driver/Src/stm32l4xx_hal.o
                0x0800059e                HAL_Init
 *fill*         0x080005ce        0x2 
 .text.HAL_InitTick
                0x080005d0       0x78 ./Drivers/STM32L4xx_HAL_Driver/Src/stm32l4xx_hal.o
                0x080005d0                HAL_InitTick
 .text.HAL_IncTick
                0x08000648       0x28 ./Drivers/STM32L4xx_HAL_Driver/Src/stm32l4xx_hal.o
                0x08000648                HAL_IncTick
 .text.HAL_GetTick
                0x08000670       0x18 ./Drivers/STM32L4xx_HAL_Driver/Src/stm32l4xx_hal.o
                0x08000670                HAL_GetTick
 .text.__NVIC_SetPriorityGrouping
                0x08000688       0x48 ./Drivers/STM32L4xx_HAL_Driver/Src/stm32l4xx_hal_cortex.o
 .text.__NVIC_GetPriorityGrouping
                0x080006d0       0x1c ./Drivers/STM32L4xx_HAL_Driver/Src/stm32l4xx_hal_cortex.o
 .text.__NVIC_EnableIRQ
                0x080006ec       0x3c ./Drivers/STM32L4xx_HAL_Driver/Src/stm32l4xx_hal_cortex.o
 .text.__NVIC_SetPriority
                0x08000728       0x54 ./Drivers/STM32L4xx_HAL_Driver/Src/stm32l4xx_hal_cortex.o
 .text.NVIC_EncodePriority
                0x0800077c       0x66 ./Drivers/STM32L4xx_HAL_Driver/Src/stm32l4xx_hal_cortex.o
 *fill*         0x080007e2        0x2 
 .text.SysTick_Config
                0x080007e4       0x44 ./Drivers/STM32L4xx_HAL_Driver/Src/stm32l4xx_hal_cortex.o
 .text.HAL_NVIC_SetPriorityGrouping
                0x08000828       0x16 ./Drivers/STM32L4xx_HAL_Driver/Src/stm32l4xx_hal_cortex.o
                0x08000828                HAL_NVIC_SetPriorityGrouping
 .text.HAL_NVIC_SetPriority
                0x0800083e       0x38 ./Drivers/STM32L4xx_HAL_Driver/Src/stm32l4xx_hal_cortex.o
                0x0800083e                HAL_NVIC_SetPriority
 .text.HAL_NVIC_EnableIRQ
                0x08000876       0x1c ./Drivers/STM32L4xx_HAL_Driver/Src/stm32l4xx_hal_cortex.o
                0x08000876                HAL_NVIC_EnableIRQ
 .text.HAL_SYSTICK_Config
                0x08000892       0x18 ./Drivers/STM32L4xx_HAL_Driver/Src/stm32l4xx_hal_cortex.o
                0x08000892                HAL_SYSTICK_Config
 *fill*         0x080008aa        0x2 
 .text.HAL_GPIO_Init
                0x080008ac      0x2d4 ./Drivers/STM32L4xx_HAL_Driver/Src/stm32l4xx_hal_gpio.o
                0x080008ac                HAL_GPIO_Init
 .text.HAL_GPIO_WritePin
                0x08000b80       0x30 ./Drivers/STM32L4xx_HAL_Driver/Src/stm32l4xx_hal_gpio.o
                0x08000b80                HAL_GPIO_WritePin
 .text.HAL_PCD_Init
                0x08000bb0      0x1fa ./Drivers/STM32L4xx_HAL_Driver/Src/stm32l4xx_hal_pcd.o
                0x08000bb0                HAL_PCD_Init
 .text.HAL_PCD_Start
                0x08000daa       0x44 ./Drivers/STM32L4xx_HAL_Driver/Src/stm32l4xx_hal_pcd.o
                0x08000daa                HAL_PCD_Start
 .text.HAL_PCD_IRQHandler
                0x08000dee      0x24e ./Drivers/STM32L4xx_HAL_Driver/Src/stm32l4xx_hal_pcd.o
                0x08000dee                HAL_PCD_IRQHandler
 .text.HAL_PCD_SetAddress
                0x0800103c       0x48 ./Drivers/STM32L4xx_HAL_Driver/Src/stm32l4xx_hal_pcd.o
                0x0800103c                HAL_PCD_SetAddress
 .text.HAL_PCD_EP_Open
                0x08001084       0xbe ./Drivers/STM32L4xx_HAL_Driver/Src/stm32l4xx_hal_pcd.o
                0x08001084                HAL_PCD_EP_Open
 .text.HAL_PCD_EP_Close
                0x08001142       0x90 ./Drivers/STM32L4xx_HAL_Driver/Src/stm32l4xx_hal_pcd.o
                0x08001142                HAL_PCD_EP_Close
 .text.HAL_PCD_EP_Receive
                0x080011d2       0x62 ./Drivers/STM32L4xx_HAL_Driver/Src/stm32l4xx_hal_pcd.o
                0x080011d2                HAL_PCD_EP_Receive
 .text.HAL_PCD_EP_GetRxCount
                0x08001234       0x30 ./Drivers/STM32L4xx_HAL_Driver/Src/stm32l4xx_hal_pcd.o
                0x08001234                HAL_PCD_EP_GetRxCount
 .text.HAL_PCD_EP_Transmit
                0x08001264       0x6e ./Drivers/STM32L4xx_HAL_Driver/Src/stm32l4xx_hal_pcd.o
                0x08001264                HAL_PCD_EP_Transmit
 .text.HAL_PCD_EP_SetStall
                0x080012d2       0xc0 ./Drivers/STM32L4xx_HAL_Driver/Src/stm32l4xx_hal_pcd.o
                0x080012d2                HAL_PCD_EP_SetStall
 .text.HAL_PCD_EP_ClrStall
                0x08001392       0xa8 ./Drivers/STM32L4xx_HAL_Driver/Src/stm32l4xx_hal_pcd.o
                0x08001392                HAL_PCD_EP_ClrStall
 .text.HAL_PCD_EP_Flush
                0x0800143a       0x5a ./Drivers/STM32L4xx_HAL_Driver/Src/stm32l4xx_hal_pcd.o
                0x0800143a                HAL_PCD_EP_Flush
 .text.PCD_EP_ISR_Handler
                0x08001494      0x710 ./Drivers/STM32L4xx_HAL_Driver/Src/stm32l4xx_hal_pcd.o
 .text.HAL_PCD_EP_DB_Receive
                0x08001ba4      0x212 ./Drivers/STM32L4xx_HAL_Driver/Src/stm32l4xx_hal_pcd.o
 .text.HAL_PCD_EP_DB_Transmit
                0x08001db6      0x878 ./Drivers/STM32L4xx_HAL_Driver/Src/stm32l4xx_hal_pcd.o
 .text.HAL_PCDEx_PMAConfig
                0x0800262e       0x86 ./Drivers/STM32L4xx_HAL_Driver/Src/stm32l4xx_hal_pcd_ex.o
                0x0800262e                HAL_PCDEx_PMAConfig
 .text.HAL_PCDEx_ActivateLPM
                0x080026b4       0x54 ./Drivers/STM32L4xx_HAL_Driver/Src/stm32l4xx_hal_pcd_ex.o
                0x080026b4                HAL_PCDEx_ActivateLPM
 .text.HAL_PWREx_GetVoltageRange
                0x08002708       0x1c ./Drivers/STM32L4xx_HAL_Driver/Src/stm32l4xx_hal_pwr_ex.o
                0x08002708                HAL_PWREx_GetVoltageRange
 .text.HAL_PWREx_ControlVoltageScaling
                0x08002724       0xac ./Drivers/STM32L4xx_HAL_Driver/Src/stm32l4xx_hal_pwr_ex.o
                0x08002724                HAL_PWREx_ControlVoltageScaling
 .text.HAL_PWREx_EnableVddUSB
                0x080027d0       0x20 ./Drivers/STM32L4xx_HAL_Driver/Src/stm32l4xx_hal_pwr_ex.o
                0x080027d0                HAL_PWREx_EnableVddUSB
 .text.HAL_RCC_OscConfig
                0x080027f0      0x828 ./Drivers/STM32L4xx_HAL_Driver/Src/stm32l4xx_hal_rcc.o
                0x080027f0                HAL_RCC_OscConfig
 .text.HAL_RCC_ClockConfig
                0x08003018      0x200 ./Drivers/STM32L4xx_HAL_Driver/Src/stm32l4xx_hal_rcc.o
                0x08003018                HAL_RCC_ClockConfig
 .text.HAL_RCC_GetSysClockFreq
                0x08003218      0x118 ./Drivers/STM32L4xx_HAL_Driver/Src/stm32l4xx_hal_rcc.o
                0x08003218                HAL_RCC_GetSysClockFreq
 .text.RCC_SetFlashLatencyFromMSIRange
                0x08003330       0xc0 ./Drivers/STM32L4xx_HAL_Driver/Src/stm32l4xx_hal_rcc.o
 .text.HAL_RCCEx_PeriphCLKConfig
                0x080033f0      0x3ec ./Drivers/STM32L4xx_HAL_Driver/Src/stm32l4xx_hal_rcc_ex.o
                0x080033f0                HAL_RCCEx_PeriphCLKConfig
 .text.RCCEx_PLLSAI1_Config
                0x080037dc      0x1e4 ./Drivers/STM32L4xx_HAL_Driver/Src/stm32l4xx_hal_rcc_ex.o
 .text.HAL_SPI_Init
                0x080039c0      0x146 ./Drivers/STM32L4xx_HAL_Driver/Src/stm32l4xx_hal_spi.o
                0x080039c0                HAL_SPI_Init
 .text.HAL_SPI_TransmitReceive
                0x08003b06      0x43e ./Drivers/STM32L4xx_HAL_Driver/Src/stm32l4xx_hal_spi.o
                0x08003b06                HAL_SPI_TransmitReceive
 .text.SPI_WaitFlagStateUntilTimeout
                0x08003f44      0x110 ./Drivers/STM32L4xx_HAL_Driver/Src/stm32l4xx_hal_spi.o
 .text.SPI_WaitFifoStateUntilTimeout
                0x08004054      0x12c ./Drivers/STM32L4xx_HAL_Driver/Src/stm32l4xx_hal_spi.o
 .text.SPI_EndRxTxTransaction
                0x08004180       0x8c ./Drivers/STM32L4xx_HAL_Driver/Src/stm32l4xx_hal_spi.o
 .text.USB_CoreInit
                0x0800420c       0x1c ./Drivers/STM32L4xx_HAL_Driver/Src/stm32l4xx_ll_usb.o
                0x0800420c                USB_CoreInit
 .text.USB_EnableGlobalInt
                0x08004228       0x2e ./Drivers/STM32L4xx_HAL_Driver/Src/stm32l4xx_ll_usb.o
                0x08004228                USB_EnableGlobalInt
 .text.USB_DisableGlobalInt
                0x08004256       0x36 ./Drivers/STM32L4xx_HAL_Driver/Src/stm32l4xx_ll_usb.o
                0x08004256                USB_DisableGlobalInt
 .text.USB_SetCurrentMode
                0x0800428c       0x1a ./Drivers/STM32L4xx_HAL_Driver/Src/stm32l4xx_ll_usb.o
                0x0800428c                USB_SetCurrentMode
 .text.USB_DevInit
                0x080042a6       0x3c ./Drivers/STM32L4xx_HAL_Driver/Src/stm32l4xx_ll_usb.o
                0x080042a6                USB_DevInit
 .text.USB_FlushTxFifo
                0x080042e2       0x18 ./Drivers/STM32L4xx_HAL_Driver/Src/stm32l4xx_ll_usb.o
                0x080042e2                USB_FlushTxFifo
 .text.USB_FlushRxFifo
                0x080042fa       0x16 ./Drivers/STM32L4xx_HAL_Driver/Src/stm32l4xx_ll_usb.o
                0x080042fa                USB_FlushRxFifo
 .text.USB_ActivateEndpoint
                0x08004310      0x9d0 ./Drivers/STM32L4xx_HAL_Driver/Src/stm32l4xx_ll_usb.o
                0x08004310                USB_ActivateEndpoint
 .text.USB_DeactivateEndpoint
                0x08004ce0      0x3da ./Drivers/STM32L4xx_HAL_Driver/Src/stm32l4xx_ll_usb.o
                0x08004ce0                USB_DeactivateEndpoint
 .text.USB_EPStartXfer
                0x080050ba      0xb5e ./Drivers/STM32L4xx_HAL_Driver/Src/stm32l4xx_ll_usb.o
                0x080050ba                USB_EPStartXfer
 .text.USB_EPSetStall
                0x08005c18       0xa2 ./Drivers/STM32L4xx_HAL_Driver/Src/stm32l4xx_ll_usb.o
                0x08005c18                USB_EPSetStall
 .text.USB_EPClearStall
                0x08005cba      0x152 ./Drivers/STM32L4xx_HAL_Driver/Src/stm32l4xx_ll_usb.o
                0x08005cba                USB_EPClearStall
 .text.USB_SetDevAddress
                0x08005e0c       0x28 ./Drivers/STM32L4xx_HAL_Driver/Src/stm32l4xx_ll_usb.o
                0x08005e0c                USB_SetDevAddress
 .text.USB_DevConnect
                0x08005e34       0x2e ./Drivers/STM32L4xx_HAL_Driver/Src/stm32l4xx_ll_usb.o
                0x08005e34                USB_DevConnect
 .text.USB_DevDisconnect
                0x08005e62       0x2a ./Drivers/STM32L4xx_HAL_Driver/Src/stm32l4xx_ll_usb.o
                0x08005e62                USB_DevDisconnect
 .text.USB_ReadInterrupts
                0x08005e8c       0x20 ./Drivers/STM32L4xx_HAL_Driver/Src/stm32l4xx_ll_usb.o
                0x08005e8c                USB_ReadInterrupts
 .text.USB_EP0_OutStart
                0x08005eac       0x18 ./Drivers/STM32L4xx_HAL_Driver/Src/stm32l4xx_ll_usb.o
                0x08005eac                USB_EP0_OutStart
 .text.USB_WritePMA
                0x08005ec4       0x86 ./Drivers/STM32L4xx_HAL_Driver/Src/stm32l4xx_ll_usb.o
                0x08005ec4                USB_WritePMA
 .text.USB_ReadPMA
                0x08005f4a       0x98 ./Drivers/STM32L4xx_HAL_Driver/Src/stm32l4xx_ll_usb.o
                0x08005f4a                USB_ReadPMA
 *fill*         0x08005fe2        0x2 
 .text.USBD_MSC_Init
                0x08005fe4      0x120 ./Middlewares/ST/STM32_USB_Device_Library/Class/MSC/Src/usbd_msc.o
                0x08005fe4                USBD_MSC_Init
 .text.USBD_MSC_DeInit
                0x08006104       0xb0 ./Middlewares/ST/STM32_USB_Device_Library/Class/MSC/Src/usbd_msc.o
                0x08006104                USBD_MSC_DeInit
 .text.USBD_MSC_Setup
                0x080061b4      0x200 ./Middlewares/ST/STM32_USB_Device_Library/Class/MSC/Src/usbd_msc.o
                0x080061b4                USBD_MSC_Setup
 .text.USBD_MSC_DataIn
                0x080063b4       0x20 ./Middlewares/ST/STM32_USB_Device_Library/Class/MSC/Src/usbd_msc.o
                0x080063b4                USBD_MSC_DataIn
 .text.USBD_MSC_DataOut
                0x080063d4       0x20 ./Middlewares/ST/STM32_USB_Device_Library/Class/MSC/Src/usbd_msc.o
                0x080063d4                USBD_MSC_DataOut
 .text.USBD_MSC_GetHSCfgDesc
                0x080063f4       0x58 ./Middlewares/ST/STM32_USB_Device_Library/Class/MSC/Src/usbd_msc.o
                0x080063f4                USBD_MSC_GetHSCfgDesc
 .text.USBD_MSC_GetFSCfgDesc
                0x0800644c       0x58 ./Middlewares/ST/STM32_USB_Device_Library/Class/MSC/Src/usbd_msc.o
                0x0800644c                USBD_MSC_GetFSCfgDesc
 .text.USBD_MSC_GetOtherSpeedCfgDesc
                0x080064a4       0x58 ./Middlewares/ST/STM32_USB_Device_Library/Class/MSC/Src/usbd_msc.o
                0x080064a4                USBD_MSC_GetOtherSpeedCfgDesc
 .text.USBD_MSC_GetDeviceQualifierDescriptor
                0x080064fc       0x20 ./Middlewares/ST/STM32_USB_Device_Library/Class/MSC/Src/usbd_msc.o
                0x080064fc                USBD_MSC_GetDeviceQualifierDescriptor
 .text.USBD_MSC_RegisterStorage
                0x0800651c       0x34 ./Middlewares/ST/STM32_USB_Device_Library/Class/MSC/Src/usbd_msc.o
                0x0800651c                USBD_MSC_RegisterStorage
 .text.MSC_BOT_Init
                0x08006550       0x94 ./Middlewares/ST/STM32_USB_Device_Library/Class/MSC/Src/usbd_msc_bot.o
                0x08006550                MSC_BOT_Init
 .text.MSC_BOT_Reset
                0x080065e4       0x68 ./Middlewares/ST/STM32_USB_Device_Library/Class/MSC/Src/usbd_msc_bot.o
                0x080065e4                MSC_BOT_Reset
 .text.MSC_BOT_DeInit
                0x0800664c       0x30 ./Middlewares/ST/STM32_USB_Device_Library/Class/MSC/Src/usbd_msc_bot.o
                0x0800664c                MSC_BOT_DeInit
 .text.MSC_BOT_DataIn
                0x0800667c       0x74 ./Middlewares/ST/STM32_USB_Device_Library/Class/MSC/Src/usbd_msc_bot.o
                0x0800667c                MSC_BOT_DataIn
 .text.MSC_BOT_DataOut
                0x080066f0       0x68 ./Middlewares/ST/STM32_USB_Device_Library/Class/MSC/Src/usbd_msc_bot.o
                0x080066f0                MSC_BOT_DataOut
 .text.MSC_BOT_CBW_Decode
                0x08006758      0x12c ./Middlewares/ST/STM32_USB_Device_Library/Class/MSC/Src/usbd_msc_bot.o
 .text.MSC_BOT_SendData
                0x08006884       0x6c ./Middlewares/ST/STM32_USB_Device_Library/Class/MSC/Src/usbd_msc_bot.o
 .text.MSC_BOT_SendCSW
                0x080068f0       0x74 ./Middlewares/ST/STM32_USB_Device_Library/Class/MSC/Src/usbd_msc_bot.o
                0x080068f0                MSC_BOT_SendCSW
 .text.MSC_BOT_Abort
                0x08006964       0x84 ./Middlewares/ST/STM32_USB_Device_Library/Class/MSC/Src/usbd_msc_bot.o
 .text.MSC_BOT_CplClrFeature
                0x080069e8       0x74 ./Middlewares/ST/STM32_USB_Device_Library/Class/MSC/Src/usbd_msc_bot.o
                0x080069e8                MSC_BOT_CplClrFeature
 .text.SCSI_ProcessCmd
                0x08006a5c      0x354 ./Middlewares/ST/STM32_USB_Device_Library/Class/MSC/Src/usbd_msc_scsi.o
                0x08006a5c                SCSI_ProcessCmd
 .text.SCSI_TestUnitReady
                0x08006db0       0xb2 ./Middlewares/ST/STM32_USB_Device_Library/Class/MSC/Src/usbd_msc_scsi.o
 *fill*         0x08006e62        0x2 
 .text.SCSI_Inquiry
                0x08006e64       0xf8 ./Middlewares/ST/STM32_USB_Device_Library/Class/MSC/Src/usbd_msc_scsi.o
 .text.SCSI_ReadCapacity10
                0x08006f5c       0xf4 ./Middlewares/ST/STM32_USB_Device_Library/Class/MSC/Src/usbd_msc_scsi.o
 .text.SCSI_ReadCapacity16
                0x08007050      0x160 ./Middlewares/ST/STM32_USB_Device_Library/Class/MSC/Src/usbd_msc_scsi.o
 .text.SCSI_ReadFormatCapacity
                0x080071b0       0xf6 ./Middlewares/ST/STM32_USB_Device_Library/Class/MSC/Src/usbd_msc_scsi.o
 *fill*         0x080072a6        0x2 
 .text.SCSI_ModeSense6
                0x080072a8       0xa0 ./Middlewares/ST/STM32_USB_Device_Library/Class/MSC/Src/usbd_msc_scsi.o
 .text.SCSI_ModeSense10
                0x08007348       0x9c ./Middlewares/ST/STM32_USB_Device_Library/Class/MSC/Src/usbd_msc_scsi.o
 .text.SCSI_RequestSense
                0x080073e4      0x106 ./Middlewares/ST/STM32_USB_Device_Library/Class/MSC/Src/usbd_msc_scsi.o
 .text.SCSI_SenseCode
                0x080074ea       0x96 ./Middlewares/ST/STM32_USB_Device_Library/Class/MSC/Src/usbd_msc_scsi.o
                0x080074ea                SCSI_SenseCode
 .text.SCSI_StartStopUnit
                0x08007580       0xaa ./Middlewares/ST/STM32_USB_Device_Library/Class/MSC/Src/usbd_msc_scsi.o
 .text.SCSI_AllowPreventRemovable
                0x0800762a       0x5a ./Middlewares/ST/STM32_USB_Device_Library/Class/MSC/Src/usbd_msc_scsi.o
 .text.SCSI_Read10
                0x08007684      0x154 ./Middlewares/ST/STM32_USB_Device_Library/Class/MSC/Src/usbd_msc_scsi.o
 .text.SCSI_Read12
                0x080077d8      0x16a ./Middlewares/ST/STM32_USB_Device_Library/Class/MSC/Src/usbd_msc_scsi.o
 *fill*         0x08007942        0x2 
 .text.SCSI_Write10
                0x08007944      0x1b0 ./Middlewares/ST/STM32_USB_Device_Library/Class/MSC/Src/usbd_msc_scsi.o
 .text.SCSI_Write12
                0x08007af4      0x1d0 ./Middlewares/ST/STM32_USB_Device_Library/Class/MSC/Src/usbd_msc_scsi.o
 .text.SCSI_Verify10
                0x08007cc4       0x84 ./Middlewares/ST/STM32_USB_Device_Library/Class/MSC/Src/usbd_msc_scsi.o
 .text.SCSI_ReportLuns
                0x08007d48       0xa8 ./Middlewares/ST/STM32_USB_Device_Library/Class/MSC/Src/usbd_msc_scsi.o
 .text.SCSI_ReceiveDiagnosticResults
                0x08007df0       0x68 ./Middlewares/ST/STM32_USB_Device_Library/Class/MSC/Src/usbd_msc_scsi.o
 .text.SCSI_CheckAddressRange
                0x08007e58       0x64 ./Middlewares/ST/STM32_USB_Device_Library/Class/MSC/Src/usbd_msc_scsi.o
 .text.SCSI_ProcessRead
                0x08007ebc      0x104 ./Middlewares/ST/STM32_USB_Device_Library/Class/MSC/Src/usbd_msc_scsi.o
 .text.SCSI_ProcessWrite
                0x08007fc0      0x120 ./Middlewares/ST/STM32_USB_Device_Library/Class/MSC/Src/usbd_msc_scsi.o
 .text.SCSI_UpdateBotData
                0x080080e0       0x52 ./Middlewares/ST/STM32_USB_Device_Library/Class/MSC/Src/usbd_msc_scsi.o
 .text.USBD_Init
                0x08008132       0x60 ./Middlewares/ST/STM32_USB_Device_Library/Core/Src/usbd_core.o
                0x08008132                USBD_Init
 .text.USBD_RegisterClass
                0x08008192       0x6c ./Middlewares/ST/STM32_USB_Device_Library/Core/Src/usbd_core.o
                0x08008192                USBD_RegisterClass
 .text.USBD_Start
                0x080081fe       0x18 ./Middlewares/ST/STM32_USB_Device_Library/Core/Src/usbd_core.o
                0x080081fe                USBD_Start
 .text.USBD_RunTestMode
                0x08008216       0x16 ./Middlewares/ST/STM32_USB_Device_Library/Core/Src/usbd_core.o
                0x08008216                USBD_RunTestMode
 .text.USBD_SetClassConfig
                0x0800822c       0x38 ./Middlewares/ST/STM32_USB_Device_Library/Core/Src/usbd_core.o
                0x0800822c                USBD_SetClassConfig
 .text.USBD_ClrClassConfig
                0x08008264       0x34 ./Middlewares/ST/STM32_USB_Device_Library/Core/Src/usbd_core.o
                0x08008264                USBD_ClrClassConfig
 .text.USBD_LL_SetupStage
                0x08008298       0xaa ./Middlewares/ST/STM32_USB_Device_Library/Core/Src/usbd_core.o
                0x08008298                USBD_LL_SetupStage
 .text.USBD_LL_DataOutStage
                0x08008342      0x178 ./Middlewares/ST/STM32_USB_Device_Library/Core/Src/usbd_core.o
                0x08008342                USBD_LL_DataOutStage
 .text.USBD_LL_DataInStage
                0x080084ba      0x176 ./Middlewares/ST/STM32_USB_Device_Library/Core/Src/usbd_core.o
                0x080084ba                USBD_LL_DataInStage
 .text.USBD_LL_Reset
                0x08008630       0xa6 ./Middlewares/ST/STM32_USB_Device_Library/Core/Src/usbd_core.o
                0x08008630                USBD_LL_Reset
 .text.USBD_LL_SetSpeed
                0x080086d6       0x20 ./Middlewares/ST/STM32_USB_Device_Library/Core/Src/usbd_core.o
                0x080086d6                USBD_LL_SetSpeed
 .text.USBD_LL_Suspend
                0x080086f6       0x38 ./Middlewares/ST/STM32_USB_Device_Library/Core/Src/usbd_core.o
                0x080086f6                USBD_LL_Suspend
 .text.USBD_LL_Resume
                0x0800872e       0x30 ./Middlewares/ST/STM32_USB_Device_Library/Core/Src/usbd_core.o
                0x0800872e                USBD_LL_Resume
 .text.USBD_LL_SOF
                0x0800875e       0x40 ./Middlewares/ST/STM32_USB_Device_Library/Core/Src/usbd_core.o
                0x0800875e                USBD_LL_SOF
 .text.USBD_CoreFindIF
                0x0800879e       0x1a ./Middlewares/ST/STM32_USB_Device_Library/Core/Src/usbd_core.o
                0x0800879e                USBD_CoreFindIF
 .text.USBD_CoreFindEP
                0x080087b8       0x1a ./Middlewares/ST/STM32_USB_Device_Library/Core/Src/usbd_core.o
                0x080087b8                USBD_CoreFindEP
 .text.USBD_GetEpDesc
                0x080087d2       0x70 ./Middlewares/ST/STM32_USB_Device_Library/Core/Src/usbd_core.o
                0x080087d2                USBD_GetEpDesc
 .text.USBD_GetNextDesc
                0x08008842       0x38 ./Middlewares/ST/STM32_USB_Device_Library/Core/Src/usbd_core.o
                0x08008842                USBD_GetNextDesc
 .text.SWAPBYTE
                0x0800887a       0x3e ./Middlewares/ST/STM32_USB_Device_Library/Core/Src/usbd_ctlreq.o
 .text.USBD_StdDevReq
                0x080088b8       0xe4 ./Middlewares/ST/STM32_USB_Device_Library/Core/Src/usbd_ctlreq.o
                0x080088b8                USBD_StdDevReq
 .text.USBD_StdItfReq
                0x0800899c       0xd8 ./Middlewares/ST/STM32_USB_Device_Library/Core/Src/usbd_ctlreq.o
                0x0800899c                USBD_StdItfReq
 .text.USBD_StdEPReq
                0x08008a74      0x33e ./Middlewares/ST/STM32_USB_Device_Library/Core/Src/usbd_ctlreq.o
                0x08008a74                USBD_StdEPReq
 *fill*         0x08008db2        0x2 
 .text.USBD_GetDescriptor
                0x08008db4      0x328 ./Middlewares/ST/STM32_USB_Device_Library/Core/Src/usbd_ctlreq.o
 .text.USBD_SetAddress
                0x080090dc       0x88 ./Middlewares/ST/STM32_USB_Device_Library/Core/Src/usbd_ctlreq.o
 .text.USBD_SetConfig
                0x08009164      0x154 ./Middlewares/ST/STM32_USB_Device_Library/Core/Src/usbd_ctlreq.o
 .text.USBD_GetConfig
                0x080092b8       0x6c ./Middlewares/ST/STM32_USB_Device_Library/Core/Src/usbd_ctlreq.o
 .text.USBD_GetStatus
                0x08009324       0x68 ./Middlewares/ST/STM32_USB_Device_Library/Core/Src/usbd_ctlreq.o
 .text.USBD_SetFeature
                0x0800938c       0x52 ./Middlewares/ST/STM32_USB_Device_Library/Core/Src/usbd_ctlreq.o
 .text.USBD_ClrFeature
                0x080093de       0x44 ./Middlewares/ST/STM32_USB_Device_Library/Core/Src/usbd_ctlreq.o
 .text.USBD_ParseSetupRequest
                0x08009422       0x74 ./Middlewares/ST/STM32_USB_Device_Library/Core/Src/usbd_ctlreq.o
                0x08009422                USBD_ParseSetupRequest
 .text.USBD_CtlError
                0x08009496       0x22 ./Middlewares/ST/STM32_USB_Device_Library/Core/Src/usbd_ctlreq.o
                0x08009496                USBD_CtlError
 .text.USBD_GetString
                0x080094b8       0xa4 ./Middlewares/ST/STM32_USB_Device_Library/Core/Src/usbd_ctlreq.o
                0x080094b8                USBD_GetString
 .text.USBD_GetLen
                0x0800955c       0x34 ./Middlewares/ST/STM32_USB_Device_Library/Core/Src/usbd_ctlreq.o
 .text.USBD_CtlSendData
                0x08009590       0x3c ./Middlewares/ST/STM32_USB_Device_Library/Core/Src/usbd_ioreq.o
                0x08009590                USBD_CtlSendData
 .text.USBD_CtlContinueSendData
                0x080095cc       0x22 ./Middlewares/ST/STM32_USB_Device_Library/Core/Src/usbd_ioreq.o
                0x080095cc                USBD_CtlContinueSendData
 .text.USBD_CtlContinueRx
                0x080095ee       0x22 ./Middlewares/ST/STM32_USB_Device_Library/Core/Src/usbd_ioreq.o
                0x080095ee                USBD_CtlContinueRx
 .text.USBD_CtlSendStatus
                0x08009610       0x26 ./Middlewares/ST/STM32_USB_Device_Library/Core/Src/usbd_ioreq.o
                0x08009610                USBD_CtlSendStatus
 .text.USBD_CtlReceiveStatus
                0x08009636       0x26 ./Middlewares/ST/STM32_USB_Device_Library/Core/Src/usbd_ioreq.o
                0x08009636                USBD_CtlReceiveStatus
 .text.MX_USB_DEVICE_Init
                0x0800965c       0x60 ./USB_DEVICE/App/usb_device.o
                0x0800965c                MX_USB_DEVICE_Init
 .text.USBD_FS_DeviceDescriptor
                0x080096bc       0x24 ./USB_DEVICE/App/usbd_desc.o
                0x080096bc                USBD_FS_DeviceDescriptor
 .text.USBD_FS_LangIDStrDescriptor
                0x080096e0       0x24 ./USB_DEVICE/App/usbd_desc.o
                0x080096e0                USBD_FS_LangIDStrDescriptor
 .text.USBD_FS_ProductStrDescriptor
                0x08009704       0x3c ./USB_DEVICE/App/usbd_desc.o
                0x08009704                USBD_FS_ProductStrDescriptor
 .text.USBD_FS_ManufacturerStrDescriptor
                0x08009740       0x28 ./USB_DEVICE/App/usbd_desc.o
                0x08009740                USBD_FS_ManufacturerStrDescriptor
 .text.USBD_FS_SerialStrDescriptor
                0x08009768       0x24 ./USB_DEVICE/App/usbd_desc.o
                0x08009768                USBD_FS_SerialStrDescriptor
 .text.USBD_FS_ConfigStrDescriptor
                0x0800978c       0x3c ./USB_DEVICE/App/usbd_desc.o
                0x0800978c                USBD_FS_ConfigStrDescriptor
 .text.USBD_FS_InterfaceStrDescriptor
                0x080097c8       0x3c ./USB_DEVICE/App/usbd_desc.o
                0x080097c8                USBD_FS_InterfaceStrDescriptor
 .text.USBD_FS_USR_BOSDescriptor
                0x08009804       0x24 ./USB_DEVICE/App/usbd_desc.o
                0x08009804                USBD_FS_USR_BOSDescriptor
 .text.Get_SerialNum
                0x08009828       0x58 ./USB_DEVICE/App/usbd_desc.o
 .text.IntToUnicode
                0x08009880       0x7e ./USB_DEVICE/App/usbd_desc.o
 *fill*         0x080098fe        0x2 
 .text.STORAGE_Init_FS
                0x08009900       0x24 ./USB_DEVICE/App/usbd_storage_if.o
 .text.STORAGE_GetCapacity_FS
                0x08009924       0x2a ./USB_DEVICE/App/usbd_storage_if.o
 .text.STORAGE_IsReady_FS
                0x0800994e       0x18 ./USB_DEVICE/App/usbd_storage_if.o
 .text.STORAGE_IsWriteProtected_FS
                0x08009966       0x18 ./USB_DEVICE/App/usbd_storage_if.o
 *fill*         0x0800997e        0x2 
 .text.STORAGE_Read_FS
                0x08009980       0x38 ./USB_DEVICE/App/usbd_storage_if.o
 .text.STORAGE_Write_FS
                0x080099b8       0x38 ./USB_DEVICE/App/usbd_storage_if.o
 .text.STORAGE_GetMaxLun_FS
                0x080099f0       0x10 ./USB_DEVICE/App/usbd_storage_if.o
 .text.HAL_PCD_MspInit
                0x08009a00       0x78 ./USB_DEVICE/Target/usbd_conf.o
                0x08009a00                HAL_PCD_MspInit
 .text.HAL_PCD_SetupStageCallback
                0x08009a78       0x24 ./USB_DEVICE/Target/usbd_conf.o
                0x08009a78                HAL_PCD_SetupStageCallback
 .text.HAL_PCD_DataOutStageCallback
                0x08009a9c       0x36 ./USB_DEVICE/Target/usbd_conf.o
                0x08009a9c                HAL_PCD_DataOutStageCallback
 .text.HAL_PCD_DataInStageCallback
                0x08009ad2       0x34 ./USB_DEVICE/Target/usbd_conf.o
                0x08009ad2                HAL_PCD_DataInStageCallback
 .text.HAL_PCD_SOFCallback
                0x08009b06       0x1c ./USB_DEVICE/Target/usbd_conf.o
                0x08009b06                HAL_PCD_SOFCallback
 .text.HAL_PCD_ResetCallback
                0x08009b22       0x3c ./USB_DEVICE/Target/usbd_conf.o
                0x08009b22                HAL_PCD_ResetCallback
 *fill*         0x08009b5e        0x2 
 .text.HAL_PCD_SuspendCallback
                0x08009b60       0x34 ./USB_DEVICE/Target/usbd_conf.o
                0x08009b60                HAL_PCD_SuspendCallback
 .text.HAL_PCD_ResumeCallback
                0x08009b94       0x38 ./USB_DEVICE/Target/usbd_conf.o
                0x08009b94                HAL_PCD_ResumeCallback
 .text.USBD_LL_Init
                0x08009bcc       0xb0 ./USB_DEVICE/Target/usbd_conf.o
                0x08009bcc                USBD_LL_Init
 .text.USBD_LL_Start
                0x08009c7c       0x64 ./USB_DEVICE/Target/usbd_conf.o
                0x08009c7c                USBD_LL_Start
 .text.USBD_LL_OpenEP
                0x08009ce0       0x7c ./USB_DEVICE/Target/usbd_conf.o
                0x08009ce0                USBD_LL_OpenEP
 .text.USBD_LL_CloseEP
                0x08009d5c       0x6c ./USB_DEVICE/Target/usbd_conf.o
                0x08009d5c                USBD_LL_CloseEP
 .text.USBD_LL_FlushEP
                0x08009dc8       0x6c ./USB_DEVICE/Target/usbd_conf.o
                0x08009dc8                USBD_LL_FlushEP
 .text.USBD_LL_StallEP
                0x08009e34       0x6c ./USB_DEVICE/Target/usbd_conf.o
                0x08009e34                USBD_LL_StallEP
 .text.USBD_LL_ClearStallEP
                0x08009ea0       0x6c ./USB_DEVICE/Target/usbd_conf.o
                0x08009ea0                USBD_LL_ClearStallEP
 .text.USBD_LL_IsStallEP
                0x08009f0c       0x58 ./USB_DEVICE/Target/usbd_conf.o
                0x08009f0c                USBD_LL_IsStallEP
 .text.USBD_LL_SetUSBAddress
                0x08009f64       0x6c ./USB_DEVICE/Target/usbd_conf.o
                0x08009f64                USBD_LL_SetUSBAddress
 .text.USBD_LL_Transmit
                0x08009fd0       0x70 ./USB_DEVICE/Target/usbd_conf.o
                0x08009fd0                USBD_LL_Transmit
 .text.USBD_LL_PrepareReceive
                0x0800a040       0x70 ./USB_DEVICE/Target/usbd_conf.o
                0x0800a040                USBD_LL_PrepareReceive
 .text.USBD_LL_GetRxDataSize
                0x0800a0b0       0x26 ./USB_DEVICE/Target/usbd_conf.o
                0x0800a0b0                USBD_LL_GetRxDataSize
 *fill*         0x0800a0d6        0x2 
 .text.HAL_PCDEx_LPM_Callback
                0x0800a0d8       0x6c ./USB_DEVICE/Target/usbd_conf.o
                0x0800a0d8                HAL_PCDEx_LPM_Callback
 .text.USBD_static_malloc
                0x0800a144       0x1c ./USB_DEVICE/Target/usbd_conf.o
                0x0800a144                USBD_static_malloc
 .text.USBD_static_free
                0x0800a160       0x14 ./USB_DEVICE/Target/usbd_conf.o
                0x0800a160                USBD_static_free
 .text.SystemClockConfig_Resume
                0x0800a174        0xc ./USB_DEVICE/Target/usbd_conf.o
 .text.memset   0x0800a180       0x10 C:/ST/STM32CubeIDE_1.19.0/STM32CubeIDE/plugins/com.st.stm32cube.ide.mcu.externaltools.gnu-tools-for-stm32.13.3.rel1.win32_1.0.0.202411081344/tools/bin/../lib/gcc/arm-none-eabi/13.3.1/../../../../arm-none-eabi/lib/thumb/v7e-m+fp/hard\libc_nano.a(libc_a-memset.o)
                0x0800a180                memset
 .text.__libc_init_array
                0x0800a190       0x48 C:/ST/STM32CubeIDE_1.19.0/STM32CubeIDE/plugins/com.st.stm32cube.ide.mcu.externaltools.gnu-tools-for-stm32.13.3.rel1.win32_1.0.0.202411081344/tools/bin/../lib/gcc/arm-none-eabi/13.3.1/../../../../arm-none-eabi/lib/thumb/v7e-m+fp/hard\libc_nano.a(libc_a-init.o)
                0x0800a190                __libc_init_array
 .text.memcpy   0x0800a1d8       0x1c C:/ST/STM32CubeIDE_1.19.0/STM32CubeIDE/plugins/com.st.stm32cube.ide.mcu.externaltools.gnu-tools-for-stm32.13.3.rel1.win32_1.0.0.202411081344/tools/bin/../lib/gcc/arm-none-eabi/13.3.1/../../../../arm-none-eabi/lib/thumb/v7e-m+fp/hard\libc_nano.a(libc_a-memcpy-stub.o)
                0x0800a1d8                memcpy
 *(.glue_7)
 .glue_7        0x0800a1f4        0x0 linker stubs
 *(.glue_7t)
 .glue_7t       0x0800a1f4        0x0 linker stubs
 *(.eh_frame)
 .eh_frame      0x0800a1f4        0x0 C:/ST/STM32CubeIDE_1.19.0/STM32CubeIDE/plugins/com.st.stm32cube.ide.mcu.externaltools.gnu-tools-for-stm32.13.3.rel1.win32_1.0.0.202411081344/tools/bin/../lib/gcc/arm-none-eabi/13.3.1/thumb/v7e-m+fp/hard/crtbegin.o
 *(.init)
 .init          0x0800a1f4        0x4 C:/ST/STM32CubeIDE_1.19.0/STM32CubeIDE/plugins/com.st.stm32cube.ide.mcu.externaltools.gnu-tools-for-stm32.13.3.rel1.win32_1.0.0.202411081344/tools/bin/../lib/gcc/arm-none-eabi/13.3.1/thumb/v7e-m+fp/hard/crti.o
                0x0800a1f4                _init
 .init          0x0800a1f8        0x8 C:/ST/STM32CubeIDE_1.19.0/STM32CubeIDE/plugins/com.st.stm32cube.ide.mcu.externaltools.gnu-tools-for-stm32.13.3.rel1.win32_1.0.0.202411081344/tools/bin/../lib/gcc/arm-none-eabi/13.3.1/thumb/v7e-m+fp/hard/crtn.o
 *(.fini)
 .fini          0x0800a200        0x4 C:/ST/STM32CubeIDE_1.19.0/STM32CubeIDE/plugins/com.st.stm32cube.ide.mcu.externaltools.gnu-tools-for-stm32.13.3.rel1.win32_1.0.0.202411081344/tools/bin/../lib/gcc/arm-none-eabi/13.3.1/thumb/v7e-m+fp/hard/crti.o
                0x0800a200                _fini
 .fini          0x0800a204        0x8 C:/ST/STM32CubeIDE_1.19.0/STM32CubeIDE/plugins/com.st.stm32cube.ide.mcu.externaltools.gnu-tools-for-stm32.13.3.rel1.win32_1.0.0.202411081344/tools/bin/../lib/gcc/arm-none-eabi/13.3.1/thumb/v7e-m+fp/hard/crtn.o
                0x0800a20c                        . = ALIGN (0x4)
                0x0800a20c                        _etext = .

.vfp11_veneer   0x0800a20c        0x0
 .vfp11_veneer  0x0800a20c        0x0 linker stubs

.v4_bx          0x0800a20c        0x0
 .v4_bx         0x0800a20c        0x0 linker stubs

.iplt           0x0800a20c        0x0
 .iplt          0x0800a20c        0x0 C:/ST/STM32CubeIDE_1.19.0/STM32CubeIDE/plugins/com.st.stm32cube.ide.mcu.externaltools.gnu-tools-for-stm32.13.3.rel1.win32_1.0.0.202411081344/tools/bin/../lib/gcc/arm-none-eabi/13.3.1/thumb/v7e-m+fp/hard/crtbegin.o

.rodata         0x0800a20c       0x9c
                0x0800a20c                        . = ALIGN (0x4)
 *(.rodata)
 .rodata        0x0800a20c       0x36 ./USB_DEVICE/App/usbd_desc.o
 *(.rodata*)
 *fill*         0x0800a242        0x2 
 .rodata.AHBPrescTable
                0x0800a244       0x10 ./Core/Src/system_stm32l4xx.o
                0x0800a244                AHBPrescTable
 .rodata.MSIRangeTable
                0x0800a254       0x30 ./Core/Src/system_stm32l4xx.o
                0x0800a254                MSIRangeTable
 .rodata.STORAGE_Inquirydata_FS
                0x0800a284       0x24 ./USB_DEVICE/App/usbd_storage_if.o
                0x0800a284                STORAGE_Inquirydata_FS
                0x0800a2a8                        . = ALIGN (0x4)

.ARM.extab      0x0800a2a8        0x0
                0x0800a2a8                        . = ALIGN (0x4)
 *(.ARM.extab* .gnu.linkonce.armextab.*)
                0x0800a2a8                        . = ALIGN (0x4)

.ARM            0x0800a2a8        0x0
                0x0800a2a8                        . = ALIGN (0x4)
                0x0800a2a8                        __exidx_start = .
 *(.ARM.exidx*)
                0x0800a2a8                        __exidx_end = .
                0x0800a2a8                        . = ALIGN (0x4)

.preinit_array  0x0800a2a8        0x0
                0x0800a2a8                        . = ALIGN (0x4)
                0x0800a2a8                        PROVIDE (__preinit_array_start = .)
 *(.preinit_array*)
                0x0800a2a8                        PROVIDE (__preinit_array_end = .)
                0x0800a2a8                        . = ALIGN (0x4)

.init_array     0x0800a2a8        0x4
                0x0800a2a8                        . = ALIGN (0x4)
                0x0800a2a8                        PROVIDE (__init_array_start = .)
 *(SORT_BY_NAME(.init_array.*))
 *(.init_array*)
 .init_array    0x0800a2a8        0x4 C:/ST/STM32CubeIDE_1.19.0/STM32CubeIDE/plugins/com.st.stm32cube.ide.mcu.externaltools.gnu-tools-for-stm32.13.3.rel1.win32_1.0.0.202411081344/tools/bin/../lib/gcc/arm-none-eabi/13.3.1/thumb/v7e-m+fp/hard/crtbegin.o
                0x0800a2ac                        PROVIDE (__init_array_end = .)
                0x0800a2ac                        . = ALIGN (0x4)

.fini_array     0x0800a2ac        0x4
                0x0800a2ac                        . = ALIGN (0x4)
                [!provide]                        PROVIDE (__fini_array_start = .)
 *(SORT_BY_NAME(.fini_array.*))
 *(.fini_array*)
 .fini_array    0x0800a2ac        0x4 C:/ST/STM32CubeIDE_1.19.0/STM32CubeIDE/plugins/com.st.stm32cube.ide.mcu.externaltools.gnu-tools-for-stm32.13.3.rel1.win32_1.0.0.202411081344/tools/bin/../lib/gcc/arm-none-eabi/13.3.1/thumb/v7e-m+fp/hard/crtbegin.o
                [!provide]                        PROVIDE (__fini_array_end = .)
                0x0800a2b0                        . = ALIGN (0x4)
                0x0800a2b0                        _sidata = LOADADDR (.data)

.rel.dyn        0x0800a2b0        0x0
 .rel.iplt      0x0800a2b0        0x0 C:/ST/STM32CubeIDE_1.19.0/STM32CubeIDE/plugins/com.st.stm32cube.ide.mcu.externaltools.gnu-tools-for-stm32.13.3.rel1.win32_1.0.0.202411081344/tools/bin/../lib/gcc/arm-none-eabi/13.3.1/thumb/v7e-m+fp/hard/crtbegin.o

.data           0x20000000      0x10c load address 0x0800a2b0
                0x20000000                        . = ALIGN (0x4)
                0x20000000                        _sdata = .
 *(.data)
 *(.data*)
 .data.SystemCoreClock
                0x20000000        0x4 ./Core/Src/system_stm32l4xx.o
                0x20000000                SystemCoreClock
 .data.uwTickPrio
                0x20000004        0x4 ./Drivers/STM32L4xx_HAL_Driver/Src/stm32l4xx_hal.o
                0x20000004                uwTickPrio
 .data.uwTickFreq
                0x20000008        0x1 ./Drivers/STM32L4xx_HAL_Driver/Src/stm32l4xx_hal.o
                0x20000008                uwTickFreq
 *fill*         0x20000009        0x3 
 .data.USBD_MSC
                0x2000000c       0x38 ./Middlewares/ST/STM32_USB_Device_Library/Class/MSC/Src/usbd_msc.o
                0x2000000c                USBD_MSC
 .data.USBD_MSC_CfgDesc
                0x20000044       0x20 ./Middlewares/ST/STM32_USB_Device_Library/Class/MSC/Src/usbd_msc.o
 .data.USBD_MSC_DeviceQualifierDesc
                0x20000064        0xa ./Middlewares/ST/STM32_USB_Device_Library/Class/MSC/Src/usbd_msc.o
 .data.MSCInEpAdd
                0x2000006e        0x1 ./Middlewares/ST/STM32_USB_Device_Library/Class/MSC/Src/usbd_msc.o
                0x2000006e                MSCInEpAdd
 .data.MSCOutEpAdd
                0x2000006f        0x1 ./Middlewares/ST/STM32_USB_Device_Library/Class/MSC/Src/usbd_msc.o
                0x2000006f                MSCOutEpAdd
 .data.MSC_Page00_Inquiry_Data
                0x20000070        0x6 ./Middlewares/ST/STM32_USB_Device_Library/Class/MSC/Src/usbd_msc_data.o
                0x20000070                MSC_Page00_Inquiry_Data
 *fill*         0x20000076        0x2 
 .data.MSC_Page80_Inquiry_Data
                0x20000078        0x8 ./Middlewares/ST/STM32_USB_Device_Library/Class/MSC/Src/usbd_msc_data.o
                0x20000078                MSC_Page80_Inquiry_Data
 .data.MSC_Mode_Sense6_data
                0x20000080        0x4 ./Middlewares/ST/STM32_USB_Device_Library/Class/MSC/Src/usbd_msc_data.o
                0x20000080                MSC_Mode_Sense6_data
 .data.MSC_Mode_Sense10_data
                0x20000084        0x8 ./Middlewares/ST/STM32_USB_Device_Library/Class/MSC/Src/usbd_msc_data.o
                0x20000084                MSC_Mode_Sense10_data
 .data.FS_Desc  0x2000008c       0x20 ./USB_DEVICE/App/usbd_desc.o
                0x2000008c                FS_Desc
 .data.USBD_FS_DeviceDesc
                0x200000ac       0x12 ./USB_DEVICE/App/usbd_desc.o
                0x200000ac                USBD_FS_DeviceDesc
 *fill*         0x200000be        0x2 
 .data.USBD_FS_BOSDesc
                0x200000c0        0xc ./USB_DEVICE/App/usbd_desc.o
                0x200000c0                USBD_FS_BOSDesc
 .data.USBD_LangIDDesc
                0x200000cc        0x4 ./USB_DEVICE/App/usbd_desc.o
                0x200000cc                USBD_LangIDDesc
 .data.USBD_StringSerial
                0x200000d0       0x1a ./USB_DEVICE/App/usbd_desc.o
                0x200000d0                USBD_StringSerial
 *fill*         0x200000ea        0x2 
 .data.USBD_Storage_Interface_fops_FS
                0x200000ec       0x20 ./USB_DEVICE/App/usbd_storage_if.o
                0x200000ec                USBD_Storage_Interface_fops_FS
 *(.RamFunc)
 *(.RamFunc*)
                0x2000010c                        . = ALIGN (0x4)
                0x2000010c                        _edata = .

.igot.plt       0x2000010c        0x0 load address 0x0800a3bc
 .igot.plt      0x2000010c        0x0 C:/ST/STM32CubeIDE_1.19.0/STM32CubeIDE/plugins/com.st.stm32cube.ide.mcu.externaltools.gnu-tools-for-stm32.13.3.rel1.win32_1.0.0.202411081344/tools/bin/../lib/gcc/arm-none-eabi/13.3.1/thumb/v7e-m+fp/hard/crtbegin.o
                0x2000010c                        . = ALIGN (0x4)

.bss            0x2000010c     0x8af0 load address 0x0800a3bc
                0x2000010c                        _sbss = .
                0x2000010c                        __bss_start__ = _sbss
 *(.bss)
 .bss           0x2000010c       0x1c C:/ST/STM32CubeIDE_1.19.0/STM32CubeIDE/plugins/com.st.stm32cube.ide.mcu.externaltools.gnu-tools-for-stm32.13.3.rel1.win32_1.0.0.202411081344/tools/bin/../lib/gcc/arm-none-eabi/13.3.1/thumb/v7e-m+fp/hard/crtbegin.o
 *(.bss*)
 .bss.hspi1     0x20000128       0x64 ./Core/Src/main.o
                0x20000128                hspi1
 .bss.before    0x2000018c        0x1 ./Core/Src/main.o
                0x2000018c                before
 *fill*         0x2000018d        0x3 
 .bss.uwTick    0x20000190        0x4 ./Drivers/STM32L4xx_HAL_Driver/Src/stm32l4xx_hal.o
                0x20000190                uwTick
 .bss.MSC_Diagnostic_Data
                0x20000194        0x8 ./Middlewares/ST/STM32_USB_Device_Library/Class/MSC/Src/usbd_msc_data.o
                0x20000194                MSC_Diagnostic_Data
 .bss.lun_report.0
                0x2000019c       0x18 ./Middlewares/ST/STM32_USB_Device_Library/Class/MSC/Src/usbd_msc_scsi.o
 .bss.cfgidx.0  0x200001b4        0x1 ./Middlewares/ST/STM32_USB_Device_Library/Core/Src/usbd_ctlreq.o
 *fill*         0x200001b5        0x3 
 .bss.hUsbDeviceFS
                0x200001b8      0x2dc ./USB_DEVICE/App/usb_device.o
                0x200001b8                hUsbDeviceFS
 .bss.USBD_StrDesc
                0x20000494      0x200 ./USB_DEVICE/App/usbd_desc.o
                0x20000494                USBD_StrDesc
 .bss.ram_disk  0x20000694     0x8000 ./USB_DEVICE/App/usbd_storage_if.o
                0x20000694                ram_disk
 .bss.hpcd_USB_FS
                0x20008694      0x2e0 ./USB_DEVICE/Target/usbd_conf.o
                0x20008694                hpcd_USB_FS
 .bss.mem.0     0x20008974      0x288 ./USB_DEVICE/Target/usbd_conf.o
 *(COMMON)
                0x20008bfc                        . = ALIGN (0x4)
                0x20008bfc                        _ebss = .
                0x20008bfc                        __bss_end__ = _ebss

._user_heap_stack
                0x20008bfc      0x604 load address 0x0800a3bc
                0x20008c00                        . = ALIGN (0x8)
 *fill*         0x20008bfc        0x4 
                [!provide]                        PROVIDE (end = .)
                0x20008c00                        PROVIDE (_end = .)
                0x20008e00                        . = (. + _Min_Heap_Size)
 *fill*         0x20008c00      0x200 
                0x20009200                        . = (. + _Min_Stack_Size)
 *fill*         0x20008e00      0x400 
                0x20009200                        . = ALIGN (0x8)

/DISCARD/
 libc.a(*)
 libm.a(*)
 libgcc.a(*)

.ARM.attributes
                0x00000000       0x30
 *(.ARM.attributes)
 .ARM.attributes
                0x00000000       0x22 C:/ST/STM32CubeIDE_1.19.0/STM32CubeIDE/plugins/com.st.stm32cube.ide.mcu.externaltools.gnu-tools-for-stm32.13.3.rel1.win32_1.0.0.202411081344/tools/bin/../lib/gcc/arm-none-eabi/13.3.1/thumb/v7e-m+fp/hard/crti.o
 .ARM.attributes
                0x00000022       0x34 C:/ST/STM32CubeIDE_1.19.0/STM32CubeIDE/plugins/com.st.stm32cube.ide.mcu.externaltools.gnu-tools-for-stm32.13.3.rel1.win32_1.0.0.202411081344/tools/bin/../lib/gcc/arm-none-eabi/13.3.1/thumb/v7e-m+fp/hard/crtbegin.o
 .ARM.attributes
                0x00000056       0x34 ./Core/Src/main.o
 .ARM.attributes
                0x0000008a       0x34 ./Core/Src/stm32l4xx_hal_msp.o
 .ARM.attributes
                0x000000be       0x34 ./Core/Src/stm32l4xx_it.o
 .ARM.attributes
                0x000000f2       0x34 ./Core/Src/system_stm32l4xx.o
 .ARM.attributes
                0x00000126       0x34 ./Core/Src/w25q128.o
 .ARM.attributes
                0x0000015a       0x21 ./Core/Startup/startup_stm32l432kcux.o
 .ARM.attributes
                0x0000017b       0x34 ./Drivers/STM32L4xx_HAL_Driver/Src/stm32l4xx_hal.o
 .ARM.attributes
                0x000001af       0x34 ./Drivers/STM32L4xx_HAL_Driver/Src/stm32l4xx_hal_cortex.o
 .ARM.attributes
                0x000001e3       0x34 ./Drivers/STM32L4xx_HAL_Driver/Src/stm32l4xx_hal_gpio.o
 .ARM.attributes
                0x00000217       0x34 ./Drivers/STM32L4xx_HAL_Driver/Src/stm32l4xx_hal_pcd.o
 .ARM.attributes
                0x0000024b       0x34 ./Drivers/STM32L4xx_HAL_Driver/Src/stm32l4xx_hal_pcd_ex.o
 .ARM.attributes
                0x0000027f       0x34 ./Drivers/STM32L4xx_HAL_Driver/Src/stm32l4xx_hal_pwr_ex.o
 .ARM.attributes
                0x000002b3       0x34 ./Drivers/STM32L4xx_HAL_Driver/Src/stm32l4xx_hal_rcc.o
 .ARM.attributes
                0x000002e7       0x34 ./Drivers/STM32L4xx_HAL_Driver/Src/stm32l4xx_hal_rcc_ex.o
 .ARM.attributes
                0x0000031b       0x34 ./Drivers/STM32L4xx_HAL_Driver/Src/stm32l4xx_hal_spi.o
 .ARM.attributes
                0x0000034f       0x34 ./Drivers/STM32L4xx_HAL_Driver/Src/stm32l4xx_ll_usb.o
 .ARM.attributes
                0x00000383       0x34 ./Middlewares/ST/STM32_USB_Device_Library/Class/MSC/Src/usbd_msc.o
 .ARM.attributes
                0x000003b7       0x34 ./Middlewares/ST/STM32_USB_Device_Library/Class/MSC/Src/usbd_msc_bot.o
 .ARM.attributes
                0x000003eb       0x34 ./Middlewares/ST/STM32_USB_Device_Library/Class/MSC/Src/usbd_msc_data.o
 .ARM.attributes
                0x0000041f       0x34 ./Middlewares/ST/STM32_USB_Device_Library/Class/MSC/Src/usbd_msc_scsi.o
 .ARM.attributes
                0x00000453       0x34 ./Middlewares/ST/STM32_USB_Device_Library/Core/Src/usbd_core.o
 .ARM.attributes
                0x00000487       0x34 ./Middlewares/ST/STM32_USB_Device_Library/Core/Src/usbd_ctlreq.o
 .ARM.attributes
                0x000004bb       0x34 ./Middlewares/ST/STM32_USB_Device_Library/Core/Src/usbd_ioreq.o
 .ARM.attributes
                0x000004ef       0x34 ./USB_DEVICE/App/usb_device.o
 .ARM.attributes
                0x00000523       0x34 ./USB_DEVICE/App/usbd_desc.o
 .ARM.attributes
                0x00000557       0x34 ./USB_DEVICE/App/usbd_storage_if.o
 .ARM.attributes
                0x0000058b       0x34 ./USB_DEVICE/Target/usbd_conf.o
 .ARM.attributes
                0x000005bf       0x34 C:/ST/STM32CubeIDE_1.19.0/STM32CubeIDE/plugins/com.st.stm32cube.ide.mcu.externaltools.gnu-tools-for-stm32.13.3.rel1.win32_1.0.0.202411081344/tools/bin/../lib/gcc/arm-none-eabi/13.3.1/../../../../arm-none-eabi/lib/thumb/v7e-m+fp/hard\libc_nano.a(libc_a-memset.o)
 .ARM.attributes
                0x000005f3       0x34 C:/ST/STM32CubeIDE_1.19.0/STM32CubeIDE/plugins/com.st.stm32cube.ide.mcu.externaltools.gnu-tools-for-stm32.13.3.rel1.win32_1.0.0.202411081344/tools/bin/../lib/gcc/arm-none-eabi/13.3.1/../../../../arm-none-eabi/lib/thumb/v7e-m+fp/hard\libc_nano.a(libc_a-init.o)
 .ARM.attributes
                0x00000627       0x34 C:/ST/STM32CubeIDE_1.19.0/STM32CubeIDE/plugins/com.st.stm32cube.ide.mcu.externaltools.gnu-tools-for-stm32.13.3.rel1.win32_1.0.0.202411081344/tools/bin/../lib/gcc/arm-none-eabi/13.3.1/../../../../arm-none-eabi/lib/thumb/v7e-m+fp/hard\libc_nano.a(libc_a-memcpy-stub.o)
 .ARM.attributes
                0x0000065b       0x22 C:/ST/STM32CubeIDE_1.19.0/STM32CubeIDE/plugins/com.st.stm32cube.ide.mcu.externaltools.gnu-tools-for-stm32.13.3.rel1.win32_1.0.0.202411081344/tools/bin/../lib/gcc/arm-none-eabi/13.3.1/thumb/v7e-m+fp/hard/crtn.o
OUTPUT(mic.elf elf32-littlearm)
LOAD linker stubs
LOAD C:/ST/STM32CubeIDE_1.19.0/STM32CubeIDE/plugins/com.st.stm32cube.ide.mcu.externaltools.gnu-tools-for-stm32.13.3.rel1.win32_1.0.0.202411081344/tools/bin/../lib/gcc/arm-none-eabi/13.3.1/../../../../arm-none-eabi/lib/thumb/v7e-m+fp/hard\libc.a
LOAD C:/ST/STM32CubeIDE_1.19.0/STM32CubeIDE/plugins/com.st.stm32cube.ide.mcu.externaltools.gnu-tools-for-stm32.13.3.rel1.win32_1.0.0.202411081344/tools/bin/../lib/gcc/arm-none-eabi/13.3.1/../../../../arm-none-eabi/lib/thumb/v7e-m+fp/hard\libm.a
LOAD C:/ST/STM32CubeIDE_1.19.0/STM32CubeIDE/plugins/com.st.stm32cube.ide.mcu.externaltools.gnu-tools-for-stm32.13.3.rel1.win32_1.0.0.202411081344/tools/bin/../lib/gcc/arm-none-eabi/13.3.1/thumb/v7e-m+fp/hard\libgcc.a

.debug_info     0x00000000    0x13930
 .debug_info    0x00000000      0xc06 ./Core/Src/main.o
 .debug_info    0x00000c06      0x980 ./Core/Src/stm32l4xx_hal_msp.o
 .debug_info    0x00001586      0x678 ./Core/Src/stm32l4xx_it.o
 .debug_info    0x00001bfe      0x5f0 ./Core/Src/system_stm32l4xx.o
 .debug_info    0x000021ee      0x83e ./Core/Src/w25q128.o
 .debug_info    0x00002a2c       0x30 ./Core/Startup/startup_stm32l432kcux.o
 .debug_info    0x00002a5c      0x9e0 ./Drivers/STM32L4xx_HAL_Driver/Src/stm32l4xx_hal.o
 .debug_info    0x0000343c      0xd2f ./Drivers/STM32L4xx_HAL_Driver/Src/stm32l4xx_hal_cortex.o
 .debug_info    0x0000416b      0x79f ./Drivers/STM32L4xx_HAL_Driver/Src/stm32l4xx_hal_gpio.o
 .debug_info    0x0000490a     0x1727 ./Drivers/STM32L4xx_HAL_Driver/Src/stm32l4xx_hal_pcd.o
 .debug_info    0x00006031      0x861 ./Drivers/STM32L4xx_HAL_Driver/Src/stm32l4xx_hal_pcd_ex.o
 .debug_info    0x00006892      0x94c ./Drivers/STM32L4xx_HAL_Driver/Src/stm32l4xx_hal_pwr_ex.o
 .debug_info    0x000071de      0xbf4 ./Drivers/STM32L4xx_HAL_Driver/Src/stm32l4xx_hal_rcc.o
 .debug_info    0x00007dd2      0xf2c ./Drivers/STM32L4xx_HAL_Driver/Src/stm32l4xx_hal_rcc_ex.o
 .debug_info    0x00008cfe     0x1572 ./Drivers/STM32L4xx_HAL_Driver/Src/stm32l4xx_hal_spi.o
 .debug_info    0x0000a270     0x1716 ./Drivers/STM32L4xx_HAL_Driver/Src/stm32l4xx_ll_usb.o
 .debug_info    0x0000b986      0xe4a ./Middlewares/ST/STM32_USB_Device_Library/Class/MSC/Src/usbd_msc.o
 .debug_info    0x0000c7d0      0xce2 ./Middlewares/ST/STM32_USB_Device_Library/Class/MSC/Src/usbd_msc_bot.o
 .debug_info    0x0000d4b2      0x159 ./Middlewares/ST/STM32_USB_Device_Library/Class/MSC/Src/usbd_msc_data.o
 .debug_info    0x0000d60b     0x141f ./Middlewares/ST/STM32_USB_Device_Library/Class/MSC/Src/usbd_msc_scsi.o
 .debug_info    0x0000ea2a      0xe4b ./Middlewares/ST/STM32_USB_Device_Library/Core/Src/usbd_core.o
 .debug_info    0x0000f875      0xb24 ./Middlewares/ST/STM32_USB_Device_Library/Core/Src/usbd_ctlreq.o
 .debug_info    0x00010399      0x79b ./Middlewares/ST/STM32_USB_Device_Library/Core/Src/usbd_ioreq.o
 .debug_info    0x00010b34      0x784 ./USB_DEVICE/App/usb_device.o
 .debug_info    0x000112b8      0x4e6 ./USB_DEVICE/App/usbd_desc.o
 .debug_info    0x0001179e      0x446 ./USB_DEVICE/App/usbd_storage_if.o
 .debug_info    0x00011be4     0x1d4c ./USB_DEVICE/Target/usbd_conf.o

.debug_abbrev   0x00000000     0x39e3
 .debug_abbrev  0x00000000      0x264 ./Core/Src/main.o
 .debug_abbrev  0x00000264      0x1ac ./Core/Src/stm32l4xx_hal_msp.o
 .debug_abbrev  0x00000410      0x1aa ./Core/Src/stm32l4xx_it.o
 .debug_abbrev  0x000005ba      0x117 ./Core/Src/system_stm32l4xx.o
 .debug_abbrev  0x000006d1      0x208 ./Core/Src/w25q128.o
 .debug_abbrev  0x000008d9       0x24 ./Core/Startup/startup_stm32l432kcux.o
 .debug_abbrev  0x000008fd      0x226 ./Drivers/STM32L4xx_HAL_Driver/Src/stm32l4xx_hal.o
 .debug_abbrev  0x00000b23      0x31c ./Drivers/STM32L4xx_HAL_Driver/Src/stm32l4xx_hal_cortex.o
 .debug_abbrev  0x00000e3f      0x1d1 ./Drivers/STM32L4xx_HAL_Driver/Src/stm32l4xx_hal_gpio.o
 .debug_abbrev  0x00001010      0x2f9 ./Drivers/STM32L4xx_HAL_Driver/Src/stm32l4xx_hal_pcd.o
 .debug_abbrev  0x00001309      0x200 ./Drivers/STM32L4xx_HAL_Driver/Src/stm32l4xx_hal_pcd_ex.o
 .debug_abbrev  0x00001509      0x1f9 ./Drivers/STM32L4xx_HAL_Driver/Src/stm32l4xx_hal_pwr_ex.o
 .debug_abbrev  0x00001702      0x2dc ./Drivers/STM32L4xx_HAL_Driver/Src/stm32l4xx_hal_rcc.o
 .debug_abbrev  0x000019de      0x2a0 ./Drivers/STM32L4xx_HAL_Driver/Src/stm32l4xx_hal_rcc_ex.o
 .debug_abbrev  0x00001c7e      0x282 ./Drivers/STM32L4xx_HAL_Driver/Src/stm32l4xx_hal_spi.o
 .debug_abbrev  0x00001f00      0x1ef ./Drivers/STM32L4xx_HAL_Driver/Src/stm32l4xx_ll_usb.o
 .debug_abbrev  0x000020ef      0x31d ./Middlewares/ST/STM32_USB_Device_Library/Class/MSC/Src/usbd_msc.o
 .debug_abbrev  0x0000240c      0x2e1 ./Middlewares/ST/STM32_USB_Device_Library/Class/MSC/Src/usbd_msc_bot.o
 .debug_abbrev  0x000026ed       0x87 ./Middlewares/ST/STM32_USB_Device_Library/Class/MSC/Src/usbd_msc_data.o
 .debug_abbrev  0x00002774      0x318 ./Middlewares/ST/STM32_USB_Device_Library/Class/MSC/Src/usbd_msc_scsi.o
 .debug_abbrev  0x00002a8c      0x294 ./Middlewares/ST/STM32_USB_Device_Library/Core/Src/usbd_core.o
 .debug_abbrev  0x00002d20      0x276 ./Middlewares/ST/STM32_USB_Device_Library/Core/Src/usbd_ctlreq.o
 .debug_abbrev  0x00002f96      0x1b2 ./Middlewares/ST/STM32_USB_Device_Library/Core/Src/usbd_ioreq.o
 .debug_abbrev  0x00003148      0x1ac ./USB_DEVICE/App/usb_device.o
 .debug_abbrev  0x000032f4      0x1fb ./USB_DEVICE/App/usbd_desc.o
 .debug_abbrev  0x000034ef      0x1bd ./USB_DEVICE/App/usbd_storage_if.o
 .debug_abbrev  0x000036ac      0x337 ./USB_DEVICE/Target/usbd_conf.o

.debug_aranges  0x00000000     0x1068
 .debug_aranges
                0x00000000       0x40 ./Core/Src/main.o
 .debug_aranges
                0x00000040       0x30 ./Core/Src/stm32l4xx_hal_msp.o
 .debug_aranges
                0x00000070       0x68 ./Core/Src/stm32l4xx_it.o
 .debug_aranges
                0x000000d8       0x28 ./Core/Src/system_stm32l4xx.o
 .debug_aranges
                0x00000100       0x50 ./Core/Src/w25q128.o
 .debug_aranges
                0x00000150       0x28 ./Core/Startup/startup_stm32l432kcux.o
 .debug_aranges
                0x00000178      0x108 ./Drivers/STM32L4xx_HAL_Driver/Src/stm32l4xx_hal.o
 .debug_aranges
                0x00000280      0x128 ./Drivers/STM32L4xx_HAL_Driver/Src/stm32l4xx_hal_cortex.o
 .debug_aranges
                0x000003a8       0x58 ./Drivers/STM32L4xx_HAL_Driver/Src/stm32l4xx_hal_gpio.o
 .debug_aranges
                0x00000400      0x138 ./Drivers/STM32L4xx_HAL_Driver/Src/stm32l4xx_hal_pcd.o
 .debug_aranges
                0x00000538       0x58 ./Drivers/STM32L4xx_HAL_Driver/Src/stm32l4xx_hal_pcd_ex.o
 .debug_aranges
                0x00000590      0x128 ./Drivers/STM32L4xx_HAL_Driver/Src/stm32l4xx_hal_pwr_ex.o
 .debug_aranges
                0x000006b8       0x90 ./Drivers/STM32L4xx_HAL_Driver/Src/stm32l4xx_hal_rcc.o
 .debug_aranges
                0x00000748       0xf0 ./Drivers/STM32L4xx_HAL_Driver/Src/stm32l4xx_hal_rcc_ex.o
 .debug_aranges
                0x00000838      0x1d8 ./Drivers/STM32L4xx_HAL_Driver/Src/stm32l4xx_hal_spi.o
 .debug_aranges
                0x00000a10       0xf8 ./Drivers/STM32L4xx_HAL_Driver/Src/stm32l4xx_ll_usb.o
 .debug_aranges
                0x00000b08       0x68 ./Middlewares/ST/STM32_USB_Device_Library/Class/MSC/Src/usbd_msc.o
 .debug_aranges
                0x00000b70       0x68 ./Middlewares/ST/STM32_USB_Device_Library/Class/MSC/Src/usbd_msc_bot.o
 .debug_aranges
                0x00000bd8       0x18 ./Middlewares/ST/STM32_USB_Device_Library/Class/MSC/Src/usbd_msc_data.o
 .debug_aranges
                0x00000bf0       0xd0 ./Middlewares/ST/STM32_USB_Device_Library/Class/MSC/Src/usbd_msc_scsi.o
 .debug_aranges
                0x00000cc0       0xd8 ./Middlewares/ST/STM32_USB_Device_Library/Core/Src/usbd_core.o
 .debug_aranges
                0x00000d98       0x90 ./Middlewares/ST/STM32_USB_Device_Library/Core/Src/usbd_ctlreq.o
 .debug_aranges
                0x00000e28       0x50 ./Middlewares/ST/STM32_USB_Device_Library/Core/Src/usbd_ioreq.o
 .debug_aranges
                0x00000e78       0x20 ./USB_DEVICE/App/usb_device.o
 .debug_aranges
                0x00000e98       0x68 ./USB_DEVICE/App/usbd_desc.o
 .debug_aranges
                0x00000f00       0x50 ./USB_DEVICE/App/usbd_storage_if.o
 .debug_aranges
                0x00000f50      0x118 ./USB_DEVICE/Target/usbd_conf.o

.debug_rnglists
                0x00000000      0xc2a
 .debug_rnglists
                0x00000000       0x2c ./Core/Src/main.o
 .debug_rnglists
                0x0000002c       0x20 ./Core/Src/stm32l4xx_hal_msp.o
 .debug_rnglists
                0x0000004c       0x49 ./Core/Src/stm32l4xx_it.o
 .debug_rnglists
                0x00000095       0x1a ./Core/Src/system_stm32l4xx.o
 .debug_rnglists
                0x000000af       0x37 ./Core/Src/w25q128.o
 .debug_rnglists
                0x000000e6       0x19 ./Core/Startup/startup_stm32l432kcux.o
 .debug_rnglists
                0x000000ff       0xc1 ./Drivers/STM32L4xx_HAL_Driver/Src/stm32l4xx_hal.o
 .debug_rnglists
                0x000001c0       0xda ./Drivers/STM32L4xx_HAL_Driver/Src/stm32l4xx_hal_cortex.o
 .debug_rnglists
                0x0000029a       0x3f ./Drivers/STM32L4xx_HAL_Driver/Src/stm32l4xx_hal_gpio.o
 .debug_rnglists
                0x000002d9       0xee ./Drivers/STM32L4xx_HAL_Driver/Src/stm32l4xx_hal_pcd.o
 .debug_rnglists
                0x000003c7       0x3f ./Drivers/STM32L4xx_HAL_Driver/Src/stm32l4xx_hal_pcd_ex.o
 .debug_rnglists
                0x00000406       0xdf ./Drivers/STM32L4xx_HAL_Driver/Src/stm32l4xx_hal_pwr_ex.o
 .debug_rnglists
                0x000004e5       0x6d ./Drivers/STM32L4xx_HAL_Driver/Src/stm32l4xx_hal_rcc.o
 .debug_rnglists
                0x00000552       0xba ./Drivers/STM32L4xx_HAL_Driver/Src/stm32l4xx_hal_rcc_ex.o
 .debug_rnglists
                0x0000060c      0x178 ./Drivers/STM32L4xx_HAL_Driver/Src/stm32l4xx_hal_spi.o
 .debug_rnglists
                0x00000784       0xbd ./Drivers/STM32L4xx_HAL_Driver/Src/stm32l4xx_ll_usb.o
 .debug_rnglists
                0x00000841       0x4c ./Middlewares/ST/STM32_USB_Device_Library/Class/MSC/Src/usbd_msc.o
 .debug_rnglists
                0x0000088d       0x4c ./Middlewares/ST/STM32_USB_Device_Library/Class/MSC/Src/usbd_msc_bot.o
 .debug_rnglists
                0x000008d9       0xaa ./Middlewares/ST/STM32_USB_Device_Library/Class/MSC/Src/usbd_msc_scsi.o
 .debug_rnglists
                0x00000983       0xa1 ./Middlewares/ST/STM32_USB_Device_Library/Core/Src/usbd_core.o
 .debug_rnglists
                0x00000a24       0x6e ./Middlewares/ST/STM32_USB_Device_Library/Core/Src/usbd_ctlreq.o
 .debug_rnglists
                0x00000a92       0x37 ./Middlewares/ST/STM32_USB_Device_Library/Core/Src/usbd_ioreq.o
 .debug_rnglists
                0x00000ac9       0x13 ./USB_DEVICE/App/usb_device.o
 .debug_rnglists
                0x00000adc       0x49 ./USB_DEVICE/App/usbd_desc.o
 .debug_rnglists
                0x00000b25       0x37 ./USB_DEVICE/App/usbd_storage_if.o
 .debug_rnglists
                0x00000b5c       0xce ./USB_DEVICE/Target/usbd_conf.o

.debug_macro    0x00000000    0x2368d
 .debug_macro   0x00000000      0x36a ./Core/Src/main.o
 .debug_macro   0x0000036a      0xad8 ./Core/Src/main.o
 .debug_macro   0x00000e42      0x1a7 ./Core/Src/main.o
 .debug_macro   0x00000fe9       0x2e ./Core/Src/main.o
 .debug_macro   0x00001017       0x28 ./Core/Src/main.o
 .debug_macro   0x0000103f       0x22 ./Core/Src/main.o
 .debug_macro   0x00001061       0x8e ./Core/Src/main.o
 .debug_macro   0x000010ef       0x51 ./Core/Src/main.o
 .debug_macro   0x00001140      0x103 ./Core/Src/main.o
 .debug_macro   0x00001243       0x6a ./Core/Src/main.o
 .debug_macro   0x000012ad      0x1df ./Core/Src/main.o
 .debug_macro   0x0000148c       0x1c ./Core/Src/main.o
 .debug_macro   0x000014a8       0x22 ./Core/Src/main.o
 .debug_macro   0x000014ca       0xfb ./Core/Src/main.o
 .debug_macro   0x000015c5     0x1011 ./Core/Src/main.o
 .debug_macro   0x000025d6      0x11f ./Core/Src/main.o
 .debug_macro   0x000026f5    0x147a6 ./Core/Src/main.o
 .debug_macro   0x00016e9b       0x6d ./Core/Src/main.o
 .debug_macro   0x00016f08     0x38fb ./Core/Src/main.o
 .debug_macro   0x0001a803      0x190 ./Core/Src/main.o
 .debug_macro   0x0001a993       0x5c ./Core/Src/main.o
 .debug_macro   0x0001a9ef     0x11ca ./Core/Src/main.o
 .debug_macro   0x0001bbb9      0x53c ./Core/Src/main.o
 .debug_macro   0x0001c0f5      0x1b9 ./Core/Src/main.o
 .debug_macro   0x0001c2ae      0x122 ./Core/Src/main.o
 .debug_macro   0x0001c3d0      0x2c4 ./Core/Src/main.o
 .debug_macro   0x0001c694      0x27a ./Core/Src/main.o
 .debug_macro   0x0001c90e      0x23d ./Core/Src/main.o
 .debug_macro   0x0001cb4b      0x241 ./Core/Src/main.o
 .debug_macro   0x0001cd8c      0x375 ./Core/Src/main.o
 .debug_macro   0x0001d101       0xd6 ./Core/Src/main.o
 .debug_macro   0x0001d1d7       0xb7 ./Core/Src/main.o
 .debug_macro   0x0001d28e      0x22d ./Core/Src/main.o
 .debug_macro   0x0001d4bb      0x122 ./Core/Src/main.o
 .debug_macro   0x0001d5dd      0x356 ./Core/Src/main.o
 .debug_macro   0x0001d933      0x2fe ./Core/Src/main.o
 .debug_macro   0x0001dc31      0x220 ./Core/Src/main.o
 .debug_macro   0x0001de51       0x10 ./Core/Src/main.o
 .debug_macro   0x0001de61       0x61 ./Core/Src/main.o
 .debug_macro   0x0001dec2       0x2a ./Core/Src/main.o
 .debug_macro   0x0001deec       0x43 ./Core/Src/main.o
 .debug_macro   0x0001df2f       0x34 ./Core/Src/main.o
 .debug_macro   0x0001df63       0x16 ./Core/Src/main.o
 .debug_macro   0x0001df79       0x3c ./Core/Src/main.o
 .debug_macro   0x0001dfb5      0x370 ./Core/Src/main.o
 .debug_macro   0x0001e325       0x10 ./Core/Src/main.o
 .debug_macro   0x0001e335       0x16 ./Core/Src/main.o
 .debug_macro   0x0001e34b       0x4a ./Core/Src/main.o
 .debug_macro   0x0001e395       0x34 ./Core/Src/main.o
 .debug_macro   0x0001e3c9       0x10 ./Core/Src/main.o
 .debug_macro   0x0001e3d9       0x58 ./Core/Src/main.o
 .debug_macro   0x0001e431       0x8e ./Core/Src/main.o
 .debug_macro   0x0001e4bf       0x1c ./Core/Src/main.o
 .debug_macro   0x0001e4db      0x185 ./Core/Src/main.o
 .debug_macro   0x0001e660       0x16 ./Core/Src/main.o
 .debug_macro   0x0001e676       0x16 ./Core/Src/main.o
 .debug_macro   0x0001e68c      0x146 ./Core/Src/main.o
 .debug_macro   0x0001e7d2       0x16 ./Core/Src/main.o
 .debug_macro   0x0001e7e8       0x16 ./Core/Src/main.o
 .debug_macro   0x0001e7fe       0x29 ./Core/Src/main.o
 .debug_macro   0x0001e827       0x16 ./Core/Src/main.o
 .debug_macro   0x0001e83d       0x20 ./Core/Src/main.o
 .debug_macro   0x0001e85d       0x65 ./Core/Src/main.o
 .debug_macro   0x0001e8c2      0x20f ./Core/Src/main.o
 .debug_macro   0x0001ead1       0x22 ./Core/Src/main.o
 .debug_macro   0x0001eaf3      0x1ef ./Core/Src/stm32l4xx_hal_msp.o
 .debug_macro   0x0001ece2      0x1f9 ./Core/Src/stm32l4xx_it.o
 .debug_macro   0x0001eedb      0x1e0 ./Core/Src/system_stm32l4xx.o
 .debug_macro   0x0001f0bb      0x214 ./Core/Src/w25q128.o
 .debug_macro   0x0001f2cf      0x228 ./Drivers/STM32L4xx_HAL_Driver/Src/stm32l4xx_hal.o
 .debug_macro   0x0001f4f7      0x1e0 ./Drivers/STM32L4xx_HAL_Driver/Src/stm32l4xx_hal_cortex.o
 .debug_macro   0x0001f6d7      0x1e7 ./Drivers/STM32L4xx_HAL_Driver/Src/stm32l4xx_hal_gpio.o
 .debug_macro   0x0001f8be      0x1ec ./Drivers/STM32L4xx_HAL_Driver/Src/stm32l4xx_hal_pcd.o
 .debug_macro   0x0001faaa      0x1e0 ./Drivers/STM32L4xx_HAL_Driver/Src/stm32l4xx_hal_pcd_ex.o
 .debug_macro   0x0001fc8a      0x204 ./Drivers/STM32L4xx_HAL_Driver/Src/stm32l4xx_hal_pwr_ex.o
 .debug_macro   0x0001fe8e      0x222 ./Drivers/STM32L4xx_HAL_Driver/Src/stm32l4xx_hal_rcc.o
 .debug_macro   0x000200b0      0x216 ./Drivers/STM32L4xx_HAL_Driver/Src/stm32l4xx_hal_rcc_ex.o
 .debug_macro   0x000202c6      0x1e8 ./Drivers/STM32L4xx_HAL_Driver/Src/stm32l4xx_hal_spi.o
 .debug_macro   0x000204ae      0x1e0 ./Drivers/STM32L4xx_HAL_Driver/Src/stm32l4xx_ll_usb.o
 .debug_macro   0x0002068e      0x39a ./Middlewares/ST/STM32_USB_Device_Library/Class/MSC/Src/usbd_msc.o
 .debug_macro   0x00020a28       0x9e ./Middlewares/ST/STM32_USB_Device_Library/Class/MSC/Src/usbd_msc.o
 .debug_macro   0x00020ac6      0x112 ./Middlewares/ST/STM32_USB_Device_Library/Class/MSC/Src/usbd_msc.o
 .debug_macro   0x00020bd8       0x56 ./Middlewares/ST/STM32_USB_Device_Library/Class/MSC/Src/usbd_msc.o
 .debug_macro   0x00020c2e      0x215 ./Middlewares/ST/STM32_USB_Device_Library/Class/MSC/Src/usbd_msc.o
 .debug_macro   0x00020e43       0x7c ./Middlewares/ST/STM32_USB_Device_Library/Class/MSC/Src/usbd_msc.o
 .debug_macro   0x00020ebf      0x16c ./Middlewares/ST/STM32_USB_Device_Library/Class/MSC/Src/usbd_msc.o
 .debug_macro   0x0002102b       0x3a ./Middlewares/ST/STM32_USB_Device_Library/Class/MSC/Src/usbd_msc.o
 .debug_macro   0x00021065      0x3a2 ./Middlewares/ST/STM32_USB_Device_Library/Class/MSC/Src/usbd_msc_bot.o
 .debug_macro   0x00021407      0x343 ./Middlewares/ST/STM32_USB_Device_Library/Class/MSC/Src/usbd_msc_data.o
 .debug_macro   0x0002174a       0x2e ./Middlewares/ST/STM32_USB_Device_Library/Class/MSC/Src/usbd_msc_data.o
 .debug_macro   0x00021778      0x3ab ./Middlewares/ST/STM32_USB_Device_Library/Class/MSC/Src/usbd_msc_scsi.o
 .debug_macro   0x00021b23       0x34 ./Middlewares/ST/STM32_USB_Device_Library/Class/MSC/Src/usbd_msc_scsi.o
 .debug_macro   0x00021b57      0x365 ./Middlewares/ST/STM32_USB_Device_Library/Core/Src/usbd_core.o
 .debug_macro   0x00021ebc      0x36f ./Middlewares/ST/STM32_USB_Device_Library/Core/Src/usbd_ctlreq.o
 .debug_macro   0x0002222b      0x36b ./Middlewares/ST/STM32_USB_Device_Library/Core/Src/usbd_ioreq.o
 .debug_macro   0x00022596      0x3b1 ./USB_DEVICE/App/usb_device.o
 .debug_macro   0x00022947       0x16 ./USB_DEVICE/App/usb_device.o
 .debug_macro   0x0002295d       0x22 ./USB_DEVICE/App/usb_device.o
 .debug_macro   0x0002297f       0x82 ./USB_DEVICE/App/usb_device.o
 .debug_macro   0x00022a01      0x172 ./USB_DEVICE/App/usb_device.o
 .debug_macro   0x00022b73      0x3a8 ./USB_DEVICE/App/usbd_desc.o
 .debug_macro   0x00022f1b       0x1c ./USB_DEVICE/App/usbd_desc.o
 .debug_macro   0x00022f37      0x3c2 ./USB_DEVICE/App/usbd_storage_if.o
 .debug_macro   0x000232f9      0x394 ./USB_DEVICE/Target/usbd_conf.o

.debug_line     0x00000000    0x1638a
 .debug_line    0x00000000      0xac3 ./Core/Src/main.o
 .debug_line    0x00000ac3      0x7be ./Core/Src/stm32l4xx_hal_msp.o
 .debug_line    0x00001281      0x838 ./Core/Src/stm32l4xx_it.o
 .debug_line    0x00001ab9      0x80f ./Core/Src/system_stm32l4xx.o
 .debug_line    0x000022c8      0x889 ./Core/Src/w25q128.o
 .debug_line    0x00002b51       0x7a ./Core/Startup/startup_stm32l432kcux.o
 .debug_line    0x00002bcb      0xadc ./Drivers/STM32L4xx_HAL_Driver/Src/stm32l4xx_hal.o
 .debug_line    0x000036a7      0xd12 ./Drivers/STM32L4xx_HAL_Driver/Src/stm32l4xx_hal_cortex.o
 .debug_line    0x000043b9      0xb4e ./Drivers/STM32L4xx_HAL_Driver/Src/stm32l4xx_hal_gpio.o
 .debug_line    0x00004f07     0x1381 ./Drivers/STM32L4xx_HAL_Driver/Src/stm32l4xx_hal_pcd.o
 .debug_line    0x00006288      0x8f8 ./Drivers/STM32L4xx_HAL_Driver/Src/stm32l4xx_hal_pcd_ex.o
 .debug_line    0x00006b80      0xc60 ./Drivers/STM32L4xx_HAL_Driver/Src/stm32l4xx_hal_pwr_ex.o
 .debug_line    0x000077e0     0x111a ./Drivers/STM32L4xx_HAL_Driver/Src/stm32l4xx_hal_rcc.o
 .debug_line    0x000088fa     0x139c ./Drivers/STM32L4xx_HAL_Driver/Src/stm32l4xx_hal_rcc_ex.o
 .debug_line    0x00009c96     0x2057 ./Drivers/STM32L4xx_HAL_Driver/Src/stm32l4xx_hal_spi.o
 .debug_line    0x0000bced     0x10ba ./Drivers/STM32L4xx_HAL_Driver/Src/stm32l4xx_ll_usb.o
 .debug_line    0x0000cda7      0xd1c ./Middlewares/ST/STM32_USB_Device_Library/Class/MSC/Src/usbd_msc.o
 .debug_line    0x0000dac3      0xd48 ./Middlewares/ST/STM32_USB_Device_Library/Class/MSC/Src/usbd_msc_bot.o
 .debug_line    0x0000e80b      0x999 ./Middlewares/ST/STM32_USB_Device_Library/Class/MSC/Src/usbd_msc_data.o
 .debug_line    0x0000f1a4     0x1616 ./Middlewares/ST/STM32_USB_Device_Library/Class/MSC/Src/usbd_msc_scsi.o
 .debug_line    0x000107ba      0xf88 ./Middlewares/ST/STM32_USB_Device_Library/Core/Src/usbd_core.o
 .debug_line    0x00011742     0x1167 ./Middlewares/ST/STM32_USB_Device_Library/Core/Src/usbd_ctlreq.o
 .debug_line    0x000128a9      0xa8f ./Middlewares/ST/STM32_USB_Device_Library/Core/Src/usbd_ioreq.o
 .debug_line    0x00013338      0xa7e ./USB_DEVICE/App/usb_device.o
 .debug_line    0x00013db6      0xb19 ./USB_DEVICE/App/usbd_desc.o
 .debug_line    0x000148cf      0xae2 ./USB_DEVICE/App/usbd_storage_if.o
 .debug_line    0x000153b1      0xfd9 ./USB_DEVICE/Target/usbd_conf.o

.debug_str      0x00000000    0xc3a43
 .debug_str     0x00000000    0xc3a43 ./Core/Src/main.o
                              0xbedac (size before relaxing)
 .debug_str     0x000c3a43    0xba7c7 ./Core/Src/stm32l4xx_hal_msp.o
 .debug_str     0x000c3a43    0xba663 ./Core/Src/stm32l4xx_it.o
 .debug_str     0x000c3a43    0xba3c2 ./Core/Src/system_stm32l4xx.o
 .debug_str     0x000c3a43    0xba79d ./Core/Src/w25q128.o
 .debug_str     0x000c3a43       0x7b ./Core/Startup/startup_stm32l432kcux.o
 .debug_str     0x000c3a43    0xbad64 ./Drivers/STM32L4xx_HAL_Driver/Src/stm32l4xx_hal.o
 .debug_str     0x000c3a43    0xbab22 ./Drivers/STM32L4xx_HAL_Driver/Src/stm32l4xx_hal_cortex.o
 .debug_str     0x000c3a43    0xba548 ./Drivers/STM32L4xx_HAL_Driver/Src/stm32l4xx_hal_gpio.o
 .debug_str     0x000c3a43    0xbabb0 ./Drivers/STM32L4xx_HAL_Driver/Src/stm32l4xx_hal_pcd.o
 .debug_str     0x000c3a43    0xba780 ./Drivers/STM32L4xx_HAL_Driver/Src/stm32l4xx_hal_pcd_ex.o
 .debug_str     0x000c3a43    0xba86a ./Drivers/STM32L4xx_HAL_Driver/Src/stm32l4xx_hal_pwr_ex.o
 .debug_str     0x000c3a43    0xba9c2 ./Drivers/STM32L4xx_HAL_Driver/Src/stm32l4xx_hal_rcc.o
 .debug_str     0x000c3a43    0xbac34 ./Drivers/STM32L4xx_HAL_Driver/Src/stm32l4xx_hal_rcc_ex.o
 .debug_str     0x000c3a43    0xbabda ./Drivers/STM32L4xx_HAL_Driver/Src/stm32l4xx_hal_spi.o
 .debug_str     0x000c3a43    0xba738 ./Drivers/STM32L4xx_HAL_Driver/Src/stm32l4xx_ll_usb.o
 .debug_str     0x000c3a43    0xbf673 ./Middlewares/ST/STM32_USB_Device_Library/Class/MSC/Src/usbd_msc.o
 .debug_str     0x000c3a43    0xbf547 ./Middlewares/ST/STM32_USB_Device_Library/Class/MSC/Src/usbd_msc_bot.o
 .debug_str     0x000c3a43    0xbdd9e ./Middlewares/ST/STM32_USB_Device_Library/Class/MSC/Src/usbd_msc_data.o
 .debug_str     0x000c3a43    0xbf78c ./Middlewares/ST/STM32_USB_Device_Library/Class/MSC/Src/usbd_msc_scsi.o
 .debug_str     0x000c3a43    0xbed7c ./Middlewares/ST/STM32_USB_Device_Library/Core/Src/usbd_core.o
 .debug_str     0x000c3a43    0xbeba7 ./Middlewares/ST/STM32_USB_Device_Library/Core/Src/usbd_ctlreq.o
 .debug_str     0x000c3a43    0xbea7c ./Middlewares/ST/STM32_USB_Device_Library/Core/Src/usbd_ioreq.o
 .debug_str     0x000c3a43    0xbf371 ./USB_DEVICE/App/usb_device.o
 .debug_str     0x000c3a43    0xbe990 ./USB_DEVICE/App/usbd_desc.o
 .debug_str     0x000c3a43    0xbefb8 ./USB_DEVICE/App/usbd_storage_if.o
 .debug_str     0x000c3a43    0xc01fb ./USB_DEVICE/Target/usbd_conf.o

.comment        0x00000000       0x43
 .comment       0x00000000       0x43 ./Core/Src/main.o
                                 0x44 (size before relaxing)
 .comment       0x00000043       0x44 ./Core/Src/stm32l4xx_hal_msp.o
 .comment       0x00000043       0x44 ./Core/Src/stm32l4xx_it.o
 .comment       0x00000043       0x44 ./Core/Src/system_stm32l4xx.o
 .comment       0x00000043       0x44 ./Core/Src/w25q128.o
 .comment       0x00000043       0x44 ./Drivers/STM32L4xx_HAL_Driver/Src/stm32l4xx_hal.o
 .comment       0x00000043       0x44 ./Drivers/STM32L4xx_HAL_Driver/Src/stm32l4xx_hal_cortex.o
 .comment       0x00000043       0x44 ./Drivers/STM32L4xx_HAL_Driver/Src/stm32l4xx_hal_gpio.o
 .comment       0x00000043       0x44 ./Drivers/STM32L4xx_HAL_Driver/Src/stm32l4xx_hal_pcd.o
 .comment       0x00000043       0x44 ./Drivers/STM32L4xx_HAL_Driver/Src/stm32l4xx_hal_pcd_ex.o
 .comment       0x00000043       0x44 ./Drivers/STM32L4xx_HAL_Driver/Src/stm32l4xx_hal_pwr_ex.o
 .comment       0x00000043       0x44 ./Drivers/STM32L4xx_HAL_Driver/Src/stm32l4xx_hal_rcc.o
 .comment       0x00000043       0x44 ./Drivers/STM32L4xx_HAL_Driver/Src/stm32l4xx_hal_rcc_ex.o
 .comment       0x00000043       0x44 ./Drivers/STM32L4xx_HAL_Driver/Src/stm32l4xx_hal_spi.o
 .comment       0x00000043       0x44 ./Drivers/STM32L4xx_HAL_Driver/Src/stm32l4xx_ll_usb.o
 .comment       0x00000043       0x44 ./Middlewares/ST/STM32_USB_Device_Library/Class/MSC/Src/usbd_msc.o
 .comment       0x00000043       0x44 ./Middlewares/ST/STM32_USB_Device_Library/Class/MSC/Src/usbd_msc_bot.o
 .comment       0x00000043       0x44 ./Middlewares/ST/STM32_USB_Device_Library/Class/MSC/Src/usbd_msc_data.o
 .comment       0x00000043       0x44 ./Middlewares/ST/STM32_USB_Device_Library/Class/MSC/Src/usbd_msc_scsi.o
 .comment       0x00000043       0x44 ./Middlewares/ST/STM32_USB_Device_Library/Core/Src/usbd_core.o
 .comment       0x00000043       0x44 ./Middlewares/ST/STM32_USB_Device_Library/Core/Src/usbd_ctlreq.o
 .comment       0x00000043       0x44 ./Middlewares/ST/STM32_USB_Device_Library/Core/Src/usbd_ioreq.o
 .comment       0x00000043       0x44 ./USB_DEVICE/App/usb_device.o
 .comment       0x00000043       0x44 ./USB_DEVICE/App/usbd_desc.o
 .comment       0x00000043       0x44 ./USB_DEVICE/App/usbd_storage_if.o
 .comment       0x00000043       0x44 ./USB_DEVICE/Target/usbd_conf.o

.debug_frame    0x00000000     0x40c4
 .debug_frame   0x00000000       0xa8 ./Core/Src/main.o
 .debug_frame   0x000000a8       0x80 ./Core/Src/stm32l4xx_hal_msp.o
 .debug_frame   0x00000128      0x120 ./Core/Src/stm32l4xx_it.o
 .debug_frame   0x00000248       0x58 ./Core/Src/system_stm32l4xx.o
 .debug_frame   0x000002a0       0xf4 ./Core/Src/w25q128.o
 .debug_frame   0x00000394      0x3dc ./Drivers/STM32L4xx_HAL_Driver/Src/stm32l4xx_hal.o
 .debug_frame   0x00000770      0x4e8 ./Drivers/STM32L4xx_HAL_Driver/Src/stm32l4xx_hal_cortex.o
 .debug_frame   0x00000c58      0x14c ./Drivers/STM32L4xx_HAL_Driver/Src/stm32l4xx_hal_gpio.o
 .debug_frame   0x00000da4      0x56c ./Drivers/STM32L4xx_HAL_Driver/Src/stm32l4xx_hal_pcd.o
 .debug_frame   0x00001310      0x14c ./Drivers/STM32L4xx_HAL_Driver/Src/stm32l4xx_hal_pcd_ex.o
 .debug_frame   0x0000145c      0x4a4 ./Drivers/STM32L4xx_HAL_Driver/Src/stm32l4xx_hal_pwr_ex.o
 .debug_frame   0x00001900      0x21c ./Drivers/STM32L4xx_HAL_Driver/Src/stm32l4xx_hal_rcc.o
 .debug_frame   0x00001b1c      0x3d0 ./Drivers/STM32L4xx_HAL_Driver/Src/stm32l4xx_hal_rcc_ex.o
 .debug_frame   0x00001eec      0x860 ./Drivers/STM32L4xx_HAL_Driver/Src/stm32l4xx_hal_spi.o
 .debug_frame   0x0000274c      0x470 ./Drivers/STM32L4xx_HAL_Driver/Src/stm32l4xx_ll_usb.o
 .debug_frame   0x00002bbc      0x180 ./Middlewares/ST/STM32_USB_Device_Library/Class/MSC/Src/usbd_msc.o
 .debug_frame   0x00002d3c      0x17c ./Middlewares/ST/STM32_USB_Device_Library/Class/MSC/Src/usbd_msc_bot.o
 .debug_frame   0x00002eb8      0x364 ./Middlewares/ST/STM32_USB_Device_Library/Class/MSC/Src/usbd_msc_scsi.o
 .debug_frame   0x0000321c      0x390 ./Middlewares/ST/STM32_USB_Device_Library/Core/Src/usbd_core.o
 .debug_frame   0x000035ac      0x23c ./Middlewares/ST/STM32_USB_Device_Library/Core/Src/usbd_ctlreq.o
 .debug_frame   0x000037e8      0x10c ./Middlewares/ST/STM32_USB_Device_Library/Core/Src/usbd_ioreq.o
 .debug_frame   0x000038f4       0x2c ./USB_DEVICE/App/usb_device.o
 .debug_frame   0x00003920      0x188 ./USB_DEVICE/App/usbd_desc.o
 .debug_frame   0x00003aa8      0x114 ./USB_DEVICE/App/usbd_storage_if.o
 .debug_frame   0x00003bbc      0x494 ./USB_DEVICE/Target/usbd_conf.o
 .debug_frame   0x00004050       0x20 C:/ST/STM32CubeIDE_1.19.0/STM32CubeIDE/plugins/com.st.stm32cube.ide.mcu.externaltools.gnu-tools-for-stm32.13.3.rel1.win32_1.0.0.202411081344/tools/bin/../lib/gcc/arm-none-eabi/13.3.1/../../../../arm-none-eabi/lib/thumb/v7e-m+fp/hard\libc_nano.a(libc_a-memset.o)
 .debug_frame   0x00004070       0x2c C:/ST/STM32CubeIDE_1.19.0/STM32CubeIDE/plugins/com.st.stm32cube.ide.mcu.externaltools.gnu-tools-for-stm32.13.3.rel1.win32_1.0.0.202411081344/tools/bin/../lib/gcc/arm-none-eabi/13.3.1/../../../../arm-none-eabi/lib/thumb/v7e-m+fp/hard\libc_nano.a(libc_a-init.o)
 .debug_frame   0x0000409c       0x28 C:/ST/STM32CubeIDE_1.19.0/STM32CubeIDE/plugins/com.st.stm32cube.ide.mcu.externaltools.gnu-tools-for-stm32.13.3.rel1.win32_1.0.0.202411081344/tools/bin/../lib/gcc/arm-none-eabi/13.3.1/../../../../arm-none-eabi/lib/thumb/v7e-m+fp/hard\libc_nano.a(libc_a-memcpy-stub.o)

.debug_line_str
                0x00000000       0x5f
 .debug_line_str
                0x00000000       0x5f ./Core/Startup/startup_stm32l432kcux.o
