../Core/Src/main.c:81:5:main	568	static
../Core/Src/main.c:138:6:SystemClock_Config	96	static
../Core/Src/main.c:190:13:MX_ADC1_Init	32	static
../Core/Src/main.c:248:13:MX_SPI1_Init	8	static
../Core/Src/main.c:288:13:MX_TIM6_Init	24	static
../Core/Src/main.c:324:13:MX_DMA_Init	16	static
../Core/Src/main.c:342:13:MX_GPIO_Init	32	static
../Core/Src/main.c:374:6:HAL_ADC_ConvHalfCpltCallback	16	static
../Core/Src/main.c:383:6:HAL_ADC_ConvCpltCallback	16	static
../Core/Src/main.c:396:6:Error_Handler	4	static,ignoring_inline_asm
