../Core/Src/w25q128.c:32:13:CS_Low	8	static
../Core/Src/w25q128.c:39:13:CS_High	8	static
../Core/Src/w25q128.c:46:6:W25Q128_Init	16	static
../Core/Src/w25q128.c:67:6:W25Q128_ReadJEDEC	40	static
../Core/Src/w25q128.c:93:9:W25Q128_ReadStatus1	24	static
../Core/Src/w25q128.c:114:6:W25Q128_WriteEnable	16	static
../Core/Src/w25q128.c:128:6:W25Q128_WaitBusy	16	static
../Core/Src/w25q128.c:139:6:W25Q128_EraseSector4K	24	static
../Core/Src/w25q128.c:167:6:W25Q128_EraseBlock32K	24	static
../Core/Src/w25q128.c:191:6:W25Q128_EraseBlock64K	24	static
../Core/Src/w25q128.c:215:6:W25Q128_ChipErase	16	static
../Core/Src/w25q128.c:234:6:W25Q128_PageProgram	288	static
../Core/Src/w25q128.c:281:6:W25Q128_ReadData	32	static
../Core/Src/w25q128.c:319:6:W25Q128_Write	40	static
